ARM Linker, RVCT4.0 [Build 524] for uVision [Standard]

==============================================================================

Section Cross References

    main.o(i.main) refers to hw_config.o(i.Set_System) for Set_System
    main.o(i.main) refers to hw_config.o(i.USB_Interrupts_Config) for USB_Interrupts_Config
    main.o(i.main) refers to hw_config.o(i.Set_USBClock) for Set_USBClock
    main.o(i.main) refers to usb_init.o(i.USB_Init) for USB_Init
    main.o(i.main) refers to hw_config.o(i.JoyState) for JoyState
    main.o(i.main) refers to hw_config.o(i.Joystick_Send) for Joystick_Send
    main.o(i.main) refers to usb_pwr.o(.data) for bDeviceState
    stm32f10x_it.o(i.OTG_FS_IRQHandler) refers to usb_istr.o(i.STM32_PCD_OTG_ISR_Handler) for STM32_PCD_OTG_ISR_Handler
    stm32f10x_it.o(i.OTG_FS_WKUP_IRQHandler) refers to usb_pwr.o(i.Resume) for Resume
    hw_config.o(i.Get_SerialNum) refers to hw_config.o(i.IntToUnicode) for IntToUnicode
    hw_config.o(i.Get_SerialNum) refers to usb_desc.o(.data) for Joystick_StringSerial
    hw_config.o(i.JoyState) refers to stm32f10x_gpio.o(i.GPIO_ReadInputDataBit) for GPIO_ReadInputDataBit
    hw_config.o(i.Joystick_Send) refers to usb_sil.o(i.USB_SIL_Write) for USB_SIL_Write
    hw_config.o(i.Set_System) refers to stm32f10x_rcc.o(i.RCC_DeInit) for RCC_DeInit
    hw_config.o(i.Set_System) refers to stm32f10x_rcc.o(i.RCC_HSEConfig) for RCC_HSEConfig
    hw_config.o(i.Set_System) refers to stm32f10x_rcc.o(i.RCC_WaitForHSEStartUp) for RCC_WaitForHSEStartUp
    hw_config.o(i.Set_System) refers to stm32f10x_flash.o(i.FLASH_PrefetchBufferCmd) for FLASH_PrefetchBufferCmd
    hw_config.o(i.Set_System) refers to stm32f10x_flash.o(i.FLASH_SetLatency) for FLASH_SetLatency
    hw_config.o(i.Set_System) refers to stm32f10x_rcc.o(i.RCC_HCLKConfig) for RCC_HCLKConfig
    hw_config.o(i.Set_System) refers to stm32f10x_rcc.o(i.RCC_PCLK2Config) for RCC_PCLK2Config
    hw_config.o(i.Set_System) refers to stm32f10x_rcc.o(i.RCC_PCLK1Config) for RCC_PCLK1Config
    hw_config.o(i.Set_System) refers to stm32f10x_rcc.o(i.RCC_PREDIV2Config) for RCC_PREDIV2Config
    hw_config.o(i.Set_System) refers to stm32f10x_rcc.o(i.RCC_PLL2Config) for RCC_PLL2Config
    hw_config.o(i.Set_System) refers to stm32f10x_rcc.o(i.RCC_PLL2Cmd) for RCC_PLL2Cmd
    hw_config.o(i.Set_System) refers to stm32f10x_rcc.o(i.RCC_GetFlagStatus) for RCC_GetFlagStatus
    hw_config.o(i.Set_System) refers to stm32f10x_rcc.o(i.RCC_PREDIV1Config) for RCC_PREDIV1Config
    hw_config.o(i.Set_System) refers to stm32f10x_rcc.o(i.RCC_PLLConfig) for RCC_PLLConfig
    hw_config.o(i.Set_System) refers to stm32f10x_rcc.o(i.RCC_PLLCmd) for RCC_PLLCmd
    hw_config.o(i.Set_System) refers to stm32f10x_rcc.o(i.RCC_SYSCLKConfig) for RCC_SYSCLKConfig
    hw_config.o(i.Set_System) refers to stm32f10x_rcc.o(i.RCC_GetSYSCLKSource) for RCC_GetSYSCLKSource
    hw_config.o(i.Set_System) refers to stm32f10x_rcc.o(i.RCC_APB1PeriphClockCmd) for RCC_APB1PeriphClockCmd
    hw_config.o(i.Set_System) refers to hw_config.o(i.GPIO_AINConfig) for GPIO_AINConfig
    hw_config.o(i.Set_System) refers to stm32f10x_rcc.o(i.RCC_APB2PeriphClockCmd) for RCC_APB2PeriphClockCmd
    hw_config.o(i.Set_System) refers to stm32f10x_gpio.o(i.GPIO_Init) for GPIO_Init
    hw_config.o(i.Set_System) refers to hw_config.o(.data) for HSEStartUpStatus
    hw_config.o(i.Set_USBClock) refers to stm32f10x_rcc.o(i.RCC_OTGFSCLKConfig) for RCC_OTGFSCLKConfig
    hw_config.o(i.Set_USBClock) refers to stm32f10x_rcc.o(i.RCC_AHBPeriphClockCmd) for RCC_AHBPeriphClockCmd
    hw_config.o(i.USB_Cable_Config) refers to otgd_fs_dev.o(i.USB_DevConnect) for USB_DevConnect
    hw_config.o(i.USB_Cable_Config) refers to otgd_fs_dev.o(i.USB_DevDisconnect) for USB_DevDisconnect
    hw_config.o(i.USB_Interrupts_Config) refers to misc.o(i.NVIC_PriorityGroupConfig) for NVIC_PriorityGroupConfig
    hw_config.o(i.USB_Interrupts_Config) refers to misc.o(i.NVIC_Init) for NVIC_Init
    hw_config.o(i.USB_OTG_BSP_uDelay) refers to misc.o(i.SysTick_CLKSourceConfig) for SysTick_CLKSourceConfig
    hw_config.o(i.USB_OTG_BSP_uDelay) refers to stm32f10x_rcc.o(i.RCC_GetClocksFreq) for RCC_GetClocksFreq
    usb_istr.o(i.STM32_PCD_OTG_ISR_Handler) refers to otgd_fs_cal.o(i.USBD_FS_IsDeviceMode) for USBD_FS_IsDeviceMode
    usb_istr.o(i.STM32_PCD_OTG_ISR_Handler) refers to otgd_fs_cal.o(i.OTGD_FS_ReadCoreItr) for OTGD_FS_ReadCoreItr
    usb_istr.o(i.STM32_PCD_OTG_ISR_Handler) refers to otgd_fs_int.o(i.OTGD_FS_Handle_EarlySuspend_ISR) for OTGD_FS_Handle_EarlySuspend_ISR
    usb_istr.o(i.STM32_PCD_OTG_ISR_Handler) refers to otgd_fs_int.o(i.OTGD_FS_Handle_Wakeup_ISR) for OTGD_FS_Handle_Wakeup_ISR
    usb_istr.o(i.STM32_PCD_OTG_ISR_Handler) refers to otgd_fs_int.o(i.OTGD_FS_Handle_RxStatusQueueLevel_ISR) for OTGD_FS_Handle_RxStatusQueueLevel_ISR
    usb_istr.o(i.STM32_PCD_OTG_ISR_Handler) refers to otgd_fs_int.o(i.OTGD_FS_Handle_EnumDone_ISR) for OTGD_FS_Handle_EnumDone_ISR
[...]
    Removing stm32f10x_dma.o(i.DMA_Cmd), (24 bytes).
    Removing stm32f10x_dma.o(i.DMA_DeInit), (344 bytes).
    Removing stm32f10x_dma.o(i.DMA_GetCurrDataCounter), (8 bytes).
    Removing stm32f10x_dma.o(i.DMA_GetFlagStatus), (44 bytes).
    Removing stm32f10x_dma.o(i.DMA_GetITStatus), (44 bytes).
    Removing stm32f10x_dma.o(i.DMA_ITConfig), (18 bytes).
    Removing stm32f10x_dma.o(i.DMA_Init), (60 bytes).
    Removing stm32f10x_dma.o(i.DMA_SetCurrDataCounter), (4 bytes).
    Removing stm32f10x_dma.o(i.DMA_StructInit), (26 bytes).
    Removing stm32f10x_exti.o(i.EXTI_ClearFlag), (12 bytes).
    Removing stm32f10x_exti.o(i.EXTI_ClearITPendingBit), (12 bytes).
    Removing stm32f10x_exti.o(i.EXTI_DeInit), (44 bytes).
    Removing stm32f10x_exti.o(i.EXTI_GenerateSWInterrupt), (24 bytes).
    Removing stm32f10x_exti.o(i.EXTI_GetFlagStatus), (24 bytes).
    Removing stm32f10x_exti.o(i.EXTI_GetITStatus), (44 bytes).
    Removing stm32f10x_exti.o(i.EXTI_Init), (164 bytes).
    Removing stm32f10x_exti.o(i.EXTI_StructInit), (16 bytes).
    Removing stm32f10x_fsmc.o(i.FSMC_ClearFlag), (64 bytes).
    Removing stm32f10x_fsmc.o(i.FSMC_ClearITPendingBit), (72 bytes).
    Removing stm32f10x_fsmc.o(i.FSMC_GetECC), (28 bytes).
    Removing stm32f10x_fsmc.o(i.FSMC_GetFlagStatus), (56 bytes).
    Removing stm32f10x_fsmc.o(i.FSMC_GetITStatus), (68 bytes).
    Removing stm32f10x_fsmc.o(i.FSMC_ITConfig), (128 bytes).
    Removing stm32f10x_fsmc.o(i.FSMC_NANDCmd), (92 bytes).
    Removing stm32f10x_fsmc.o(i.FSMC_NANDDeInit), (68 bytes).
    Removing stm32f10x_fsmc.o(i.FSMC_NANDECCCmd), (92 bytes).
    Removing stm32f10x_fsmc.o(i.FSMC_NANDInit), (136 bytes).
    Removing stm32f10x_fsmc.o(i.FSMC_NANDStructInit), (54 bytes).
    Removing stm32f10x_fsmc.o(i.FSMC_NORSRAMCmd), (52 bytes).
    Removing stm32f10x_fsmc.o(i.FSMC_NORSRAMDeInit), (56 bytes).
    Removing stm32f10x_fsmc.o(i.FSMC_NORSRAMInit), (224 bytes).
    Removing stm32f10x_fsmc.o(i.FSMC_NORSRAMStructInit), (114 bytes).
    Removing stm32f10x_fsmc.o(i.FSMC_PCCARDCmd), (48 bytes).
    Removing stm32f10x_fsmc.o(i.FSMC_PCCARDDeInit), (40 bytes).
    Removing stm32f10x_fsmc.o(i.FSMC_PCCARDInit), (132 bytes).
    Removing stm32f10x_fsmc.o(i.FSMC_PCCARDStructInit), (60 bytes).
    Removing stm32f10x_i2c.o(i.I2C_ARPCmd), (24 bytes).
    Removing stm32f10x_i2c.o(i.I2C_AcknowledgeConfig), (24 bytes).
    Removing stm32f10x_i2c.o(i.I2C_CalculatePEC), (24 bytes).
    Removing stm32f10x_i2c.o(i.I2C_CheckEvent), (42 bytes).
    Removing stm32f10x_i2c.o(i.I2C_ClearFlag), (12 bytes).
    Removing stm32f10x_i2c.o(i.I2C_ClearITPendingBit), (12 bytes).
    Removing stm32f10x_i2c.o(i.I2C_Cmd), (24 bytes).
    Removing stm32f10x_i2c.o(i.I2C_DMACmd), (24 bytes).
    Removing stm32f10x_i2c.o(i.I2C_DMALastTransferCmd), (24 bytes).
    Removing stm32f10x_i2c.o(i.I2C_DeInit), (56 bytes).
    Removing stm32f10x_i2c.o(i.I2C_DualAddressCmd), (24 bytes).
    Removing stm32f10x_i2c.o(i.I2C_FastModeDutyCycleConfig), (28 bytes).
    Removing stm32f10x_i2c.o(i.I2C_GeneralCallCmd), (24 bytes).
    Removing stm32f10x_i2c.o(i.I2C_GenerateSTART), (24 bytes).
    Removing stm32f10x_i2c.o(i.I2C_GenerateSTOP), (24 bytes).
    Removing stm32f10x_i2c.o(i.I2C_GetFlagStatus), (42 bytes).
    Removing stm32f10x_i2c.o(i.I2C_GetITStatus), (38 bytes).
    Removing stm32f10x_i2c.o(i.I2C_GetLastEvent), (26 bytes).
    Removing stm32f10x_i2c.o(i.I2C_GetPEC), (8 bytes).
    Removing stm32f10x_i2c.o(i.I2C_ITConfig), (24 bytes).
    Removing stm32f10x_i2c.o(i.I2C_Init), (244 bytes).
    Removing stm32f10x_i2c.o(i.I2C_OwnAddress2Config), (20 bytes).
    Removing stm32f10x_i2c.o(i.I2C_PECPositionConfig), (28 bytes).
    Removing stm32f10x_i2c.o(i.I2C_ReadRegister), (14 bytes).
    Removing stm32f10x_i2c.o(i.I2C_ReceiveData), (8 bytes).
    Removing stm32f10x_i2c.o(i.I2C_SMBusAlertConfig), (28 bytes).
    Removing stm32f10x_i2c.o(i.I2C_Send7bitAddress), (18 bytes).
    Removing stm32f10x_i2c.o(i.I2C_SendData), (4 bytes).
    Removing stm32f10x_i2c.o(i.I2C_SoftwareResetCmd), (22 bytes).
    Removing stm32f10x_i2c.o(i.I2C_StretchClockCmd), (24 bytes).
    Removing stm32f10x_i2c.o(i.I2C_StructInit), (30 bytes).
    Removing stm32f10x_i2c.o(i.I2C_TransmitPEC), (24 bytes).
    Removing stm32f10x_iwdg.o(i.IWDG_Enable), (16 bytes).
    Removing stm32f10x_iwdg.o(i.IWDG_GetFlagStatus), (24 bytes).
    Removing stm32f10x_iwdg.o(i.IWDG_ReloadCounter), (16 bytes).
    Removing stm32f10x_iwdg.o(i.IWDG_SetPrescaler), (12 bytes).
    Removing stm32f10x_iwdg.o(i.IWDG_SetReload), (12 bytes).
    Removing stm32f10x_iwdg.o(i.IWDG_WriteAccessCmd), (12 bytes).
    Removing stm32f10x_pwr.o(i.PWR_BackupAccessCmd), (12 bytes).
    Removing stm32f10x_pwr.o(i.PWR_ClearFlag), (20 bytes).
    Removing stm32f10x_pwr.o(i.PWR_DeInit), (22 bytes).
    Removing stm32f10x_pwr.o(i.PWR_EnterSTANDBYMode), (56 bytes).
    Removing stm32f10x_pwr.o(i.PWR_EnterSTOPMode), (68 bytes).
    Removing stm32f10x_pwr.o(i.PWR_GetFlagStatus), (24 bytes).
    Removing stm32f10x_pwr.o(i.PWR_PVDCmd), (12 bytes).
    Removing stm32f10x_pwr.o(i.PWR_PVDLevelConfig), (20 bytes).
    Removing stm32f10x_pwr.o(i.PWR_WakeUpPinCmd), (12 bytes).
    Removing stm32f10x_rtc.o(i.RTC_ClearFlag), (28 bytes).
    Removing stm32f10x_rtc.o(i.RTC_ClearITPendingBit), (28 bytes).
    Removing stm32f10x_rtc.o(i.RTC_EnterConfigMode), (24 bytes).
    Removing stm32f10x_rtc.o(i.RTC_ExitConfigMode), (28 bytes).
    Removing stm32f10x_rtc.o(i.RTC_GetCounter), (28 bytes).
    Removing stm32f10x_rtc.o(i.RTC_GetDivider), (28 bytes).
    Removing stm32f10x_rtc.o(i.RTC_GetFlagStatus), (24 bytes).
    Removing stm32f10x_rtc.o(i.RTC_GetITStatus), (40 bytes).
    Removing stm32f10x_rtc.o(i.RTC_ITConfig), (44 bytes).
    Removing stm32f10x_rtc.o(i.RTC_SetAlarm), (36 bytes).
    Removing stm32f10x_rtc.o(i.RTC_SetCounter), (36 bytes).
    Removing stm32f10x_rtc.o(i.RTC_SetPrescaler), (36 bytes).
    Removing stm32f10x_rtc.o(i.RTC_WaitForLastTask), (20 bytes).
    Removing stm32f10x_rtc.o(i.RTC_WaitForSynchro), (40 bytes).
    Removing stm32f10x_sdio.o(i.SDIO_CEATAITCmd), (16 bytes).
    Removing stm32f10x_sdio.o(i.SDIO_ClearFlag), (12 bytes).
    Removing stm32f10x_sdio.o(i.SDIO_ClearITPendingBit), (12 bytes).
    Removing stm32f10x_sdio.o(i.SDIO_ClockCmd), (12 bytes).
    Removing stm32f10x_sdio.o(i.SDIO_CmdStructInit), (14 bytes).
    Removing stm32f10x_sdio.o(i.SDIO_CommandCompletionCmd), (12 bytes).
    Removing stm32f10x_sdio.o(i.SDIO_DMACmd), (12 bytes).
    Removing stm32f10x_sdio.o(i.SDIO_DataConfig), (48 bytes).
    Removing stm32f10x_sdio.o(i.SDIO_DataStructInit), (20 bytes).
    Removing stm32f10x_sdio.o(i.SDIO_DeInit), (36 bytes).
    Removing stm32f10x_sdio.o(i.SDIO_GetCommandResponse), (12 bytes).
    Removing stm32f10x_sdio.o(i.SDIO_GetDataCounter), (12 bytes).
    Removing stm32f10x_sdio.o(i.SDIO_GetFIFOCount), (12 bytes).
    Removing stm32f10x_sdio.o(i.SDIO_GetFlagStatus), (24 bytes).
    Removing stm32f10x_sdio.o(i.SDIO_GetITStatus), (24 bytes).
    Removing stm32f10x_sdio.o(i.SDIO_GetPowerState), (16 bytes).
    Removing stm32f10x_sdio.o(i.SDIO_GetResponse), (16 bytes).
    Removing stm32f10x_sdio.o(i.SDIO_ITConfig), (32 bytes).
    Removing stm32f10x_sdio.o(i.SDIO_Init), (48 bytes).
    Removing stm32f10x_sdio.o(i.SDIO_ReadData), (12 bytes).
    Removing stm32f10x_sdio.o(i.SDIO_SendCEATACmd), (12 bytes).
    Removing stm32f10x_sdio.o(i.SDIO_SendCommand), (44 bytes).
    Removing stm32f10x_sdio.o(i.SDIO_SendSDIOSuspendCmd), (12 bytes).
    Removing stm32f10x_sdio.o(i.SDIO_SetPowerState), (28 bytes).
    Removing stm32f10x_sdio.o(i.SDIO_SetSDIOOperation), (12 bytes).
    Removing stm32f10x_sdio.o(i.SDIO_SetSDIOReadWaitMode), (12 bytes).
    Removing stm32f10x_sdio.o(i.SDIO_StartSDIOReadWait), (12 bytes).
    Removing stm32f10x_sdio.o(i.SDIO_StopSDIOReadWait), (12 bytes).
    Removing stm32f10x_sdio.o(i.SDIO_StructInit), (16 bytes).
    Removing stm32f10x_sdio.o(i.SDIO_WriteData), (12 bytes).
    Removing stm32f10x_spi.o(i.I2S_Cmd), (24 bytes).
    Removing stm32f10x_spi.o(i.I2S_Init), (308 bytes).
    Removing stm32f10x_spi.o(i.I2S_StructInit), (20 bytes).
    Removing stm32f10x_spi.o(i.SPI_BiDirectionalLineConfig), (28 bytes).
    Removing stm32f10x_spi.o(i.SPI_CalculateCRC), (24 bytes).
    Removing stm32f10x_spi.o(i.SPI_Cmd), (24 bytes).
    Removing stm32f10x_spi.o(i.SPI_DataSizeConfig), (18 bytes).
    Removing stm32f10x_spi.o(i.SPI_GetCRC), (16 bytes).
    Removing stm32f10x_spi.o(i.SPI_GetCRCPolynomial), (6 bytes).
    Removing stm32f10x_spi.o(i.SPI_I2S_ClearFlag), (6 bytes).
    Removing stm32f10x_spi.o(i.SPI_I2S_ClearITPendingBit), (20 bytes).
    Removing stm32f10x_spi.o(i.SPI_I2S_DMACmd), (24 bytes).
    Removing stm32f10x_spi.o(i.SPI_I2S_DeInit), (88 bytes).
    Removing stm32f10x_spi.o(i.SPI_I2S_GetFlagStatus), (18 bytes).
    Removing stm32f10x_spi.o(i.SPI_I2S_GetITStatus), (52 bytes).
    Removing stm32f10x_spi.o(i.SPI_I2S_ITConfig), (36 bytes).
    Removing stm32f10x_spi.o(i.SPI_I2S_ReceiveData), (6 bytes).
    Removing stm32f10x_spi.o(i.SPI_I2S_SendData), (4 bytes).
    Removing stm32f10x_spi.o(i.SPI_Init), (60 bytes).
    Removing stm32f10x_spi.o(i.SPI_NSSInternalSoftwareConfig), (30 bytes).
    Removing stm32f10x_spi.o(i.SPI_SSOutputCmd), (24 bytes).
    Removing stm32f10x_spi.o(i.SPI_StructInit), (24 bytes).
    Removing stm32f10x_spi.o(i.SPI_TransmitCRC), (10 bytes).
    Removing stm32f10x_tim.o(i.TI1_Config), (124 bytes).
    Removing stm32f10x_tim.o(i.TI2_Config), (136 bytes).
    Removing stm32f10x_tim.o(i.TI3_Config), (132 bytes).
    Removing stm32f10x_tim.o(i.TI4_Config), (136 bytes).
    Removing stm32f10x_tim.o(i.TIM_ARRPreloadConfig), (24 bytes).
    Removing stm32f10x_tim.o(i.TIM_BDTRConfig), (32 bytes).
    Removing stm32f10x_tim.o(i.TIM_BDTRStructInit), (18 bytes).
    Removing stm32f10x_tim.o(i.TIM_CCPreloadControl), (24 bytes).
    Removing stm32f10x_tim.o(i.TIM_CCxCmd), (34 bytes).
    Removing stm32f10x_tim.o(i.TIM_CCxNCmd), (34 bytes).
    Removing stm32f10x_tim.o(i.TIM_ClearFlag), (6 bytes).
    Removing stm32f10x_tim.o(i.TIM_ClearITPendingBit), (6 bytes).
    Removing stm32f10x_tim.o(i.TIM_ClearOC1Ref), (16 bytes).
    Removing stm32f10x_tim.o(i.TIM_ClearOC2Ref), (18 bytes).
    Removing stm32f10x_tim.o(i.TIM_ClearOC3Ref), (16 bytes).
    Removing stm32f10x_tim.o(i.TIM_ClearOC4Ref), (18 bytes).
    Removing stm32f10x_tim.o(i.TIM_Cmd), (24 bytes).
    Removing stm32f10x_tim.o(i.TIM_CounterModeConfig), (16 bytes).
    Removing stm32f10x_tim.o(i.TIM_CtrlPWMOutputs), (30 bytes).
    Removing stm32f10x_tim.o(i.TIM_DMACmd), (24 bytes).
    Removing stm32f10x_tim.o(i.TIM_DMAConfig), (10 bytes).
    Removing stm32f10x_tim.o(i.TIM_DeInit), (488 bytes).
    Removing stm32f10x_tim.o(i.TIM_ETRClockMode1Config), (54 bytes).
    Removing stm32f10x_tim.o(i.TIM_ETRClockMode2Config), (32 bytes).
    Removing stm32f10x_tim.o(i.TIM_ETRConfig), (22 bytes).
    Removing stm32f10x_tim.o(i.TIM_EncoderInterfaceConfig), (56 bytes).
    Removing stm32f10x_tim.o(i.TIM_ForcedOC1Config), (16 bytes).
    Removing stm32f10x_tim.o(i.TIM_ForcedOC2Config), (20 bytes).
    Removing stm32f10x_tim.o(i.TIM_ForcedOC3Config), (16 bytes).
    Removing stm32f10x_tim.o(i.TIM_ForcedOC4Config), (20 bytes).
    Removing stm32f10x_tim.o(i.TIM_GenerateEvent), (4 bytes).
    Removing stm32f10x_tim.o(i.TIM_GetCapture1), (6 bytes).
    Removing stm32f10x_tim.o(i.TIM_GetCapture2), (6 bytes).
    Removing stm32f10x_tim.o(i.TIM_GetCapture3), (6 bytes).
    Removing stm32f10x_tim.o(i.TIM_GetCapture4), (8 bytes).
    Removing stm32f10x_tim.o(i.TIM_GetCounter), (6 bytes).
    Removing stm32f10x_tim.o(i.TIM_GetFlagStatus), (18 bytes).
    Removing stm32f10x_tim.o(i.TIM_GetITStatus), (34 bytes).
    Removing stm32f10x_tim.o(i.TIM_GetPrescaler), (6 bytes).
    Removing stm32f10x_tim.o(i.TIM_ICInit), (172 bytes).
    Removing stm32f10x_tim.o(i.TIM_ICStructInit), (18 bytes).
    Removing stm32f10x_tim.o(i.TIM_ITConfig), (24 bytes).
    Removing stm32f10x_tim.o(i.TIM_ITRxExternalClockConfig), (24 bytes).
    Removing stm32f10x_tim.o(i.TIM_InternalClockConfig), (12 bytes).
    Removing stm32f10x_tim.o(i.TIM_OC1FastConfig), (16 bytes).
    Removing stm32f10x_tim.o(i.TIM_OC1Init), (152 bytes).
    Removing stm32f10x_tim.o(i.TIM_OC1NPolarityConfig), (16 bytes).
    Removing stm32f10x_tim.o(i.TIM_OC1PolarityConfig), (16 bytes).
    Removing stm32f10x_tim.o(i.TIM_OC1PreloadConfig), (16 bytes).
    Removing stm32f10x_tim.o(i.TIM_OC2FastConfig), (20 bytes).
    Removing stm32f10x_tim.o(i.TIM_OC2Init), (156 bytes).
    Removing stm32f10x_tim.o(i.TIM_OC2NPolarityConfig), (20 bytes).
    Removing stm32f10x_tim.o(i.TIM_OC2PolarityConfig), (20 bytes).
    Removing stm32f10x_tim.o(i.TIM_OC2PreloadConfig), (20 bytes).
    Removing stm32f10x_tim.o(i.TIM_OC3FastConfig), (16 bytes).
    Removing stm32f10x_tim.o(i.TIM_OC3Init), (152 bytes).
    Removing stm32f10x_tim.o(i.TIM_OC3NPolarityConfig), (20 bytes).
    Removing stm32f10x_tim.o(i.TIM_OC3PolarityConfig), (20 bytes).
    Removing stm32f10x_tim.o(i.TIM_OC3PreloadConfig), (16 bytes).
    Removing stm32f10x_tim.o(i.TIM_OC4FastConfig), (20 bytes).
    Removing stm32f10x_tim.o(i.TIM_OC4Init), (116 bytes).
    Removing stm32f10x_tim.o(i.TIM_OC4PolarityConfig), (20 bytes).
    Removing stm32f10x_tim.o(i.TIM_OC4PreloadConfig), (20 bytes).
    Removing stm32f10x_tim.o(i.TIM_OCStructInit), (20 bytes).
    Removing stm32f10x_tim.o(i.TIM_PWMIConfig), (124 bytes).
    Removing stm32f10x_tim.o(i.TIM_PrescalerConfig), (6 bytes).
    Removing stm32f10x_tim.o(i.TIM_SelectCCDMA), (24 bytes).
    Removing stm32f10x_tim.o(i.TIM_SelectCOM), (24 bytes).
    Removing stm32f10x_tim.o(i.TIM_SelectHallSensor), (24 bytes).
    Removing stm32f10x_tim.o(i.TIM_SelectInputTrigger), (16 bytes).
    Removing stm32f10x_tim.o(i.TIM_SelectMasterSlaveMode), (18 bytes).
    Removing stm32f10x_tim.o(i.TIM_SelectOCxM), (82 bytes).
    Removing stm32f10x_tim.o(i.TIM_SelectOnePulseMode), (18 bytes).
    Removing stm32f10x_tim.o(i.TIM_SelectOutputTrigger), (18 bytes).
    Removing stm32f10x_tim.o(i.TIM_SelectSlaveMode), (18 bytes).
    Removing stm32f10x_tim.o(i.TIM_SetAutoreload), (4 bytes).
    Removing stm32f10x_tim.o(i.TIM_SetClockDivision), (18 bytes).
    Removing stm32f10x_tim.o(i.TIM_SetCompare1), (4 bytes).
    Removing stm32f10x_tim.o(i.TIM_SetCompare2), (4 bytes).
    Removing stm32f10x_tim.o(i.TIM_SetCompare3), (4 bytes).
    Removing stm32f10x_tim.o(i.TIM_SetCompare4), (6 bytes).
    Removing stm32f10x_tim.o(i.TIM_SetCounter), (4 bytes).
    Removing stm32f10x_tim.o(i.TIM_SetIC1Prescaler), (18 bytes).
    Removing stm32f10x_tim.o(i.TIM_SetIC2Prescaler), (22 bytes).
    Removing stm32f10x_tim.o(i.TIM_SetIC3Prescaler), (18 bytes).
    Removing stm32f10x_tim.o(i.TIM_SetIC4Prescaler), (22 bytes).
    Removing stm32f10x_tim.o(i.TIM_TIxExternalClockConfig), (62 bytes).
    Removing stm32f10x_tim.o(i.TIM_TimeBaseInit), (164 bytes).
    Removing stm32f10x_tim.o(i.TIM_TimeBaseStructInit), (18 bytes).
    Removing stm32f10x_tim.o(i.TIM_UpdateDisableConfig), (24 bytes).
    Removing stm32f10x_tim.o(i.TIM_UpdateRequestConfig), (24 bytes).
    Removing stm32f10x_usart.o(i.USART_ClearFlag), (18 bytes).
    Removing stm32f10x_usart.o(i.USART_ClearITPendingBit), (30 bytes).
    Removing stm32f10x_usart.o(i.USART_ClockInit), (32 bytes).
    Removing stm32f10x_usart.o(i.USART_ClockStructInit), (12 bytes).
    Removing stm32f10x_usart.o(i.USART_Cmd), (24 bytes).
    Removing stm32f10x_usart.o(i.USART_DMACmd), (24 bytes).
    Removing stm32f10x_usart.o(i.USART_DeInit), (156 bytes).
    Removing stm32f10x_usart.o(i.USART_GetFlagStatus), (26 bytes).
    Removing stm32f10x_usart.o(i.USART_GetITStatus), (84 bytes).
    Removing stm32f10x_usart.o(i.USART_HalfDuplexCmd), (24 bytes).
    Removing stm32f10x_usart.o(i.USART_ITConfig), (72 bytes).
    Removing stm32f10x_usart.o(i.USART_Init), (216 bytes).
    Removing stm32f10x_usart.o(i.USART_IrDACmd), (24 bytes).
    Removing stm32f10x_usart.o(i.USART_IrDAConfig), (18 bytes).
    Removing stm32f10x_usart.o(i.USART_LINBreakDetectLengthConfig), (18 bytes).
    Removing stm32f10x_usart.o(i.USART_LINCmd), (24 bytes).
    Removing stm32f10x_usart.o(i.USART_OneBitMethodCmd), (24 bytes).
    Removing stm32f10x_usart.o(i.USART_OverSampling8Cmd), (22 bytes).
    Removing stm32f10x_usart.o(i.USART_ReceiveData), (10 bytes).
    Removing stm32f10x_usart.o(i.USART_ReceiverWakeUpCmd), (24 bytes).
    Removing stm32f10x_usart.o(i.USART_SendBreak), (10 bytes).
    Removing stm32f10x_usart.o(i.USART_SendData), (8 bytes).
    Removing stm32f10x_usart.o(i.USART_SetAddress), (18 bytes).
    Removing stm32f10x_usart.o(i.USART_SetGuardTime), (16 bytes).
    Removing stm32f10x_usart.o(i.USART_SetPrescaler), (16 bytes).
    Removing stm32f10x_usart.o(i.USART_SmartCardCmd), (24 bytes).
    Removing stm32f10x_usart.o(i.USART_SmartCardNACKCmd), (24 bytes).
    Removing stm32f10x_usart.o(i.USART_StructInit), (24 bytes).
    Removing stm32f10x_usart.o(i.USART_WakeUpConfig), (18 bytes).
    Removing stm32f10x_wwdg.o(i.WWDG_ClearFlag), (12 bytes).
    Removing stm32f10x_wwdg.o(i.WWDG_DeInit), (22 bytes).
    Removing stm32f10x_wwdg.o(i.WWDG_Enable), (16 bytes).
    Removing stm32f10x_wwdg.o(i.WWDG_EnableIT), (12 bytes).
    Removing stm32f10x_wwdg.o(i.WWDG_GetFlagStatus), (12 bytes).
    Removing stm32f10x_wwdg.o(i.WWDG_SetCounter), (16 bytes).
    Removing stm32f10x_wwdg.o(i.WWDG_SetPrescaler), (28 bytes).
    Removing stm32f10x_wwdg.o(i.WWDG_SetWindowValue), (32 bytes).
    Removing core_cm3.o(.emb_text), (32 bytes).
    Removing system_stm32f10x.o(i.SystemCoreClockUpdate), (256 bytes).
    Removing system_stm32f10x.o(.data), (20 bytes).
    Removing startup_stm32f10x_cl.o(HEAP), (512 bytes).

481 unused section(s) (total 19344 bytes) removed from the image.

==============================================================================

Image Symbol Table

    Local Symbols

    Symbol Name                              Value     Ov Type        Size  Object(Section)

    ../../../cmprslib/zerorunl2.c            0x00000000   Number         0  __dczerorl2.o ABSOLUTE
    ../../microlib/init/entry.s              0x00000000   Number         0  entry2.o ABSOLUTE
    ../../microlib/init/entry.s              0x00000000   Number         0  entry5.o ABSOLUTE
    ../../microlib/init/entry.s              0x00000000   Number         0  entry7.o ABSOLUTE
    ../../microlib/init/entry.s              0x00000000   Number         0  entry.o ABSOLUTE
    ..\Libraries\CMSIS\CM3\CoreSupport\core_cm3.c 0x00000000   Number         0  core_cm3.o ABSOLUTE
    ..\Libraries\CMSIS\CM3\DeviceSupport\ST\STM32F10x\startup\arm\startup_stm32f10x_cl.s 0x00000000   Number         0  startup_stm32f10x_cl.o ABSOLUTE
    ..\Libraries\STM32F10x_StdPeriph_Driver\src\misc.c 0x00000000   Number         0  misc.o ABSOLUTE
    ..\Libraries\STM32F10x_StdPeriph_Driver\src\stm32f10x_adc.c 0x00000000   Number         0  stm32f10x_adc.o ABSOLUTE
    ..\Libraries\STM32F10x_StdPeriph_Driver\src\stm32f10x_bkp.c 0x00000000   Number         0  stm32f10x_bkp.o ABSOLUTE
    ..\Libraries\STM32F10x_StdPeriph_Driver\src\stm32f10x_can.c 0x00000000   Number         0  stm32f10x_can.o ABSOLUTE
    ..\Libraries\STM32F10x_StdPeriph_Driver\src\stm32f10x_cec.c 0x00000000   Number         0  stm32f10x_cec.o ABSOLUTE
    ..\Libraries\STM32F10x_StdPeriph_Driver\src\stm32f10x_crc.c 0x00000000   Number         0  stm32f10x_crc.o ABSOLUTE
    ..\Libraries\STM32F10x_StdPeriph_Driver\src\stm32f10x_dac.c 0x00000000   Number         0  stm32f10x_dac.o ABSOLUTE
    ..\Libraries\STM32F10x_StdPeriph_Driver\src\stm32f10x_dbgmcu.c 0x00000000   Number         0  stm32f10x_dbgmcu.o ABSOLUTE
    ..\Libraries\STM32F10x_StdPeriph_Driver\src\stm32f10x_dma.c 0x00000000   Number         0  stm32f10x_dma.o ABSOLUTE
    ..\Libraries\STM32F10x_StdPeriph_Driver\src\stm32f10x_exti.c 0x00000000   Number         0  stm32f10x_exti.o ABSOLUTE
    ..\Libraries\STM32F10x_StdPeriph_Driver\src\stm32f10x_flash.c 0x00000000   Number         0  stm32f10x_flash.o ABSOLUTE
    ..\Libraries\STM32F10x_StdPeriph_Driver\src\stm32f10x_fsmc.c 0x00000000   Number         0  stm32f10x_fsmc.o ABSOLUTE
    ..\Libraries\STM32F10x_StdPeriph_Driver\src\stm32f10x_gpio.c 0x00000000   Number         0  stm32f10x_gpio.o ABSOLUTE
    ..\Libraries\STM32F10x_StdPeriph_Driver\src\stm32f10x_i2c.c 0x00000000   Number         0  stm32f10x_i2c.o ABSOLUTE
    ..\Libraries\STM32F10x_StdPeriph_Driver\src\stm32f10x_iwdg.c 0x00000000   Number         0  stm32f10x_iwdg.o ABSOLUTE
    ..\Libraries\STM32F10x_StdPeriph_Driver\src\stm32f10x_pwr.c 0x00000000   Number         0  stm32f10x_pwr.o ABSOLUTE
    ..\Libraries\STM32F10x_StdPeriph_Driver\src\stm32f10x_rcc.c 0x00000000   Number         0  stm32f10x_rcc.o ABSOLUTE
    ..\Libraries\STM32F10x_StdPeriph_Driver\src\stm32f10x_rtc.c 0x00000000   Number         0  stm32f10x_rtc.o ABSOLUTE
    ..\Libraries\STM32F10x_StdPeriph_Driver\src\stm32f10x_sdio.c 0x00000000   Number         0  stm32f10x_sdio.o ABSOLUTE
    ..\Libraries\STM32F10x_StdPeriph_Driver\src\stm32f10x_spi.c 0x00000000   Number         0  stm32f10x_spi.o ABSOLUTE
    ..\Libraries\STM32F10x_StdPeriph_Driver\src\stm32f10x_tim.c 0x00000000   Number         0  stm32f10x_tim.o ABSOLUTE
    ..\Libraries\STM32F10x_StdPeriph_Driver\src\stm32f10x_usart.c 0x00000000   Number         0  stm32f10x_usart.o ABSOLUTE
    ..\Libraries\STM32F10x_StdPeriph_Driver\src\stm32f10x_wwdg.c 0x00000000   Number         0  stm32f10x_wwdg.o ABSOLUTE
    ..\Libraries\STM32_USB-FS-Device_Driver\src\otgd_fs_cal.c 0x00000000   Number         0  otgd_fs_cal.o ABSOLUTE
    ..\Libraries\STM32_USB-FS-Device_Driver\src\otgd_fs_dev.c 0x00000000   Number         0  otgd_fs_dev.o ABSOLUTE
    ..\Libraries\STM32_USB-FS-Device_Driver\src\otgd_fs_int.c 0x00000000   Number         0  otgd_fs_int.o ABSOLUTE
    ..\Libraries\STM32_USB-FS-Device_Driver\src\otgd_fs_pcd.c 0x00000000   Number         0  otgd_fs_pcd.o ABSOLUTE
    ..\Libraries\STM32_USB-FS-Device_Driver\src\usb_core.c 0x00000000   Number         0  usb_core.o ABSOLUTE
    ..\Libraries\STM32_USB-FS-Device_Driver\src\usb_init.c 0x00000000   Number         0  usb_init.o ABSOLUTE
    ..\Libraries\STM32_USB-FS-Device_Driver\src\usb_int.c 0x00000000   Number         0  usb_int.o ABSOLUTE
    ..\Libraries\STM32_USB-FS-Device_Driver\src\usb_mem.c 0x00000000   Number         0  usb_mem.o ABSOLUTE
    ..\Libraries\STM32_USB-FS-Device_Driver\src\usb_regs.c 0x00000000   Number         0  usb_regs.o ABSOLUTE
    ..\Libraries\STM32_USB-FS-Device_Driver\src\usb_sil.c 0x00000000   Number         0  usb_sil.o ABSOLUTE
    ..\USER\USB\hw_config.c                  0x00000000   Number         0  hw_config.o ABSOLUTE
    ..\USER\USB\usb_desc.c                   0x00000000   Number         0  usb_desc.o ABSOLUTE
    ..\USER\USB\usb_istr.c                   0x00000000   Number         0  usb_istr.o ABSOLUTE
    ..\USER\USB\usb_prop.c                   0x00000000   Number         0  usb_prop.o ABSOLUTE
    ..\USER\USB\usb_pwr.c                    0x00000000   Number         0  usb_pwr.o ABSOLUTE
    ..\USER\main.c                           0x00000000   Number         0  main.o ABSOLUTE
    ..\USER\stm32f10x_it.c                   0x00000000   Number         0  stm32f10x_it.o ABSOLUTE
    ..\USER\system_stm32f10x.c               0x00000000   Number         0  system_stm32f10x.o ABSOLUTE
    ..\\Libraries\\CMSIS\\CM3\\CoreSupport\\core_cm3.c 0x00000000   Number         0  core_cm3.o ABSOLUTE
    dc.s                                     0x00000000   Number         0  dc.o ABSOLUTE
    handlers.s                               0x00000000   Number         0  handlers.o ABSOLUTE
    init.s                                   0x00000000   Number         0  init.o ABSOLUTE
    RESET                                    0x08000000   Section      336  startup_stm32f10x_cl.o(RESET)
    .ARM.Collect$$$$00000000                 0x08000150   Section        0  entry.o(.ARM.Collect$$$$00000000)
    .ARM.Collect$$$$00000001                 0x08000150   Section        4  entry2.o(.ARM.Collect$$$$00000001)
    .ARM.Collect$$$$00000004                 0x08000154   Section        4  entry5.o(.ARM.Collect$$$$00000004)
    .ARM.Collect$$$$00000007                 0x08000158   Section        8  entry7.o(.ARM.Collect$$$$00000007)
    .ARM.Collect$$$$00002712                 0x08000160   Section        4  entry2.o(.ARM.Collect$$$$00002712)
    __lit__00000000                          0x08000160   Data           4  entry2.o(.ARM.Collect$$$$00002712)
    .text                                    0x08000164   Section       36  startup_stm32f10x_cl.o(.text)
    .text                                    0x08000188   Section       36  init.o(.text)
    .text                                    0x080001ac   Section       88  __dczerorl2.o(.text)
    i.BusFault_Handler                       0x08000204   Section        4  stm32f10x_it.o(i.BusFault_Handler)
    i.ByteSwap                               0x08000208   Section       16  otgd_fs_dev.o(i.ByteSwap)
    i.DataStageIn                            0x08000218   Section      172  usb_core.o(i.DataStageIn)
    DataStageIn                              0x08000219   Thumb Code   156  usb_core.o(i.DataStageIn)
    i.DataStageOut                           0x080002c4   Section      164  usb_core.o(i.DataStageOut)
    DataStageOut                             0x080002c5   Thumb Code   152  usb_core.o(i.DataStageOut)
    i.Data_Setup0                            0x08000368   Section      644  usb_core.o(i.Data_Setup0)
    Data_Setup0                              0x08000369   Thumb Code   612  usb_core.o(i.Data_Setup0)
    i.DebugMon_Handler                       0x080005ec   Section        2  stm32f10x_it.o(i.DebugMon_Handler)
    i.FLASH_PrefetchBufferCmd                0x080005f0   Section       28  stm32f10x_flash.o(i.FLASH_PrefetchBufferCmd)
    i.FLASH_SetLatency                       0x0800060c   Section       20  stm32f10x_flash.o(i.FLASH_SetLatency)
    i.GPIO_AINConfig                         0x08000620   Section        2  hw_config.o(i.GPIO_AINConfig)
    i.GPIO_Init                              0x08000622   Section      268  stm32f10x_gpio.o(i.GPIO_Init)
    i.GPIO_ReadInputDataBit                  0x0800072e   Section       18  stm32f10x_gpio.o(i.GPIO_ReadInputDataBit)
    i.Get_SerialNum                          0x08000740   Section       60  hw_config.o(i.Get_SerialNum)
    i.HardFault_Handler                      0x0800077c   Section        4  stm32f10x_it.o(i.HardFault_Handler)
    i.In0_Process                            0x08000780   Section      112  usb_core.o(i.In0_Process)
    i.InitDevSpeed                           0x080007f0   Section       40  otgd_fs_cal.o(i.InitDevSpeed)
    InitDevSpeed                             0x080007f1   Thumb Code    34  otgd_fs_cal.o(i.InitDevSpeed)
    i.IntToUnicode                           0x08000818   Section       60  hw_config.o(i.IntToUnicode)
    IntToUnicode                             0x08000819   Thumb Code    60  hw_config.o(i.IntToUnicode)
    i.JoyState                               0x08000854   Section      108  hw_config.o(i.JoyState)
    i.Joystick_Data_Setup                    0x080008c0   Section      124  usb_prop.o(i.Joystick_Data_Setup)
    i.Joystick_GetConfigDescriptor           0x0800093c   Section       20  usb_prop.o(i.Joystick_GetConfigDescriptor)
    i.Joystick_GetDeviceDescriptor           0x08000950   Section       20  usb_prop.o(i.Joystick_GetDeviceDescriptor)
    i.Joystick_GetHIDDescriptor              0x08000964   Section       20  usb_prop.o(i.Joystick_GetHIDDescriptor)
    i.Joystick_GetProtocolValue              0x08000978   Section       28  usb_prop.o(i.Joystick_GetProtocolValue)
    i.Joystick_GetReportDescriptor           0x08000994   Section       20  usb_prop.o(i.Joystick_GetReportDescriptor)
    i.Joystick_GetStringDescriptor           0x080009a8   Section       40  usb_prop.o(i.Joystick_GetStringDescriptor)
    i.Joystick_Get_Interface_Setting         0x080009d0   Section       22  usb_prop.o(i.Joystick_Get_Interface_Setting)
    i.Joystick_NoData_Setup                  0x080009e8   Section       36  usb_prop.o(i.Joystick_NoData_Setup)
    i.Joystick_Reset                         0x08000a0c   Section       56  usb_prop.o(i.Joystick_Reset)
    i.Joystick_Send                          0x08000a44   Section      130  hw_config.o(i.Joystick_Send)
    i.Joystick_SetConfiguration              0x08000ac8   Section       24  usb_prop.o(i.Joystick_SetConfiguration)
    i.Joystick_SetDeviceAddress              0x08000ae0   Section       12  usb_prop.o(i.Joystick_SetDeviceAddress)
    i.Joystick_SetProtocol                   0x08000aec   Section       24  usb_prop.o(i.Joystick_SetProtocol)
    i.Joystick_Status_In                     0x08000b04   Section        2  usb_prop.o(i.Joystick_Status_In)
    i.Joystick_Status_Out                    0x08000b06   Section        2  usb_prop.o(i.Joystick_Status_Out)
    i.Joystick_init                          0x08000b08   Section       40  usb_prop.o(i.Joystick_init)
    i.Leave_LowPowerMode                     0x08000b30   Section        2  hw_config.o(i.Leave_LowPowerMode)
    i.MemManage_Handler                      0x08000b32   Section        4  stm32f10x_it.o(i.MemManage_Handler)
    i.NMI_Handler                            0x08000b36   Section        2  stm32f10x_it.o(i.NMI_Handler)
    i.NOP_Process                            0x08000b38   Section        2  usb_core.o(i.NOP_Process)
    i.NVIC_Init                              0x08000b3c   Section      116  misc.o(i.NVIC_Init)
    i.NVIC_PriorityGroupConfig               0x08000bb0   Section       20  misc.o(i.NVIC_PriorityGroupConfig)
    i.NoData_Setup0                          0x08000bc4   Section      316  usb_core.o(i.NoData_Setup0)
    NoData_Setup0                            0x08000bc5   Thumb Code   304  usb_core.o(i.NoData_Setup0)
    i.OTGD_FS_CoreInit                       0x08000d00   Section       96  otgd_fs_cal.o(i.OTGD_FS_CoreInit)
    i.OTGD_FS_CoreInitDev                    0x08000d60   Section      436  otgd_fs_cal.o(i.OTGD_FS_CoreInitDev)
    i.OTGD_FS_CoreReset                      0x08000f14   Section      120  otgd_fs_cal.o(i.OTGD_FS_CoreReset)
    OTGD_FS_CoreReset                        0x08000f15   Thumb Code   110  otgd_fs_cal.o(i.OTGD_FS_CoreReset)
    i.OTGD_FS_DisableGlobalInt               0x08000f8c   Section       40  otgd_fs_cal.o(i.OTGD_FS_DisableGlobalInt)
    i.OTGD_FS_EP0Activate                    0x08000fb4   Section       72  otgd_fs_cal.o(i.OTGD_FS_EP0Activate)
    i.OTGD_FS_EP0StartXfer                   0x08000ffc   Section      292  otgd_fs_cal.o(i.OTGD_FS_EP0StartXfer)
    i.OTGD_FS_EPActivate                     0x08001120   Section      164  otgd_fs_cal.o(i.OTGD_FS_EPActivate)
    i.OTGD_FS_EPClearStall                   0x080011c4   Section       84  otgd_fs_cal.o(i.OTGD_FS_EPClearStall)
    i.OTGD_FS_EPSetStall                     0x08001218   Section      100  otgd_fs_cal.o(i.OTGD_FS_EPSetStall)
    i.OTGD_FS_EPStartXfer                    0x0800127c   Section      464  otgd_fs_cal.o(i.OTGD_FS_EPStartXfer)
    i.OTGD_FS_EnableDevInt                   0x0800144c   Section      128  otgd_fs_cal.o(i.OTGD_FS_EnableDevInt)
    i.OTGD_FS_EnableGlobalInt                0x080014cc   Section       40  otgd_fs_cal.o(i.OTGD_FS_EnableGlobalInt)
    i.OTGD_FS_FlushRxFifo                    0x080014f4   Section       80  otgd_fs_cal.o(i.OTGD_FS_FlushRxFifo)
    i.OTGD_FS_FlushTxFifo                    0x08001544   Section       92  otgd_fs_cal.o(i.OTGD_FS_FlushTxFifo)
    i.OTGD_FS_GetEPStatus                    0x080015a0   Section      116  otgd_fs_cal.o(i.OTGD_FS_GetEPStatus)
    i.OTGD_FS_Handle_EarlySuspend_ISR        0x08001614   Section       68  otgd_fs_int.o(i.OTGD_FS_Handle_EarlySuspend_ISR)
    i.OTGD_FS_Handle_EnumDone_ISR            0x08001658   Section       72  otgd_fs_int.o(i.OTGD_FS_Handle_EnumDone_ISR)
    i.OTGD_FS_Handle_InEP_ISR                0x080016a0   Section      364  otgd_fs_int.o(i.OTGD_FS_Handle_InEP_ISR)
    i.OTGD_FS_Handle_OutEP_ISR               0x0800180c   Section      224  otgd_fs_int.o(i.OTGD_FS_Handle_OutEP_ISR)
    i.OTGD_FS_Handle_RxStatusQueueLevel_ISR  0x080018ec   Section      284  otgd_fs_int.o(i.OTGD_FS_Handle_RxStatusQueueLevel_ISR)
    i.OTGD_FS_Handle_UsbReset_ISR            0x08001a08   Section      284  otgd_fs_int.o(i.OTGD_FS_Handle_UsbReset_ISR)
    i.OTGD_FS_Handle_Wakeup_ISR              0x08001b24   Section       40  otgd_fs_int.o(i.OTGD_FS_Handle_Wakeup_ISR)
    i.OTGD_FS_ReadCoreItr                    0x08001b4c   Section       24  otgd_fs_cal.o(i.OTGD_FS_ReadCoreItr)
    i.OTGD_FS_ReadDevAllInEPItr              0x08001b64   Section       24  otgd_fs_cal.o(i.OTGD_FS_ReadDevAllInEPItr)
    i.OTGD_FS_ReadDevAllOutEp_itr            0x08001b7c   Section       24  otgd_fs_cal.o(i.OTGD_FS_ReadDevAllOutEp_itr)
    i.OTGD_FS_ReadDevOutEP_itr               0x08001b94   Section       32  otgd_fs_cal.o(i.OTGD_FS_ReadDevOutEP_itr)
    i.OTGD_FS_ReadPacket                     0x08001bb4   Section       44  otgd_fs_cal.o(i.OTGD_FS_ReadPacket)
    i.OTGD_FS_ResetRemoteWakeup              0x08001be0   Section       36  otgd_fs_cal.o(i.OTGD_FS_ResetRemoteWakeup)
    i.OTGD_FS_SetAddress                     0x08001c04   Section      100  otgd_fs_cal.o(i.OTGD_FS_SetAddress)
    i.OTGD_FS_SetDeviceMode                  0x08001c68   Section       52  otgd_fs_cal.o(i.OTGD_FS_SetDeviceMode)
    OTGD_FS_SetDeviceMode                    0x08001c69   Thumb Code    48  otgd_fs_cal.o(i.OTGD_FS_SetDeviceMode)
    i.OTGD_FS_SetEPStatus                    0x08001c9c   Section      280  otgd_fs_cal.o(i.OTGD_FS_SetEPStatus)
    i.OTGD_FS_SetRemoteWakeup                0x08001db4   Section       40  otgd_fs_cal.o(i.OTGD_FS_SetRemoteWakeup)
    i.OTGD_FS_WritePacket                    0x08001ddc   Section       52  otgd_fs_cal.o(i.OTGD_FS_WritePacket)
    i.OTG_DEV_EP_Init                        0x08001e10   Section       84  otgd_fs_dev.o(i.OTG_DEV_EP_Init)
    i.OTG_DEV_GetEPRxStatus                  0x08001e64   Section       28  otgd_fs_dev.o(i.OTG_DEV_GetEPRxStatus)
    i.OTG_DEV_GetEPTxStatus                  0x08001e80   Section       28  otgd_fs_dev.o(i.OTG_DEV_GetEPTxStatus)
    i.OTG_DEV_Init                           0x08001e9c   Section       64  otgd_fs_dev.o(i.OTG_DEV_Init)
    i.OTG_DEV_SetEPRxStatus                  0x08001edc   Section       26  otgd_fs_dev.o(i.OTG_DEV_SetEPRxStatus)
    i.OTG_DEV_SetEPTxStatus                  0x08001ef6   Section       38  otgd_fs_dev.o(i.OTG_DEV_SetEPTxStatus)
    i.OTG_FS_IRQHandler                      0x08001f1c   Section        8  stm32f10x_it.o(i.OTG_FS_IRQHandler)
    i.OTG_FS_WKUP_IRQHandler                 0x08001f24   Section       10  stm32f10x_it.o(i.OTG_FS_WKUP_IRQHandler)
    i.Out0_Process                           0x08001f30   Section       76  usb_core.o(i.Out0_Process)
    i.PCD_EP0_OutStart                       0x08001f7c   Section       56  otgd_fs_pcd.o(i.PCD_EP0_OutStart)
    i.PCD_EP_ClrStall                        0x08001fb4   Section       52  otgd_fs_pcd.o(i.PCD_EP_ClrStall)
    i.PCD_EP_Flush                           0x08001fe8   Section       52  otgd_fs_pcd.o(i.PCD_EP_Flush)
    i.PCD_EP_Open                            0x0800201c   Section       84  otgd_fs_pcd.o(i.PCD_EP_Open)
    i.PCD_EP_Read                            0x08002070   Section       86  otgd_fs_pcd.o(i.PCD_EP_Read)
    i.PCD_EP_SetAddress                      0x080020c8   Section       36  otgd_fs_pcd.o(i.PCD_EP_SetAddress)
    i.PCD_EP_Write                           0x080020ec   Section       62  otgd_fs_pcd.o(i.PCD_EP_Write)
    i.PCD_GetInEP                            0x0800212c   Section       24  otgd_fs_pcd.o(i.PCD_GetInEP)
    i.PCD_GetOutEP                           0x08002144   Section       24  otgd_fs_pcd.o(i.PCD_GetOutEP)
    i.PCD_Init                               0x0800215c   Section      148  otgd_fs_pcd.o(i.PCD_Init)
    i.PCD_ReadDevInEP                        0x080021f0   Section       60  otgd_fs_int.o(i.PCD_ReadDevInEP)
    PCD_ReadDevInEP                          0x080021f1   Thumb Code    54  otgd_fs_int.o(i.PCD_ReadDevInEP)
    i.PCD_WriteEmptyTxFifo                   0x0800222c   Section      132  otgd_fs_int.o(i.PCD_WriteEmptyTxFifo)
    PCD_WriteEmptyTxFifo                     0x0800222d   Thumb Code   126  otgd_fs_int.o(i.PCD_WriteEmptyTxFifo)
    i.PendSV_Handler                         0x080022b0   Section        2  stm32f10x_it.o(i.PendSV_Handler)
    i.Post0_Process                          0x080022b4   Section      160  usb_core.o(i.Post0_Process)
    i.PowerOn                                0x08002354   Section        4  usb_pwr.o(i.PowerOn)
    i.RCC_AHBPeriphClockCmd                  0x08002358   Section       32  stm32f10x_rcc.o(i.RCC_AHBPeriphClockCmd)
    i.RCC_APB1PeriphClockCmd                 0x08002378   Section       32  stm32f10x_rcc.o(i.RCC_APB1PeriphClockCmd)
    i.RCC_APB2PeriphClockCmd                 0x08002398   Section       32  stm32f10x_rcc.o(i.RCC_APB2PeriphClockCmd)
    i.RCC_DeInit                             0x080023b8   Section       92  stm32f10x_rcc.o(i.RCC_DeInit)
    i.RCC_GetClocksFreq                      0x08002414   Section      396  stm32f10x_rcc.o(i.RCC_GetClocksFreq)
    i.RCC_GetFlagStatus                      0x080025a0   Section       60  stm32f10x_rcc.o(i.RCC_GetFlagStatus)
    i.RCC_GetSYSCLKSource                    0x080025dc   Section       16  stm32f10x_rcc.o(i.RCC_GetSYSCLKSource)
    i.RCC_HCLKConfig                         0x080025ec   Section       20  stm32f10x_rcc.o(i.RCC_HCLKConfig)
    i.RCC_HSEConfig                          0x08002600   Section       76  stm32f10x_rcc.o(i.RCC_HSEConfig)
    i.RCC_OTGFSCLKConfig                     0x0800264c   Section       12  stm32f10x_rcc.o(i.RCC_OTGFSCLKConfig)
    i.RCC_PCLK1Config                        0x08002658   Section       20  stm32f10x_rcc.o(i.RCC_PCLK1Config)
    i.RCC_PCLK2Config                        0x0800266c   Section       24  stm32f10x_rcc.o(i.RCC_PCLK2Config)
    i.RCC_PLL2Cmd                            0x08002684   Section       12  stm32f10x_rcc.o(i.RCC_PLL2Cmd)
    i.RCC_PLL2Config                         0x08002690   Section       20  stm32f10x_rcc.o(i.RCC_PLL2Config)
    i.RCC_PLLCmd                             0x080026a4   Section       12  stm32f10x_rcc.o(i.RCC_PLLCmd)
    i.RCC_PLLConfig                          0x080026b0   Section       28  stm32f10x_rcc.o(i.RCC_PLLConfig)
    i.RCC_PREDIV1Config                      0x080026cc   Section       32  stm32f10x_rcc.o(i.RCC_PREDIV1Config)
    i.RCC_PREDIV2Config                      0x080026ec   Section       20  stm32f10x_rcc.o(i.RCC_PREDIV2Config)
    i.RCC_SYSCLKConfig                       0x08002700   Section       20  stm32f10x_rcc.o(i.RCC_SYSCLKConfig)
    i.RCC_WaitForHSEStartUp                  0x08002714   Section       48  stm32f10x_rcc.o(i.RCC_WaitForHSEStartUp)
    i.Resume                                 0x08002744   Section      140  usb_pwr.o(i.Resume)
    i.Resume_Init                            0x080027d0   Section       20  usb_pwr.o(i.Resume_Init)
    i.STM32_PCD_OTG_ISR_Handler              0x080027e4   Section      126  usb_istr.o(i.STM32_PCD_OTG_ISR_Handler)
    i.SVC_Handler                            0x08002862   Section        2  stm32f10x_it.o(i.SVC_Handler)
    i.SetDeviceAddress                       0x08002864   Section       12  usb_core.o(i.SetDeviceAddress)
    i.SetEPRxCount                           0x08002870   Section        2  otgd_fs_dev.o(i.SetEPRxCount)
    i.SetEPTxCount                           0x08002872   Section        2  otgd_fs_dev.o(i.SetEPTxCount)
    i.SetEPTxStatus                          0x08002874   Section       16  otgd_fs_dev.o(i.SetEPTxStatus)
    i.SetSysClock                            0x08002884   Section        8  system_stm32f10x.o(i.SetSysClock)
    SetSysClock                              0x08002885   Thumb Code     8  system_stm32f10x.o(i.SetSysClock)
    i.SetSysClockTo72                        0x0800288c   Section      256  system_stm32f10x.o(i.SetSysClockTo72)
    SetSysClockTo72                          0x0800288d   Thumb Code   240  system_stm32f10x.o(i.SetSysClockTo72)
    i.Set_System                             0x0800298c   Section      272  hw_config.o(i.Set_System)
    i.Set_USBClock                           0x08002a9c   Section       18  hw_config.o(i.Set_USBClock)
    i.Setup0_Process                         0x08002ab0   Section      164  usb_core.o(i.Setup0_Process)
    i.Standard_ClearFeature                  0x08002b54   Section      236  usb_core.o(i.Standard_ClearFeature)
    i.Standard_GetConfiguration              0x08002c40   Section       44  usb_core.o(i.Standard_GetConfiguration)
    i.Standard_GetDescriptorData             0x08002c6c   Section       36  usb_core.o(i.Standard_GetDescriptorData)
    i.Standard_GetInterface                  0x08002c90   Section       44  usb_core.o(i.Standard_GetInterface)
    i.Standard_GetStatus                     0x08002cbc   Section      236  usb_core.o(i.Standard_GetStatus)
    i.Standard_SetConfiguration              0x08002da8   Section       72  usb_core.o(i.Standard_SetConfiguration)
    i.Standard_SetDeviceFeature              0x08002df0   Section       40  usb_core.o(i.Standard_SetDeviceFeature)
    i.Standard_SetEndPointFeature            0x08002e18   Section      128  usb_core.o(i.Standard_SetEndPointFeature)
    i.Standard_SetInterface                  0x08002e98   Section      108  usb_core.o(i.Standard_SetInterface)
    i.SysTick_CLKSourceConfig                0x08002f04   Section       40  misc.o(i.SysTick_CLKSourceConfig)
    i.SysTick_Handler                        0x08002f2c   Section        2  stm32f10x_it.o(i.SysTick_Handler)
    i.SystemInit                             0x08002f30   Section      108  system_stm32f10x.o(i.SystemInit)
    i.USBD_FS_IsDeviceMode                   0x08002f9c   Section       20  otgd_fs_cal.o(i.USBD_FS_IsDeviceMode)
    i.USB_Init                               0x08002fb0   Section       60  usb_init.o(i.USB_Init)
    i.USB_Interrupts_Config                  0x08002fec   Section       60  hw_config.o(i.USB_Interrupts_Config)
    i.USB_OTG_BSP_uDelay                     0x08003028   Section      144  hw_config.o(i.USB_OTG_BSP_uDelay)
    i.USB_SIL_Init                           0x080030b8   Section       10  usb_sil.o(i.USB_SIL_Init)
    i.USB_SIL_Write                          0x080030c2   Section       22  usb_sil.o(i.USB_SIL_Write)
    i.UsageFault_Handler                     0x080030d8   Section        4  stm32f10x_it.o(i.UsageFault_Handler)
    i.__scatterload_copy                     0x080030dc   Section       14  handlers.o(i.__scatterload_copy)
    i.__scatterload_null                     0x080030ea   Section        2  handlers.o(i.__scatterload_null)
    i.__scatterload_zeroinit                 0x080030ec   Section       14  handlers.o(i.__scatterload_zeroinit)
    i.main                                   0x080030fc   Section       52  main.o(i.main)
    .constdata                               0x08003130   Section      198  usb_desc.o(.constdata)
    .data                                    0x20000000   Section        1  hw_config.o(.data)
    .data                                    0x20000001   Section       26  usb_desc.o(.data)
    .data                                    0x2000001c   Section       62  usb_istr.o(.data)
    .data                                    0x2000005c   Section      156  usb_prop.o(.data)
    .data                                    0x200000f8   Section        7  usb_pwr.o(.data)
    .data                                    0x20000100   Section        4  usb_core.o(.data)
    .data                                    0x20000104   Section       20  usb_init.o(.data)
    .data                                    0x20000118   Section       10  otgd_fs_int.o(.data)
    .data                                    0x20000122   Section       20  stm32f10x_rcc.o(.data)
    APBAHBPrescTable                         0x20000122   Data          16  stm32f10x_rcc.o(.data)
    ADCPrescTable                            0x20000132   Data           4  stm32f10x_rcc.o(.data)
    .bss                                     0x20000138   Section       28  usb_init.o(.bss)
    .bss                                     0x20000154   Section       60  otgd_fs_cal.o(.bss)
    .bss                                     0x20000190   Section      128  otgd_fs_int.o(.bss)
    .bss                                     0x20000210   Section      224  otgd_fs_pcd.o(.bss)
    STACK                                    0x200002f0   Section     1024  startup_stm32f10x_cl.o(STACK)

    Global Symbols

    Symbol Name                              Value     Ov Type        Size  Object(Section)

    BuildAttributes$$THM_ISAv4$P$D$K$B$S$PE$A:L22UL41UL21$X:L11$S22US41US21$IEEE1$IW$USESV6$~STKCKD$USESV7$~SHL$OSPACE$EBA8$MICROLIB$REQ8$PRES8$EABIv2 0x00000000   Number         0  anon$$obj.o ABSOLUTE
    __ARM_use_no_argv                        0x00000000   Number         0  main.o ABSOLUTE
    __Vectors_Size                           0x00000150   Number         0  startup_stm32f10x_cl.o ABSOLUTE
    __Vectors                                0x08000000   Data           4  startup_stm32f10x_cl.o(RESET)
    __Vectors_End                            0x08000150   Data           0  startup_stm32f10x_cl.o(RESET)
    __main                                   0x08000151   Thumb Code     0  entry.o(.ARM.Collect$$$$00000000)
    _main_stk                                0x08000151   Thumb Code     0  entry2.o(.ARM.Collect$$$$00000001)
    _main_scatterload                        0x08000155   Thumb Code     0  entry5.o(.ARM.Collect$$$$00000004)
    __main_after_scatterload                 0x08000159   Thumb Code     0  entry5.o(.ARM.Collect$$$$00000004)
    _main_init                               0x08000159   Thumb Code     0  entry7.o(.ARM.Collect$$$$00000007)
    Reset_Handler                            0x08000165   Thumb Code     8  startup_stm32f10x_cl.o(.text)
    ADC1_2_IRQHandler                        0x0800017f   Thumb Code     0  startup_stm32f10x_cl.o(.text)
    CAN1_RX0_IRQHandler                      0x0800017f   Thumb Code     0  startup_stm32f10x_cl.o(.text)
    CAN1_RX1_IRQHandler                      0x0800017f   Thumb Code     0  startup_stm32f10x_cl.o(.text)
    CAN1_SCE_IRQHandler                      0x0800017f   Thumb Code     0  startup_stm32f10x_cl.o(.text)
    CAN1_TX_IRQHandler                       0x0800017f   Thumb Code     0  startup_stm32f10x_cl.o(.text)
    CAN2_RX0_IRQHandler                      0x0800017f   Thumb Code     0  startup_stm32f10x_cl.o(.text)
    CAN2_RX1_IRQHandler                      0x0800017f   Thumb Code     0  startup_stm32f10x_cl.o(.text)
    CAN2_SCE_IRQHandler                      0x0800017f   Thumb Code     0  startup_stm32f10x_cl.o(.text)
    CAN2_TX_IRQHandler                       0x0800017f   Thumb Code     0  startup_stm32f10x_cl.o(.text)
    DMA1_Channel1_IRQHandler                 0x0800017f   Thumb Code     0  startup_stm32f10x_cl.o(.text)
    DMA1_Channel2_IRQHandler                 0x0800017f   Thumb Code     0  startup_stm32f10x_cl.o(.text)
    DMA1_Channel3_IRQHandler                 0x0800017f   Thumb Code     0  startup_stm32f10x_cl.o(.text)
    DMA1_Channel4_IRQHandler                 0x0800017f   Thumb Code     0  startup_stm32f10x_cl.o(.text)
    DMA1_Channel5_IRQHandler                 0x0800017f   Thumb Code     0  startup_stm32f10x_cl.o(.text)
    DMA1_Channel6_IRQHandler                 0x0800017f   Thumb Code     0  startup_stm32f10x_cl.o(.text)
    DMA1_Channel7_IRQHandler                 0x0800017f   Thumb Code     0  startup_stm32f10x_cl.o(.text)
    DMA2_Channel1_IRQHandler                 0x0800017f   Thumb Code     0  startup_stm32f10x_cl.o(.text)
    DMA2_Channel2_IRQHandler                 0x0800017f   Thumb Code     0  startup_stm32f10x_cl.o(.text)
    DMA2_Channel3_IRQHandler                 0x0800017f   Thumb Code     0  startup_stm32f10x_cl.o(.text)
    DMA2_Channel4_IRQHandler                 0x0800017f   Thumb Code     0  startup_stm32f10x_cl.o(.text)
    DMA2_Channel5_IRQHandler                 0x0800017f   Thumb Code     0  startup_stm32f10x_cl.o(.text)
    ETH_IRQHandler                           0x0800017f   Thumb Code     0  startup_stm32f10x_cl.o(.text)
    ETH_WKUP_IRQHandler                      0x0800017f   Thumb Code     0  startup_stm32f10x_cl.o(.text)
    EXTI0_IRQHandler                         0x0800017f   Thumb Code     0  startup_stm32f10x_cl.o(.text)
    EXTI15_10_IRQHandler                     0x0800017f   Thumb Code     0  startup_stm32f10x_cl.o(.text)
    EXTI1_IRQHandler                         0x0800017f   Thumb Code     0  startup_stm32f10x_cl.o(.text)
    EXTI2_IRQHandler                         0x0800017f   Thumb Code     0  startup_stm32f10x_cl.o(.text)
    EXTI3_IRQHandler                         0x0800017f   Thumb Code     0  startup_stm32f10x_cl.o(.text)
    EXTI4_IRQHandler                         0x0800017f   Thumb Code     0  startup_stm32f10x_cl.o(.text)
    EXTI9_5_IRQHandler                       0x0800017f   Thumb Code     0  startup_stm32f10x_cl.o(.text)
    FLASH_IRQHandler                         0x0800017f   Thumb Code     0  startup_stm32f10x_cl.o(.text)
    I2C1_ER_IRQHandler                       0x0800017f   Thumb Code     0  startup_stm32f10x_cl.o(.text)
    I2C1_EV_IRQHandler                       0x0800017f   Thumb Code     0  startup_stm32f10x_cl.o(.text)
    I2C2_ER_IRQHandler                       0x0800017f   Thumb Code     0  startup_stm32f10x_cl.o(.text)
    I2C2_EV_IRQHandler                       0x0800017f   Thumb Code     0  startup_stm32f10x_cl.o(.text)
    PVD_IRQHandler                           0x0800017f   Thumb Code     0  startup_stm32f10x_cl.o(.text)
    RCC_IRQHandler                           0x0800017f   Thumb Code     0  startup_stm32f10x_cl.o(.text)
    RTCAlarm_IRQHandler                      0x0800017f   Thumb Code     0  startup_stm32f10x_cl.o(.text)
    RTC_IRQHandler                           0x0800017f   Thumb Code     0  startup_stm32f10x_cl.o(.text)
    SPI1_IRQHandler                          0x0800017f   Thumb Code     0  startup_stm32f10x_cl.o(.text)
    SPI2_IRQHandler                          0x0800017f   Thumb Code     0  startup_stm32f10x_cl.o(.text)
    SPI3_IRQHandler                          0x0800017f   Thumb Code     0  startup_stm32f10x_cl.o(.text)
    TAMPER_IRQHandler                        0x0800017f   Thumb Code     0  startup_stm32f10x_cl.o(.text)
    TIM1_BRK_IRQHandler                      0x0800017f   Thumb Code     0  startup_stm32f10x_cl.o(.text)
    TIM1_CC_IRQHandler                       0x0800017f   Thumb Code     0  startup_stm32f10x_cl.o(.text)
    TIM1_TRG_COM_IRQHandler                  0x0800017f   Thumb Code     0  startup_stm32f10x_cl.o(.text)
    TIM1_UP_IRQHandler                       0x0800017f   Thumb Code     0  startup_stm32f10x_cl.o(.text)
    TIM2_IRQHandler                          0x0800017f   Thumb Code     0  startup_stm32f10x_cl.o(.text)
    TIM3_IRQHandler                          0x0800017f   Thumb Code     0  startup_stm32f10x_cl.o(.text)
    TIM4_IRQHandler                          0x0800017f   Thumb Code     0  startup_stm32f10x_cl.o(.text)
    TIM5_IRQHandler                          0x0800017f   Thumb Code     0  startup_stm32f10x_cl.o(.text)
    TIM6_IRQHandler                          0x0800017f   Thumb Code     0  startup_stm32f10x_cl.o(.text)
    TIM7_IRQHandler                          0x0800017f   Thumb Code     0  startup_stm32f10x_cl.o(.text)
    UART4_IRQHandler                         0x0800017f   Thumb Code     0  startup_stm32f10x_cl.o(.text)
    UART5_IRQHandler                         0x0800017f   Thumb Code     0  startup_stm32f10x_cl.o(.text)
    USART1_IRQHandler                        0x0800017f   Thumb Code     0  startup_stm32f10x_cl.o(.text)
    USART2_IRQHandler                        0x0800017f   Thumb Code     0  startup_stm32f10x_cl.o(.text)
    USART3_IRQHandler                        0x0800017f   Thumb Code     0  startup_stm32f10x_cl.o(.text)
    WWDG_IRQHandler                          0x0800017f   Thumb Code     0  startup_stm32f10x_cl.o(.text)
    __scatterload                            0x08000189   Thumb Code    28  init.o(.text)
    __scatterload_rt2                        0x08000189   Thumb Code     0  init.o(.text)
    __decompress                             0x080001ad   Thumb Code     0  __dczerorl2.o(.text)
    __decompress1                            0x080001ad   Thumb Code    88  __dczerorl2.o(.text)
    BusFault_Handler                         0x08000205   Thumb Code     4  stm32f10x_it.o(i.BusFault_Handler)
    ByteSwap                                 0x08000209   Thumb Code    16  otgd_fs_dev.o(i.ByteSwap)
    DebugMon_Handler                         0x080005ed   Thumb Code     2  stm32f10x_it.o(i.DebugMon_Handler)
    FLASH_PrefetchBufferCmd                  0x080005f1   Thumb Code    22  stm32f10x_flash.o(i.FLASH_PrefetchBufferCmd)
    FLASH_SetLatency                         0x0800060d   Thumb Code    16  stm32f10x_flash.o(i.FLASH_SetLatency)
    GPIO_AINConfig                           0x08000621   Thumb Code     2  hw_config.o(i.GPIO_AINConfig)
    GPIO_Init                                0x08000623   Thumb Code   268  stm32f10x_gpio.o(i.GPIO_Init)
    GPIO_ReadInputDataBit                    0x0800072f   Thumb Code    18  stm32f10x_gpio.o(i.GPIO_ReadInputDataBit)
    Get_SerialNum                            0x08000741   Thumb Code    46  hw_config.o(i.Get_SerialNum)
    HardFault_Handler                        0x0800077d   Thumb Code     4  stm32f10x_it.o(i.HardFault_Handler)
    In0_Process                              0x08000781   Thumb Code    98  usb_core.o(i.In0_Process)
    JoyState                                 0x08000855   Thumb Code    94  hw_config.o(i.JoyState)
    Joystick_Data_Setup                      0x080008c1   Thumb Code   108  usb_prop.o(i.Joystick_Data_Setup)
    Joystick_GetConfigDescriptor             0x0800093d   Thumb Code    14  usb_prop.o(i.Joystick_GetConfigDescriptor)
    Joystick_GetDeviceDescriptor             0x08000951   Thumb Code    14  usb_prop.o(i.Joystick_GetDeviceDescriptor)
    Joystick_GetHIDDescriptor                0x08000965   Thumb Code    14  usb_prop.o(i.Joystick_GetHIDDescriptor)
    Joystick_GetProtocolValue                0x08000979   Thumb Code    20  usb_prop.o(i.Joystick_GetProtocolValue)
    Joystick_GetReportDescriptor             0x08000995   Thumb Code    14  usb_prop.o(i.Joystick_GetReportDescriptor)
    Joystick_GetStringDescriptor             0x080009a9   Thumb Code    32  usb_prop.o(i.Joystick_GetStringDescriptor)
    Joystick_Get_Interface_Setting           0x080009d1   Thumb Code    22  usb_prop.o(i.Joystick_Get_Interface_Setting)
    Joystick_NoData_Setup                    0x080009e9   Thumb Code    32  usb_prop.o(i.Joystick_NoData_Setup)
    Joystick_Reset                           0x08000a0d   Thumb Code    44  usb_prop.o(i.Joystick_Reset)
    Joystick_Send                            0x08000a45   Thumb Code   130  hw_config.o(i.Joystick_Send)
    Joystick_SetConfiguration                0x08000ac9   Thumb Code    14  usb_prop.o(i.Joystick_SetConfiguration)
    Joystick_SetDeviceAddress                0x08000ae1   Thumb Code     8  usb_prop.o(i.Joystick_SetDeviceAddress)
    Joystick_SetProtocol                     0x08000aed   Thumb Code    14  usb_prop.o(i.Joystick_SetProtocol)
    Joystick_Status_In                       0x08000b05   Thumb Code     2  usb_prop.o(i.Joystick_Status_In)
    Joystick_Status_Out                      0x08000b07   Thumb Code     2  usb_prop.o(i.Joystick_Status_Out)
    Joystick_init                            0x08000b09   Thumb Code    30  usb_prop.o(i.Joystick_init)
    Leave_LowPowerMode                       0x08000b31   Thumb Code     2  hw_config.o(i.Leave_LowPowerMode)
    MemManage_Handler                        0x08000b33   Thumb Code     4  stm32f10x_it.o(i.MemManage_Handler)
    NMI_Handler                              0x08000b37   Thumb Code     2  stm32f10x_it.o(i.NMI_Handler)
    NOP_Process                              0x08000b39   Thumb Code     2  usb_core.o(i.NOP_Process)
    NVIC_Init                                0x08000b3d   Thumb Code   102  misc.o(i.NVIC_Init)
    NVIC_PriorityGroupConfig                 0x08000bb1   Thumb Code    10  misc.o(i.NVIC_PriorityGroupConfig)
    OTGD_FS_CoreInit                         0x08000d01   Thumb Code    92  otgd_fs_cal.o(i.OTGD_FS_CoreInit)
    OTGD_FS_CoreInitDev                      0x08000d61   Thumb Code   432  otgd_fs_cal.o(i.OTGD_FS_CoreInitDev)
    OTGD_FS_DisableGlobalInt                 0x08000f8d   Thumb Code    36  otgd_fs_cal.o(i.OTGD_FS_DisableGlobalInt)
    OTGD_FS_EP0Activate                      0x08000fb5   Thumb Code    66  otgd_fs_cal.o(i.OTGD_FS_EP0Activate)
    OTGD_FS_EP0StartXfer                     0x08000ffd   Thumb Code   286  otgd_fs_cal.o(i.OTGD_FS_EP0StartXfer)
    OTGD_FS_EPActivate                       0x08001121   Thumb Code   158  otgd_fs_cal.o(i.OTGD_FS_EPActivate)
    OTGD_FS_EPClearStall                     0x080011c5   Thumb Code    78  otgd_fs_cal.o(i.OTGD_FS_EPClearStall)
    OTGD_FS_EPSetStall                       0x08001219   Thumb Code    96  otgd_fs_cal.o(i.OTGD_FS_EPSetStall)
    OTGD_FS_EPStartXfer                      0x0800127d   Thumb Code   460  otgd_fs_cal.o(i.OTGD_FS_EPStartXfer)
    OTGD_FS_EnableDevInt                     0x0800144d   Thumb Code   124  otgd_fs_cal.o(i.OTGD_FS_EnableDevInt)
    OTGD_FS_EnableGlobalInt                  0x080014cd   Thumb Code    36  otgd_fs_cal.o(i.OTGD_FS_EnableGlobalInt)
    OTGD_FS_FlushRxFifo                      0x080014f5   Thumb Code    72  otgd_fs_cal.o(i.OTGD_FS_FlushRxFifo)
    OTGD_FS_FlushTxFifo                      0x08001545   Thumb Code    82  otgd_fs_cal.o(i.OTGD_FS_FlushTxFifo)
    OTGD_FS_GetEPStatus                      0x080015a1   Thumb Code   112  otgd_fs_cal.o(i.OTGD_FS_GetEPStatus)
    OTGD_FS_Handle_EarlySuspend_ISR          0x08001615   Thumb Code    64  otgd_fs_int.o(i.OTGD_FS_Handle_EarlySuspend_ISR)
    OTGD_FS_Handle_EnumDone_ISR              0x08001659   Thumb Code    68  otgd_fs_int.o(i.OTGD_FS_Handle_EnumDone_ISR)
    OTGD_FS_Handle_InEP_ISR                  0x080016a1   Thumb Code   348  otgd_fs_int.o(i.OTGD_FS_Handle_InEP_ISR)
    OTGD_FS_Handle_OutEP_ISR                 0x0800180d   Thumb Code   210  otgd_fs_int.o(i.OTGD_FS_Handle_OutEP_ISR)
    OTGD_FS_Handle_RxStatusQueueLevel_ISR    0x080018ed   Thumb Code   266  otgd_fs_int.o(i.OTGD_FS_Handle_RxStatusQueueLevel_ISR)
    OTGD_FS_Handle_UsbReset_ISR              0x08001a09   Thumb Code   276  otgd_fs_int.o(i.OTGD_FS_Handle_UsbReset_ISR)
    OTGD_FS_Handle_Wakeup_ISR                0x08001b25   Thumb Code    34  otgd_fs_int.o(i.OTGD_FS_Handle_Wakeup_ISR)
    OTGD_FS_ReadCoreItr                      0x08001b4d   Thumb Code    18  otgd_fs_cal.o(i.OTGD_FS_ReadCoreItr)
    OTGD_FS_ReadDevAllInEPItr                0x08001b65   Thumb Code    20  otgd_fs_cal.o(i.OTGD_FS_ReadDevAllInEPItr)
    OTGD_FS_ReadDevAllOutEp_itr              0x08001b7d   Thumb Code    20  otgd_fs_cal.o(i.OTGD_FS_ReadDevAllOutEp_itr)
    OTGD_FS_ReadDevOutEP_itr                 0x08001b95   Thumb Code    26  otgd_fs_cal.o(i.OTGD_FS_ReadDevOutEP_itr)
    OTGD_FS_ReadPacket                       0x08001bb5   Thumb Code    40  otgd_fs_cal.o(i.OTGD_FS_ReadPacket)
    OTGD_FS_ResetRemoteWakeup                0x08001be1   Thumb Code    32  otgd_fs_cal.o(i.OTGD_FS_ResetRemoteWakeup)
    OTGD_FS_SetAddress                       0x08001c05   Thumb Code    96  otgd_fs_cal.o(i.OTGD_FS_SetAddress)
    OTGD_FS_SetEPStatus                      0x08001c9d   Thumb Code   276  otgd_fs_cal.o(i.OTGD_FS_SetEPStatus)
    OTGD_FS_SetRemoteWakeup                  0x08001db5   Thumb Code    34  otgd_fs_cal.o(i.OTGD_FS_SetRemoteWakeup)
    OTGD_FS_WritePacket                      0x08001ddd   Thumb Code    48  otgd_fs_cal.o(i.OTGD_FS_WritePacket)
    OTG_DEV_EP_Init                          0x08001e11   Thumb Code    84  otgd_fs_dev.o(i.OTG_DEV_EP_Init)
    OTG_DEV_GetEPRxStatus                    0x08001e65   Thumb Code    28  otgd_fs_dev.o(i.OTG_DEV_GetEPRxStatus)
    OTG_DEV_GetEPTxStatus                    0x08001e81   Thumb Code    28  otgd_fs_dev.o(i.OTG_DEV_GetEPTxStatus)
    OTG_DEV_Init                             0x08001e9d   Thumb Code    64  otgd_fs_dev.o(i.OTG_DEV_Init)
    OTG_DEV_SetEPRxStatus                    0x08001edd   Thumb Code    26  otgd_fs_dev.o(i.OTG_DEV_SetEPRxStatus)
    OTG_DEV_SetEPTxStatus                    0x08001ef7   Thumb Code    38  otgd_fs_dev.o(i.OTG_DEV_SetEPTxStatus)
    OTG_FS_IRQHandler                        0x08001f1d   Thumb Code     8  stm32f10x_it.o(i.OTG_FS_IRQHandler)
    OTG_FS_WKUP_IRQHandler                   0x08001f25   Thumb Code    10  stm32f10x_it.o(i.OTG_FS_WKUP_IRQHandler)
    Out0_Process                             0x08001f31   Thumb Code    68  usb_core.o(i.Out0_Process)
    PCD_EP0_OutStart                         0x08001f7d   Thumb Code    50  otgd_fs_pcd.o(i.PCD_EP0_OutStart)
    PCD_EP_ClrStall                          0x08001fb5   Thumb Code    52  otgd_fs_pcd.o(i.PCD_EP_ClrStall)
    PCD_EP_Flush                             0x08001fe9   Thumb Code    52  otgd_fs_pcd.o(i.PCD_EP_Flush)
    PCD_EP_Open                              0x0800201d   Thumb Code    84  otgd_fs_pcd.o(i.PCD_EP_Open)
    PCD_EP_Read                              0x08002071   Thumb Code    86  otgd_fs_pcd.o(i.PCD_EP_Read)
    PCD_EP_SetAddress                        0x080020c9   Thumb Code    32  otgd_fs_pcd.o(i.PCD_EP_SetAddress)
    PCD_EP_Write                             0x080020ed   Thumb Code    62  otgd_fs_pcd.o(i.PCD_EP_Write)
    PCD_GetInEP                              0x0800212d   Thumb Code    20  otgd_fs_pcd.o(i.PCD_GetInEP)
    PCD_GetOutEP                             0x08002145   Thumb Code    20  otgd_fs_pcd.o(i.PCD_GetOutEP)
    PCD_Init                                 0x0800215d   Thumb Code   144  otgd_fs_pcd.o(i.PCD_Init)
    PendSV_Handler                           0x080022b1   Thumb Code     2  stm32f10x_it.o(i.PendSV_Handler)
    Post0_Process                            0x080022b5   Thumb Code   142  usb_core.o(i.Post0_Process)
    PowerOn                                  0x08002355   Thumb Code     4  usb_pwr.o(i.PowerOn)
    RCC_AHBPeriphClockCmd                    0x08002359   Thumb Code    26  stm32f10x_rcc.o(i.RCC_AHBPeriphClockCmd)
    RCC_APB1PeriphClockCmd                   0x08002379   Thumb Code    26  stm32f10x_rcc.o(i.RCC_APB1PeriphClockCmd)
    RCC_APB2PeriphClockCmd                   0x08002399   Thumb Code    26  stm32f10x_rcc.o(i.RCC_APB2PeriphClockCmd)
    RCC_DeInit                               0x080023b9   Thumb Code    78  stm32f10x_rcc.o(i.RCC_DeInit)
    RCC_GetClocksFreq                        0x08002415   Thumb Code   374  stm32f10x_rcc.o(i.RCC_GetClocksFreq)
    RCC_GetFlagStatus                        0x080025a1   Thumb Code    56  stm32f10x_rcc.o(i.RCC_GetFlagStatus)
    RCC_GetSYSCLKSource                      0x080025dd   Thumb Code    10  stm32f10x_rcc.o(i.RCC_GetSYSCLKSource)
    RCC_HCLKConfig                           0x080025ed   Thumb Code    16  stm32f10x_rcc.o(i.RCC_HCLKConfig)
    RCC_HSEConfig                            0x08002601   Thumb Code    70  stm32f10x_rcc.o(i.RCC_HSEConfig)
    RCC_OTGFSCLKConfig                       0x0800264d   Thumb Code     6  stm32f10x_rcc.o(i.RCC_OTGFSCLKConfig)
    RCC_PCLK1Config                          0x08002659   Thumb Code    16  stm32f10x_rcc.o(i.RCC_PCLK1Config)
    RCC_PCLK2Config                          0x0800266d   Thumb Code    18  stm32f10x_rcc.o(i.RCC_PCLK2Config)
    RCC_PLL2Cmd                              0x08002685   Thumb Code     6  stm32f10x_rcc.o(i.RCC_PLL2Cmd)
    RCC_PLL2Config                           0x08002691   Thumb Code    16  stm32f10x_rcc.o(i.RCC_PLL2Config)
    RCC_PLLCmd                               0x080026a5   Thumb Code     6  stm32f10x_rcc.o(i.RCC_PLLCmd)
    RCC_PLLConfig                            0x080026b1   Thumb Code    22  stm32f10x_rcc.o(i.RCC_PLLConfig)
    RCC_PREDIV1Config                        0x080026cd   Thumb Code    22  stm32f10x_rcc.o(i.RCC_PREDIV1Config)
    RCC_PREDIV2Config                        0x080026ed   Thumb Code    16  stm32f10x_rcc.o(i.RCC_PREDIV2Config)
    RCC_SYSCLKConfig                         0x08002701   Thumb Code    16  stm32f10x_rcc.o(i.RCC_SYSCLKConfig)
    RCC_WaitForHSEStartUp                    0x08002715   Thumb Code    48  stm32f10x_rcc.o(i.RCC_WaitForHSEStartUp)
    Resume                                   0x08002745   Thumb Code   134  usb_pwr.o(i.Resume)
    Resume_Init                              0x080027d1   Thumb Code    14  usb_pwr.o(i.Resume_Init)
    STM32_PCD_OTG_ISR_Handler                0x080027e5   Thumb Code   126  usb_istr.o(i.STM32_PCD_OTG_ISR_Handler)
    SVC_Handler                              0x08002863   Thumb Code     2  stm32f10x_it.o(i.SVC_Handler)
    SetDeviceAddress                         0x08002865   Thumb Code    12  usb_core.o(i.SetDeviceAddress)
    SetEPRxCount                             0x08002871   Thumb Code     2  otgd_fs_dev.o(i.SetEPRxCount)
    SetEPTxCount                             0x08002873   Thumb Code     2  otgd_fs_dev.o(i.SetEPTxCount)
    SetEPTxStatus                            0x08002875   Thumb Code    16  otgd_fs_dev.o(i.SetEPTxStatus)
    Set_System                               0x0800298d   Thumb Code   256  hw_config.o(i.Set_System)
    Set_USBClock                             0x08002a9d   Thumb Code    18  hw_config.o(i.Set_USBClock)
    Setup0_Process                           0x08002ab1   Thumb Code   160  usb_core.o(i.Setup0_Process)
    Standard_ClearFeature                    0x08002b55   Thumb Code   220  usb_core.o(i.Standard_ClearFeature)
    Standard_GetConfiguration                0x08002c41   Thumb Code    34  usb_core.o(i.Standard_GetConfiguration)
    Standard_GetDescriptorData               0x08002c6d   Thumb Code    32  usb_core.o(i.Standard_GetDescriptorData)
    Standard_GetInterface                    0x08002c91   Thumb Code    34  usb_core.o(i.Standard_GetInterface)
    Standard_GetStatus                       0x08002cbd   Thumb Code   222  usb_core.o(i.Standard_GetStatus)
    Standard_SetConfiguration                0x08002da9   Thumb Code    60  usb_core.o(i.Standard_SetConfiguration)
    Standard_SetDeviceFeature                0x08002df1   Thumb Code    30  usb_core.o(i.Standard_SetDeviceFeature)
    Standard_SetEndPointFeature              0x08002e19   Thumb Code   116  usb_core.o(i.Standard_SetEndPointFeature)
    Standard_SetInterface                    0x08002e99   Thumb Code    96  usb_core.o(i.Standard_SetInterface)
    SysTick_CLKSourceConfig                  0x08002f05   Thumb Code    40  misc.o(i.SysTick_CLKSourceConfig)
    SysTick_Handler                          0x08002f2d   Thumb Code     2  stm32f10x_it.o(i.SysTick_Handler)
    SystemInit                               0x08002f31   Thumb Code    92  system_stm32f10x.o(i.SystemInit)
    USBD_FS_IsDeviceMode                     0x08002f9d   Thumb Code    16  otgd_fs_cal.o(i.USBD_FS_IsDeviceMode)
    USB_Init                                 0x08002fb1   Thumb Code    36  usb_init.o(i.USB_Init)
    USB_Interrupts_Config                    0x08002fed   Thumb Code    60  hw_config.o(i.USB_Interrupts_Config)
    USB_OTG_BSP_uDelay                       0x08003029   Thumb Code   130  hw_config.o(i.USB_OTG_BSP_uDelay)
    USB_SIL_Init                             0x080030b9   Thumb Code    10  usb_sil.o(i.USB_SIL_Init)
    USB_SIL_Write                            0x080030c3   Thumb Code    22  usb_sil.o(i.USB_SIL_Write)
    UsageFault_Handler                       0x080030d9   Thumb Code     4  stm32f10x_it.o(i.UsageFault_Handler)
    __scatterload_copy                       0x080030dd   Thumb Code    14  handlers.o(i.__scatterload_copy)
    __scatterload_null                       0x080030eb   Thumb Code     2  handlers.o(i.__scatterload_null)
    __scatterload_zeroinit                   0x080030ed   Thumb Code    14  handlers.o(i.__scatterload_zeroinit)
    main                                     0x080030fd   Thumb Code    46  main.o(i.main)
    Joystick_DeviceDescriptor                0x08003130   Data          18  usb_desc.o(.constdata)
    Joystick_ConfigDescriptor                0x08003142   Data          34  usb_desc.o(.constdata)
    Joystick_ReportDescriptor                0x08003164   Data          74  usb_desc.o(.constdata)
    Joystick_StringLangID                    0x080031ae   Data           4  usb_desc.o(.constdata)
    Joystick_StringVendor                    0x080031b2   Data          38  usb_desc.o(.constdata)
    Joystick_StringProduct                   0x080031d8   Data          30  usb_desc.o(.constdata)
    Region$$Table$$Base                      0x080031f8   Number         0  anon$$obj.o(Region$$Table)
    Region$$Table$$Limit                     0x08003218   Number         0  anon$$obj.o(Region$$Table)
    HSEStartUpStatus                         0x20000000   Data           1  hw_config.o(.data)
    Joystick_StringSerial                    0x20000001   Data          26  usb_desc.o(.data)
    bIntPackSOF                              0x2000001c   Data           1  usb_istr.o(.data)
    pEpInt_IN                                0x20000020   Data          28  usb_istr.o(.data)
    pEpInt_OUT                               0x2000003c   Data          28  usb_istr.o(.data)
    wIstr                                    0x20000058   Data           2  usb_istr.o(.data)
    Device_Table                             0x2000005c   Data           2  usb_prop.o(.data)
    Device_Property                          0x20000060   Data          48  usb_prop.o(.data)
    User_Standard_Requests                   0x20000090   Data          36  usb_prop.o(.data)
    Device_Descriptor                        0x200000b4   Data           8  usb_prop.o(.data)
    Config_Descriptor                        0x200000bc   Data           8  usb_prop.o(.data)
    Joystick_Report_Descriptor               0x200000c4   Data           8  usb_prop.o(.data)
    Mouse_Hid_Descriptor                     0x200000cc   Data           8  usb_prop.o(.data)
    String_Descriptor                        0x200000d4   Data          32  usb_prop.o(.data)
    ProtocolValue                            0x200000f4   Data           4  usb_prop.o(.data)
    bDeviceState                             0x200000f8   Data           4  usb_pwr.o(.data)
    fSuspendEnabled                          0x200000fc   Data           1  usb_pwr.o(.data)
    ResumeS                                  0x200000fd   Data           2  usb_pwr.o(.data)
    Data_Mul_MaxPacketSize                   0x20000100   Data           1  usb_core.o(.data)
    StatusInfo                               0x20000102   Data           2  usb_core.o(.data)
    EPindex                                  0x20000104   Data           1  usb_init.o(.data)
    pInformation                             0x20000108   Data           4  usb_init.o(.data)
    pProperty                                0x2000010c   Data           4  usb_init.o(.data)
    SaveState                                0x20000110   Data           2  usb_init.o(.data)
    wInterrupt_Mask                          0x20000112   Data           2  usb_init.o(.data)
    pUser_Standard_Requests                  0x20000114   Data           4  usb_init.o(.data)
    IsocBufferIdx                            0x20000118   Data           4  otgd_fs_int.o(.data)
    IsocBuff                                 0x2000011c   Data           2  otgd_fs_int.o(.data)
    SaveRState                               0x2000011e   Data           2  otgd_fs_int.o(.data)
    SaveTState                               0x20000120   Data           2  otgd_fs_int.o(.data)
    Device_Info                              0x20000138   Data          28  usb_init.o(.bss)
    USB_OTG_FS_regs                          0x20000154   Data          60  otgd_fs_cal.o(.bss)
    USBD_Data_Buffer                         0x20000190   Data         128  otgd_fs_int.o(.bss)
    USB_OTG_PCD_dev                          0x20000210   Data         224  otgd_fs_pcd.o(.bss)
    __initial_sp                             0x200006f0   Data           0  startup_stm32f10x_cl.o(STACK)



==============================================================================

Memory Map of the image

  Image Entry point : 0x08000151

  Load Region LR_IROM1 (Base: 0x08000000, Size: 0x00003350, Max: 0x00040000, ABSOLUTE, COMPRESSED[0x000032a0])

    Execution Region ER_IROM1 (Base: 0x08000000, Size: 0x00003218, Max: 0x00040000, ABSOLUTE)

    Base Addr    Size         Type   Attr      Idx    E Section Name        Object

    0x08000000   0x00000150   Data   RO         4245    RESET               startup_stm32f10x_cl.o
    0x08000150   0x00000000   Code   RO         4250  * .ARM.Collect$$$$00000000  entry.o(mc_w.l)
    0x08000150   0x00000004   Code   RO         4253    .ARM.Collect$$$$00000001  entry2.o(mc_w.l)
    0x08000154   0x00000004   Code   RO         4256    .ARM.Collect$$$$00000004  entry5.o(mc_w.l)
    0x08000158   0x00000008   Code   RO         4257    .ARM.Collect$$$$00000007  entry7.o(mc_w.l)
    0x08000160   0x00000004   Code   RO         4254    .ARM.Collect$$$$00002712  entry2.o(mc_w.l)
    0x08000164   0x00000024   Code   RO         4246    .text               startup_stm32f10x_cl.o
    0x08000188   0x00000024   Code   RO         4258    .text               init.o(mc_w.l)
    0x080001ac   0x00000058   Code   RO         4268    .text               __dczerorl2.o(mc_w.l)
    0x08000204   0x00000004   Code   RO          101    i.BusFault_Handler  stm32f10x_it.o
    0x08000208   0x00000010   Code   RO          826    i.ByteSwap          otgd_fs_dev.o
    0x08000218   0x000000ac   Code   RO          456    i.DataStageIn       usb_core.o
    0x080002c4   0x000000a4   Code   RO          457    i.DataStageOut      usb_core.o
    0x08000368   0x00000284   Code   RO          458    i.Data_Setup0       usb_core.o
    0x080005ec   0x00000002   Code   RO          102    i.DebugMon_Handler  stm32f10x_it.o
    0x080005ee   0x00000002   PAD
    0x080005f0   0x0000001c   Code   RO         1218    i.FLASH_PrefetchBufferCmd  stm32f10x_flash.o
    0x0800060c   0x00000014   Code   RO         1223    i.FLASH_SetLatency  stm32f10x_flash.o
    0x08000620   0x00000002   Code   RO          183    i.GPIO_AINConfig    hw_config.o
    0x08000622   0x0000010c   Code   RO         1381    i.GPIO_Init         stm32f10x_gpio.o
    0x0800072e   0x00000012   Code   RO         1385    i.GPIO_ReadInputDataBit  stm32f10x_gpio.o
    0x08000740   0x0000003c   Code   RO          184    i.Get_SerialNum     hw_config.o
    0x0800077c   0x00000004   Code   RO          103    i.HardFault_Handler  stm32f10x_it.o
    0x08000780   0x00000070   Code   RO          459    i.In0_Process       usb_core.o
    0x080007f0   0x00000028   Code   RO          640    i.InitDevSpeed      otgd_fs_cal.o
    0x08000818   0x0000003c   Code   RO          185    i.IntToUnicode      hw_config.o
    0x08000854   0x0000006c   Code   RO          186    i.JoyState          hw_config.o
    0x080008c0   0x0000007c   Code   RO          301    i.Joystick_Data_Setup  usb_prop.o
    0x0800093c   0x00000014   Code   RO          302    i.Joystick_GetConfigDescriptor  usb_prop.o
    0x08000950   0x00000014   Code   RO          303    i.Joystick_GetDeviceDescriptor  usb_prop.o
    0x08000964   0x00000014   Code   RO          304    i.Joystick_GetHIDDescriptor  usb_prop.o
    0x08000978   0x0000001c   Code   RO          305    i.Joystick_GetProtocolValue  usb_prop.o
    0x08000994   0x00000014   Code   RO          306    i.Joystick_GetReportDescriptor  usb_prop.o
    0x080009a8   0x00000028   Code   RO          307    i.Joystick_GetStringDescriptor  usb_prop.o
    0x080009d0   0x00000016   Code   RO          308    i.Joystick_Get_Interface_Setting  usb_prop.o
    0x080009e6   0x00000002   PAD
    0x080009e8   0x00000024   Code   RO          309    i.Joystick_NoData_Setup  usb_prop.o
    0x08000a0c   0x00000038   Code   RO          310    i.Joystick_Reset    usb_prop.o
    0x08000a44   0x00000082   Code   RO          187    i.Joystick_Send     hw_config.o
    0x08000ac6   0x00000002   PAD
    0x08000ac8   0x00000018   Code   RO          311    i.Joystick_SetConfiguration  usb_prop.o
    0x08000ae0   0x0000000c   Code   RO          312    i.Joystick_SetDeviceAddress  usb_prop.o
    0x08000aec   0x00000018   Code   RO          313    i.Joystick_SetProtocol  usb_prop.o
    0x08000b04   0x00000002   Code   RO          314    i.Joystick_Status_In  usb_prop.o
    0x08000b06   0x00000002   Code   RO          315    i.Joystick_Status_Out  usb_prop.o
    0x08000b08   0x00000028   Code   RO          316    i.Joystick_init     usb_prop.o
    0x08000b30   0x00000002   Code   RO          188    i.Leave_LowPowerMode  hw_config.o
    0x08000b32   0x00000004   Code   RO          104    i.MemManage_Handler  stm32f10x_it.o
    0x08000b36   0x00000002   Code   RO          105    i.NMI_Handler       stm32f10x_it.o
    0x08000b38   0x00000002   Code   RO          460    i.NOP_Process       usb_core.o
    0x08000b3a   0x00000002   PAD
    0x08000b3c   0x00000074   Code   RO         1165    i.NVIC_Init         misc.o
    0x08000bb0   0x00000014   Code   RO         1166    i.NVIC_PriorityGroupConfig  misc.o
    0x08000bc4   0x0000013c   Code   RO          461    i.NoData_Setup0     usb_core.o
    0x08000d00   0x00000060   Code   RO          641    i.OTGD_FS_CoreInit  otgd_fs_cal.o
    0x08000d60   0x000001b4   Code   RO          642    i.OTGD_FS_CoreInitDev  otgd_fs_cal.o
    0x08000f14   0x00000078   Code   RO          643    i.OTGD_FS_CoreReset  otgd_fs_cal.o
    0x08000f8c   0x00000028   Code   RO          644    i.OTGD_FS_DisableGlobalInt  otgd_fs_cal.o
    0x08000fb4   0x00000048   Code   RO          645    i.OTGD_FS_EP0Activate  otgd_fs_cal.o
    0x08000ffc   0x00000124   Code   RO          646    i.OTGD_FS_EP0StartXfer  otgd_fs_cal.o
    0x08001120   0x000000a4   Code   RO          647    i.OTGD_FS_EPActivate  otgd_fs_cal.o
    0x080011c4   0x00000054   Code   RO          648    i.OTGD_FS_EPClearStall  otgd_fs_cal.o
    0x08001218   0x00000064   Code   RO          650    i.OTGD_FS_EPSetStall  otgd_fs_cal.o
    0x0800127c   0x000001d0   Code   RO          651    i.OTGD_FS_EPStartXfer  otgd_fs_cal.o
    0x0800144c   0x00000080   Code   RO          652    i.OTGD_FS_EnableDevInt  otgd_fs_cal.o
    0x080014cc   0x00000028   Code   RO          653    i.OTGD_FS_EnableGlobalInt  otgd_fs_cal.o
    0x080014f4   0x00000050   Code   RO          654    i.OTGD_FS_FlushRxFifo  otgd_fs_cal.o
    0x08001544   0x0000005c   Code   RO          655    i.OTGD_FS_FlushTxFifo  otgd_fs_cal.o
    0x080015a0   0x00000074   Code   RO          656    i.OTGD_FS_GetEPStatus  otgd_fs_cal.o
    0x08001614   0x00000044   Code   RO          953    i.OTGD_FS_Handle_EarlySuspend_ISR  otgd_fs_int.o
    0x08001658   0x00000048   Code   RO          954    i.OTGD_FS_Handle_EnumDone_ISR  otgd_fs_int.o
    0x080016a0   0x0000016c   Code   RO          957    i.OTGD_FS_Handle_InEP_ISR  otgd_fs_int.o
    0x0800180c   0x000000e0   Code   RO          961    i.OTGD_FS_Handle_OutEP_ISR  otgd_fs_int.o
    0x080018ec   0x0000011c   Code   RO          962    i.OTGD_FS_Handle_RxStatusQueueLevel_ISR  otgd_fs_int.o
    0x08001a08   0x0000011c   Code   RO          965    i.OTGD_FS_Handle_UsbReset_ISR  otgd_fs_int.o
    0x08001b24   0x00000028   Code   RO          966    i.OTGD_FS_Handle_Wakeup_ISR  otgd_fs_int.o
    0x08001b4c   0x00000018   Code   RO          657    i.OTGD_FS_ReadCoreItr  otgd_fs_cal.o
    0x08001b64   0x00000018   Code   RO          658    i.OTGD_FS_ReadDevAllInEPItr  otgd_fs_cal.o
    0x08001b7c   0x00000018   Code   RO          659    i.OTGD_FS_ReadDevAllOutEp_itr  otgd_fs_cal.o
    0x08001b94   0x00000020   Code   RO          660    i.OTGD_FS_ReadDevOutEP_itr  otgd_fs_cal.o
    0x08001bb4   0x0000002c   Code   RO          662    i.OTGD_FS_ReadPacket  otgd_fs_cal.o
    0x08001be0   0x00000024   Code   RO          663    i.OTGD_FS_ResetRemoteWakeup  otgd_fs_cal.o
    0x08001c04   0x00000064   Code   RO          664    i.OTGD_FS_SetAddress  otgd_fs_cal.o
    0x08001c68   0x00000034   Code   RO          665    i.OTGD_FS_SetDeviceMode  otgd_fs_cal.o
    0x08001c9c   0x00000118   Code   RO          666    i.OTGD_FS_SetEPStatus  otgd_fs_cal.o
    0x08001db4   0x00000028   Code   RO          667    i.OTGD_FS_SetRemoteWakeup  otgd_fs_cal.o
    0x08001ddc   0x00000034   Code   RO          668    i.OTGD_FS_WritePacket  otgd_fs_cal.o
    0x08001e10   0x00000054   Code   RO          831    i.OTG_DEV_EP_Init   otgd_fs_dev.o
    0x08001e64   0x0000001c   Code   RO          832    i.OTG_DEV_GetEPRxStatus  otgd_fs_dev.o
    0x08001e80   0x0000001c   Code   RO          833    i.OTG_DEV_GetEPTxStatus  otgd_fs_dev.o
    0x08001e9c   0x00000040   Code   RO          834    i.OTG_DEV_Init      otgd_fs_dev.o
    0x08001edc   0x0000001a   Code   RO          835    i.OTG_DEV_SetEPRxStatus  otgd_fs_dev.o
    0x08001ef6   0x00000026   Code   RO          836    i.OTG_DEV_SetEPTxStatus  otgd_fs_dev.o
    0x08001f1c   0x00000008   Code   RO          106    i.OTG_FS_IRQHandler  stm32f10x_it.o
    0x08001f24   0x0000000a   Code   RO          107    i.OTG_FS_WKUP_IRQHandler  stm32f10x_it.o
    0x08001f2e   0x00000002   PAD
    0x08001f30   0x0000004c   Code   RO          462    i.Out0_Process      usb_core.o
    0x08001f7c   0x00000038   Code   RO         1073    i.PCD_EP0_OutStart  otgd_fs_pcd.o
    0x08001fb4   0x00000034   Code   RO         1075    i.PCD_EP_ClrStall   otgd_fs_pcd.o
    0x08001fe8   0x00000034   Code   RO         1076    i.PCD_EP_Flush      otgd_fs_pcd.o
    0x0800201c   0x00000054   Code   RO         1077    i.PCD_EP_Open       otgd_fs_pcd.o
    0x08002070   0x00000056   Code   RO         1078    i.PCD_EP_Read       otgd_fs_pcd.o
    0x080020c6   0x00000002   PAD
    0x080020c8   0x00000024   Code   RO         1079    i.PCD_EP_SetAddress  otgd_fs_pcd.o
    0x080020ec   0x0000003e   Code   RO         1081    i.PCD_EP_Write      otgd_fs_pcd.o
    0x0800212a   0x00000002   PAD
    0x0800212c   0x00000018   Code   RO         1082    i.PCD_GetInEP       otgd_fs_pcd.o
    0x08002144   0x00000018   Code   RO         1083    i.PCD_GetOutEP      otgd_fs_pcd.o
    0x0800215c   0x00000094   Code   RO         1084    i.PCD_Init          otgd_fs_pcd.o
    0x080021f0   0x0000003c   Code   RO          967    i.PCD_ReadDevInEP   otgd_fs_int.o
    0x0800222c   0x00000084   Code   RO          968    i.PCD_WriteEmptyTxFifo  otgd_fs_int.o
    0x080022b0   0x00000002   Code   RO          108    i.PendSV_Handler    stm32f10x_it.o
    0x080022b2   0x00000002   PAD
    0x080022b4   0x000000a0   Code   RO          463    i.Post0_Process     usb_core.o
    0x08002354   0x00000004   Code   RO          415    i.PowerOn           usb_pwr.o
    0x08002358   0x00000020   Code   RO         1490    i.RCC_AHBPeriphClockCmd  stm32f10x_rcc.o
    0x08002378   0x00000020   Code   RO         1492    i.RCC_APB1PeriphClockCmd  stm32f10x_rcc.o
    0x08002398   0x00000020   Code   RO         1494    i.RCC_APB2PeriphClockCmd  stm32f10x_rcc.o
    0x080023b8   0x0000005c   Code   RO         1501    i.RCC_DeInit        stm32f10x_rcc.o
    0x08002414   0x0000018c   Code   RO         1502    i.RCC_GetClocksFreq  stm32f10x_rcc.o
    0x080025a0   0x0000003c   Code   RO         1503    i.RCC_GetFlagStatus  stm32f10x_rcc.o
    0x080025dc   0x00000010   Code   RO         1505    i.RCC_GetSYSCLKSource  stm32f10x_rcc.o
    0x080025ec   0x00000014   Code   RO         1506    i.RCC_HCLKConfig    stm32f10x_rcc.o
    0x08002600   0x0000004c   Code   RO         1507    i.RCC_HSEConfig     stm32f10x_rcc.o
    0x0800264c   0x0000000c   Code   RO         1515    i.RCC_OTGFSCLKConfig  stm32f10x_rcc.o
    0x08002658   0x00000014   Code   RO         1516    i.RCC_PCLK1Config   stm32f10x_rcc.o
    0x0800266c   0x00000018   Code   RO         1517    i.RCC_PCLK2Config   stm32f10x_rcc.o
    0x08002684   0x0000000c   Code   RO         1518    i.RCC_PLL2Cmd       stm32f10x_rcc.o
    0x08002690   0x00000014   Code   RO         1519    i.RCC_PLL2Config    stm32f10x_rcc.o
    0x080026a4   0x0000000c   Code   RO         1522    i.RCC_PLLCmd        stm32f10x_rcc.o
    0x080026b0   0x0000001c   Code   RO         1523    i.RCC_PLLConfig     stm32f10x_rcc.o
    0x080026cc   0x00000020   Code   RO         1524    i.RCC_PREDIV1Config  stm32f10x_rcc.o
    0x080026ec   0x00000014   Code   RO         1525    i.RCC_PREDIV2Config  stm32f10x_rcc.o
    0x08002700   0x00000014   Code   RO         1528    i.RCC_SYSCLKConfig  stm32f10x_rcc.o
    0x08002714   0x00000030   Code   RO         1529    i.RCC_WaitForHSEStartUp  stm32f10x_rcc.o
    0x08002744   0x0000008c   Code   RO          416    i.Resume            usb_pwr.o
    0x080027d0   0x00000014   Code   RO          417    i.Resume_Init       usb_pwr.o
    0x080027e4   0x0000007e   Code   RO          283    i.STM32_PCD_OTG_ISR_Handler  usb_istr.o
    0x08002862   0x00000002   Code   RO          109    i.SVC_Handler       stm32f10x_it.o
    0x08002864   0x0000000c   Code   RO          464    i.SetDeviceAddress  usb_core.o
    0x08002870   0x00000002   Code   RO          837    i.SetEPRxCount      otgd_fs_dev.o
    0x08002872   0x00000002   Code   RO          840    i.SetEPTxCount      otgd_fs_dev.o
    0x08002874   0x00000010   Code   RO          841    i.SetEPTxStatus     otgd_fs_dev.o
    0x08002884   0x00000008   Code   RO         4209    i.SetSysClock       system_stm32f10x.o
    0x0800288c   0x00000100   Code   RO         4210    i.SetSysClockTo72   system_stm32f10x.o
    0x0800298c   0x00000110   Code   RO          189    i.Set_System        hw_config.o
    0x08002a9c   0x00000012   Code   RO          190    i.Set_USBClock      hw_config.o
    0x08002aae   0x00000002   PAD
    0x08002ab0   0x000000a4   Code   RO          465    i.Setup0_Process    usb_core.o
    0x08002b54   0x000000ec   Code   RO          466    i.Standard_ClearFeature  usb_core.o
    0x08002c40   0x0000002c   Code   RO          467    i.Standard_GetConfiguration  usb_core.o
    0x08002c6c   0x00000024   Code   RO          468    i.Standard_GetDescriptorData  usb_core.o
    0x08002c90   0x0000002c   Code   RO          469    i.Standard_GetInterface  usb_core.o
    0x08002cbc   0x000000ec   Code   RO          470    i.Standard_GetStatus  usb_core.o
    0x08002da8   0x00000048   Code   RO          471    i.Standard_SetConfiguration  usb_core.o
    0x08002df0   0x00000028   Code   RO          472    i.Standard_SetDeviceFeature  usb_core.o
    0x08002e18   0x00000080   Code   RO          473    i.Standard_SetEndPointFeature  usb_core.o
    0x08002e98   0x0000006c   Code   RO          474    i.Standard_SetInterface  usb_core.o
    0x08002f04   0x00000028   Code   RO         1169    i.SysTick_CLKSourceConfig  misc.o
    0x08002f2c   0x00000002   Code   RO          110    i.SysTick_Handler   stm32f10x_it.o
    0x08002f2e   0x00000002   PAD
    0x08002f30   0x0000006c   Code   RO         4212    i.SystemInit        system_stm32f10x.o
    0x08002f9c   0x00000014   Code   RO          669    i.USBD_FS_IsDeviceMode  otgd_fs_cal.o
    0x08002fb0   0x0000003c   Code   RO          575    i.USB_Init          usb_init.o
    0x08002fec   0x0000003c   Code   RO          192    i.USB_Interrupts_Config  hw_config.o
    0x08003028   0x00000090   Code   RO          193    i.USB_OTG_BSP_uDelay  hw_config.o
    0x080030b8   0x0000000a   Code   RO          616    i.USB_SIL_Init      usb_sil.o
    0x080030c2   0x00000016   Code   RO          618    i.USB_SIL_Write     usb_sil.o
    0x080030d8   0x00000004   Code   RO          111    i.UsageFault_Handler  stm32f10x_it.o
    0x080030dc   0x0000000e   Code   RO         4262    i.__scatterload_copy  handlers.o(mc_w.l)
    0x080030ea   0x00000002   Code   RO         4263    i.__scatterload_null  handlers.o(mc_w.l)
    0x080030ec   0x0000000e   Code   RO         4264    i.__scatterload_zeroinit  handlers.o(mc_w.l)
    0x080030fa   0x00000002   PAD
    0x080030fc   0x00000034   Code   RO            1    i.main              main.o
    0x08003130   0x000000c6   Data   RO          270    .constdata          usb_desc.o
    0x080031f6   0x00000002   PAD
    0x080031f8   0x00000020   Data   RO         4260    Region$$Table       anon$$obj.o


    Execution Region RW_IRAM1 (Base: 0x20000000, Size: 0x000006f0, Max: 0x00010000, ABSOLUTE, COMPRESSED[0x00000088])

    Base Addr    Size         Type   Attr      Idx    E Section Name        Object

    0x20000000   0x00000001   Data   RW          194    .data               hw_config.o
    0x20000001   0x0000001a   Data   RW          271    .data               usb_desc.o
    0x2000001b   0x00000001   PAD
    0x2000001c   0x0000003e   Data   RW          284    .data               usb_istr.o
    0x2000005a   0x00000002   PAD
    0x2000005c   0x0000009c   Data   RW          317    .data               usb_prop.o
    0x200000f8   0x00000007   Data   RW          419    .data               usb_pwr.o
    0x200000ff   0x00000001   PAD
    0x20000100   0x00000004   Data   RW          475    .data               usb_core.o
    0x20000104   0x00000014   Data   RW          577    .data               usb_init.o
    0x20000118   0x0000000a   Data   RW          970    .data               otgd_fs_int.o
    0x20000122   0x00000014   Data   RW         1530    .data               stm32f10x_rcc.o
    0x20000136   0x00000002   PAD
    0x20000138   0x0000001c   Zero   RW          576    .bss                usb_init.o
    0x20000154   0x0000003c   Zero   RW          670    .bss                otgd_fs_cal.o
    0x20000190   0x00000080   Zero   RW          969    .bss                otgd_fs_int.o
    0x20000210   0x000000e0   Zero   RW         1085    .bss                otgd_fs_pcd.o
    0x200002f0   0x00000400   Zero   RW         4243    STACK               startup_stm32f10x_cl.o


==============================================================================

Image component sizes


      Code (inc. data)   RO Data    RW Data    ZI Data      Debug   Object Name

         0          0          0          0          0         20   core_cm3.o
       856         66          0          1          0      21548   hw_config.o
        52          6          0          0          0     261547   main.o
       176         24          0          0          0       2181   misc.o
      3092        144          0          0         60      19335   otgd_fs_cal.o
       304          0          0          0          0       6726   otgd_fs_dev.o
      1528         90          0         10        128       7490   otgd_fs_int.o
       624         22          0          0        224       7219   otgd_fs_pcd.o
        36          8        336          0       1024        592   startup_stm32f10x_cl.o
        48         10          0          0          0       1137   stm32f10x_flash.o
       286          0          0          0          0       2664   stm32f10x_gpio.o
        44          0          0          0          0       4619   stm32f10x_it.o
      1004        130          0         20          0      15090   stm32f10x_rcc.o
       372         32          0          0          0       1885   system_stm32f10x.o
      2766        216          0          4          0      14483   usb_core.o
         0          0        198         26          0       1037   usb_desc.o
        60         24          0         20         28       4174   usb_init.o
       126          0          0         62          0       1413   usb_istr.o
       490        106          0        156          0      12096   usb_prop.o
       164         20          0          7          0       2784   usb_pwr.o
        32          0          0          0          0       1583   usb_sil.o

    ----------------------------------------------------------------------
     12080        898        568        312       1464     389623   Object Totals
         0          0         32          0          0          0   (incl. Generated)
        20          0          2          6          0          1   (incl. Padding)

    ----------------------------------------------------------------------

      Code (inc. data)   RO Data    RW Data    ZI Data      Debug   Library Member Name

        88          0          0          0          0          0   __dczerorl2.o
         0          0          0          0          0          0   entry.o
         8          4          0          0          0          0   entry2.o
         4          0          0          0          0          0   entry5.o
         8          4          0          0          0          0   entry7.o
        30          0          0          0          0          0   handlers.o
        36          8          0          0          0         68   init.o

    ----------------------------------------------------------------------
       176         16          0          0          0         68   Library Totals
         2          0          0          0          0          0   (incl. Padding)

    ----------------------------------------------------------------------

      Code (inc. data)   RO Data    RW Data    ZI Data      Debug   Library Name

       174         16          0          0          0         68   mc_w.l

    ----------------------------------------------------------------------
       176         16          0          0          0         68   Library Totals

    ----------------------------------------------------------------------

==============================================================================


      Code (inc. data)   RO Data    RW Data    ZI Data      Debug   

     12256        914        568        312       1464     382392   Grand Totals
     12256        914        568        136       1464     382392   ELF Image Totals (compressed)
     12256        914        568        136          0          0   ROM Totals

==============================================================================

    Total RO  Size (Code + RO Data)                12824 (  12.52kB)
    Total RW  Size (RW Data + ZI Data)              1776 (   1.73kB)
    Total ROM Size (Code + RO Data + RW Data)      12960 (  12.66kB)

==============================================================================

