ARM Linker, RVCT4.0 [Build 524] for uVision [Standard]

==============================================================================

Section Cross References

    main.o(i.main) refers to led.o(i.LED_Configuration) for LED_Configuration
    main.o(i.main) refers to usbh_core.o(i.USBH_Init) for USBH_Init
    main.o(i.main) refers to stm32f10x_gpio.o(i.GPIO_SetBits) for GPIO_SetBits
    main.o(i.main) refers to usbh_core.o(i.USBH_Process) for USBH_Process
    main.o(i.main) refers to usbh_usr.o(.data) for USR_Callbacks
    main.o(i.main) refers to usbh_hid_core.o(.data) for HID_cb
    main.o(i.main) refers to usbh_core.o(.bss) for USB_OTG_FS_dev
    usb_bsp.o(i.USB_OTG_BSP_ConfigVBUS) refers to stm32f10x_rcc.o(i.RCC_APB2PeriphClockCmd) for RCC_APB2PeriphClockCmd
    usb_bsp.o(i.USB_OTG_BSP_ConfigVBUS) refers to stm32f10x_gpio.o(i.GPIO_Init) for GPIO_Init
    usb_bsp.o(i.USB_OTG_BSP_ConfigVBUS) refers to stm32f10x_gpio.o(i.GPIO_ResetBits) for GPIO_ResetBits
    usb_bsp.o(i.USB_OTG_BSP_DriveVBUS) refers to stm32f10x_gpio.o(i.GPIO_ResetBits) for GPIO_ResetBits
    usb_bsp.o(i.USB_OTG_BSP_DriveVBUS) refers to stm32f10x_gpio.o(i.GPIO_SetBits) for GPIO_SetBits
    usb_bsp.o(i.USB_OTG_BSP_EnableInterrupt) refers to misc.o(i.NVIC_PriorityGroupConfig) for NVIC_PriorityGroupConfig
    usb_bsp.o(i.USB_OTG_BSP_EnableInterrupt) refers to misc.o(i.NVIC_Init) for NVIC_Init
    usb_bsp.o(i.USB_OTG_BSP_Init) refers to stm32f10x_rcc.o(i.RCC_OTGFSCLKConfig) for RCC_OTGFSCLKConfig
    usb_bsp.o(i.USB_OTG_BSP_Init) refers to stm32f10x_rcc.o(i.RCC_AHBPeriphClockCmd) for RCC_AHBPeriphClockCmd
    usb_bsp.o(i.USB_OTG_BSP_Init) refers to stm32f10x_rcc.o(i.RCC_APB2PeriphClockCmd) for RCC_APB2PeriphClockCmd
    usb_bsp.o(i.USB_OTG_BSP_mDelay) refers to usb_bsp.o(i.USB_OTG_BSP_uDelay) for USB_OTG_BSP_uDelay
    usbh_usr.o(i.HID_MOUSE_ButtonPressed) refers to stm32f10x_gpio.o(i.GPIO_ResetBits) for GPIO_ResetBits
    usbh_usr.o(i.HID_MOUSE_ButtonReleased) refers to stm32f10x_gpio.o(i.GPIO_SetBits) for GPIO_SetBits
    usbh_usr.o(i.HID_MOUSE_UpdatePosition) refers to stm32f10x_gpio.o(i.GPIO_ResetBits) for GPIO_ResetBits
    usbh_usr.o(i.HID_MOUSE_UpdatePosition) refers to stm32f10x_gpio.o(i.GPIO_SetBits) for GPIO_SetBits
    usbh_usr.o(i.USR_MOUSE_Init) refers to usbh_usr.o(.data) for x_loc
    usbh_usr.o(i.USR_MOUSE_ProcessData) refers to usbh_usr.o(i.HID_MOUSE_UpdatePosition) for HID_MOUSE_UpdatePosition
    usbh_usr.o(i.USR_MOUSE_ProcessData) refers to usbh_usr.o(i.HID_MOUSE_ButtonPressed) for HID_MOUSE_ButtonPressed
    usbh_usr.o(i.USR_MOUSE_ProcessData) refers to usbh_usr.o(i.HID_MOUSE_ButtonReleased) for HID_MOUSE_ButtonReleased
    usbh_usr.o(i.USR_MOUSE_ProcessData) refers to usbh_usr.o(.data) for .data
    usbh_usr.o(.data) refers to usbh_usr.o(i.USBH_USR_Init) for USBH_USR_Init
    usbh_usr.o(.data) refers to usbh_usr.o(i.USBH_USR_DeviceAttached) for USBH_USR_DeviceAttached
    usbh_usr.o(.data) refers to usbh_usr.o(i.USBH_USR_ResetDevice) for USBH_USR_ResetDevice
    usbh_usr.o(.data) refers to usbh_usr.o(i.USBH_USR_DeviceDisconnected) for USBH_USR_DeviceDisconnected
    usbh_usr.o(.data) refers to usbh_usr.o(i.USBH_USR_OverCurrentDetected) for USBH_USR_OverCurrentDetected
    usbh_usr.o(.data) refers to usbh_usr.o(i.USBH_USR_DeviceSpeedDetected) for USBH_USR_DeviceSpeedDetected
    usbh_usr.o(.data) refers to usbh_usr.o(i.USBH_USR_Device_DescAvailable) for USBH_USR_Device_DescAvailable
    usbh_usr.o(.data) refers to usbh_usr.o(i.USBH_USR_DeviceAddressAssigned) for USBH_USR_DeviceAddressAssigned
    usbh_usr.o(.data) refers to usbh_usr.o(i.USBH_USR_Configuration_DescAvailable) for USBH_USR_Configuration_DescAvailable
    usbh_usr.o(.data) refers to usbh_usr.o(i.USBH_USR_Manufacturer_String) for USBH_USR_Manufacturer_String
    usbh_usr.o(.data) refers to usbh_usr.o(i.USBH_USR_Product_String) for USBH_USR_Product_String
    usbh_usr.o(.data) refers to usbh_usr.o(i.USBH_USR_SerialNum_String) for USBH_USR_SerialNum_String
    usbh_usr.o(.data) refers to usbh_usr.o(i.USBH_USR_EnumerationDone) for USBH_USR_EnumerationDone
    usbh_usr.o(.data) refers to usbh_usr.o(i.USBH_USR_UserInput) for USBH_USR_UserInput
    usbh_usr.o(.data) refers to usbh_usr.o(i.USBH_USR_DeviceNotSupported) for USBH_USR_DeviceNotSupported
    usbh_usr.o(.data) refers to usbh_usr.o(i.USBH_USR_UnrecoveredError) for USBH_USR_UnrecoveredError
    stm32f10x_it.o(i.OTG_FS_IRQHandler) refers to usb_hcd_int.o(i.USBH_OTG_ISR_Handler) for USBH_OTG_ISR_Handler
    stm32f10x_it.o(i.OTG_FS_IRQHandler) refers to usbh_core.o(.bss) for USB_OTG_FS_dev
    led.o(i.LED_Blink) refers to stm32f10x_gpio.o(i.GPIO_SetBits) for GPIO_SetBits
    led.o(i.LED_Blink) refers to led.o(i.LED_Delay) for LED_Delay
    led.o(i.LED_Blink) refers to stm32f10x_gpio.o(i.GPIO_ResetBits) for GPIO_ResetBits
    led.o(i.LED_Configuration) refers to stm32f10x_rcc.o(i.RCC_APB2PeriphClockCmd) for RCC_APB2PeriphClockCmd
[...]
    Removing stm32f10x_adc.o(i.ADC_GetConversionValue), (8 bytes).
    Removing stm32f10x_adc.o(i.ADC_GetDualModeConversionValue), (12 bytes).
    Removing stm32f10x_adc.o(i.ADC_GetFlagStatus), (18 bytes).
    Removing stm32f10x_adc.o(i.ADC_GetITStatus), (36 bytes).
    Removing stm32f10x_adc.o(i.ADC_GetInjectedConversionValue), (20 bytes).
    Removing stm32f10x_adc.o(i.ADC_GetResetCalibrationStatus), (20 bytes).
    Removing stm32f10x_adc.o(i.ADC_GetSoftwareStartConvStatus), (20 bytes).
    Removing stm32f10x_adc.o(i.ADC_GetSoftwareStartInjectedConvCmdStatus), (20 bytes).
    Removing stm32f10x_adc.o(i.ADC_ITConfig), (24 bytes).
    Removing stm32f10x_adc.o(i.ADC_Init), (76 bytes).
    Removing stm32f10x_adc.o(i.ADC_InjectedChannelConfig), (126 bytes).
    Removing stm32f10x_adc.o(i.ADC_InjectedDiscModeCmd), (22 bytes).
    Removing stm32f10x_adc.o(i.ADC_InjectedSequencerLengthConfig), (22 bytes).
    Removing stm32f10x_adc.o(i.ADC_RegularChannelConfig), (180 bytes).
    Removing stm32f10x_adc.o(i.ADC_ResetCalibration), (10 bytes).
    Removing stm32f10x_adc.o(i.ADC_SetInjectedOffset), (14 bytes).
    Removing stm32f10x_adc.o(i.ADC_SoftwareStartConvCmd), (22 bytes).
    Removing stm32f10x_adc.o(i.ADC_SoftwareStartInjectedConvCmd), (22 bytes).
    Removing stm32f10x_adc.o(i.ADC_StartCalibration), (10 bytes).
    Removing stm32f10x_adc.o(i.ADC_StructInit), (18 bytes).
    Removing stm32f10x_adc.o(i.ADC_TempSensorVrefintCmd), (44 bytes).
    Removing stm32f10x_bkp.o(i.BKP_ClearFlag), (24 bytes).
    Removing stm32f10x_bkp.o(i.BKP_ClearITPendingBit), (24 bytes).
    Removing stm32f10x_bkp.o(i.BKP_DeInit), (16 bytes).
    Removing stm32f10x_bkp.o(i.BKP_GetFlagStatus), (12 bytes).
    Removing stm32f10x_bkp.o(i.BKP_GetITStatus), (12 bytes).
    Removing stm32f10x_bkp.o(i.BKP_ITConfig), (12 bytes).
    Removing stm32f10x_bkp.o(i.BKP_RTCOutputConfig), (32 bytes).
    Removing stm32f10x_bkp.o(i.BKP_ReadBackupRegister), (16 bytes).
    Removing stm32f10x_bkp.o(i.BKP_SetRTCCalibrationValue), (32 bytes).
    Removing stm32f10x_bkp.o(i.BKP_TamperPinCmd), (12 bytes).
    Removing stm32f10x_bkp.o(i.BKP_TamperPinLevelConfig), (12 bytes).
    Removing stm32f10x_bkp.o(i.BKP_WriteBackupRegister), (16 bytes).
    Removing stm32f10x_can.o(i.CAN_CancelTransmit), (48 bytes).
    Removing stm32f10x_can.o(i.CAN_ClearFlag), (56 bytes).
    Removing stm32f10x_can.o(i.CAN_ClearITPendingBit), (168 bytes).
    Removing stm32f10x_can.o(i.CAN_DBGFreeze), (22 bytes).
    Removing stm32f10x_can.o(i.CAN_DeInit), (56 bytes).
    Removing stm32f10x_can.o(i.CAN_FIFORelease), (22 bytes).
    Removing stm32f10x_can.o(i.CAN_FilterInit), (272 bytes).
    Removing stm32f10x_can.o(i.CAN_GetFlagStatus), (120 bytes).
    Removing stm32f10x_can.o(i.CAN_GetITStatus), (296 bytes).
    Removing stm32f10x_can.o(i.CAN_ITConfig), (18 bytes).
    Removing stm32f10x_can.o(i.CAN_Init), (284 bytes).
    Removing stm32f10x_can.o(i.CAN_MessagePending), (30 bytes).
    Removing stm32f10x_can.o(i.CAN_Receive), (234 bytes).
    Removing stm32f10x_can.o(i.CAN_SlaveStartBank), (68 bytes).
    Removing stm32f10x_can.o(i.CAN_Sleep), (30 bytes).
    Removing stm32f10x_can.o(i.CAN_StructInit), (32 bytes).
    Removing stm32f10x_can.o(i.CAN_Transmit), (294 bytes).
    Removing stm32f10x_can.o(i.CAN_TransmitStatus), (140 bytes).
    Removing stm32f10x_can.o(i.CAN_WakeUp), (48 bytes).
    Removing stm32f10x_can.o(i.CheckITStatus), (16 bytes).
    Removing stm32f10x_cec.o(i.CEC_ClearFlag), (40 bytes).
    Removing stm32f10x_cec.o(i.CEC_ClearITPendingBit), (40 bytes).
    Removing stm32f10x_cec.o(i.CEC_Cmd), (28 bytes).
    Removing stm32f10x_cec.o(i.CEC_DeInit), (22 bytes).
    Removing stm32f10x_cec.o(i.CEC_EndOfMessageCmd), (12 bytes).
    Removing stm32f10x_cec.o(i.CEC_GetFlagStatus), (48 bytes).
    Removing stm32f10x_cec.o(i.CEC_GetITStatus), (44 bytes).
    Removing stm32f10x_cec.o(i.CEC_ITConfig), (12 bytes).
    Removing stm32f10x_cec.o(i.CEC_Init), (36 bytes).
    Removing stm32f10x_cec.o(i.CEC_OwnAddressConfig), (12 bytes).
    Removing stm32f10x_cec.o(i.CEC_ReceiveDataByte), (12 bytes).
    Removing stm32f10x_cec.o(i.CEC_SendDataByte), (12 bytes).
    Removing stm32f10x_cec.o(i.CEC_SetPrescaler), (12 bytes).
    Removing stm32f10x_cec.o(i.CEC_StartOfMessage), (12 bytes).
    Removing stm32f10x_crc.o(i.CRC_CalcBlockCRC), (36 bytes).
    Removing stm32f10x_crc.o(i.CRC_CalcCRC), (16 bytes).
    Removing stm32f10x_crc.o(i.CRC_GetCRC), (12 bytes).
    Removing stm32f10x_crc.o(i.CRC_GetIDRegister), (12 bytes).
    Removing stm32f10x_crc.o(i.CRC_ResetDR), (12 bytes).
    Removing stm32f10x_crc.o(i.CRC_SetIDRegister), (12 bytes).
    Removing stm32f10x_dac.o(i.DAC_Cmd), (48 bytes).
    Removing stm32f10x_dac.o(i.DAC_DMACmd), (48 bytes).
    Removing stm32f10x_dac.o(i.DAC_DeInit), (22 bytes).
    Removing stm32f10x_dac.o(i.DAC_DualSoftwareTriggerCmd), (44 bytes).
    Removing stm32f10x_dac.o(i.DAC_GetDataOutputValue), (24 bytes).
    Removing stm32f10x_dac.o(i.DAC_Init), (56 bytes).
    Removing stm32f10x_dac.o(i.DAC_SetChannel1Data), (20 bytes).
    Removing stm32f10x_dac.o(i.DAC_SetChannel2Data), (20 bytes).
    Removing stm32f10x_dac.o(i.DAC_SetDualChannelData), (36 bytes).
    Removing stm32f10x_dac.o(i.DAC_SoftwareTriggerCmd), (52 bytes).
    Removing stm32f10x_dac.o(i.DAC_StructInit), (12 bytes).
    Removing stm32f10x_dac.o(i.DAC_WaveGenerationCmd), (48 bytes).
    Removing stm32f10x_dbgmcu.o(i.DBGMCU_Config), (32 bytes).
    Removing stm32f10x_dbgmcu.o(i.DBGMCU_GetDEVID), (16 bytes).
    Removing stm32f10x_dbgmcu.o(i.DBGMCU_GetREVID), (12 bytes).
    Removing stm32f10x_dma.o(i.DMA_ClearFlag), (28 bytes).
    Removing stm32f10x_dma.o(i.DMA_ClearITPendingBit), (28 bytes).
    Removing stm32f10x_dma.o(i.DMA_Cmd), (24 bytes).
    Removing stm32f10x_dma.o(i.DMA_DeInit), (344 bytes).
    Removing stm32f10x_dma.o(i.DMA_GetCurrDataCounter), (8 bytes).
    Removing stm32f10x_dma.o(i.DMA_GetFlagStatus), (44 bytes).
    Removing stm32f10x_dma.o(i.DMA_GetITStatus), (44 bytes).
    Removing stm32f10x_dma.o(i.DMA_ITConfig), (18 bytes).
    Removing stm32f10x_dma.o(i.DMA_Init), (60 bytes).
    Removing stm32f10x_dma.o(i.DMA_SetCurrDataCounter), (4 bytes).
    Removing stm32f10x_dma.o(i.DMA_StructInit), (26 bytes).
    Removing stm32f10x_exti.o(i.EXTI_ClearFlag), (12 bytes).
    Removing stm32f10x_exti.o(i.EXTI_ClearITPendingBit), (12 bytes).
    Removing stm32f10x_exti.o(i.EXTI_DeInit), (44 bytes).
    Removing stm32f10x_exti.o(i.EXTI_GenerateSWInterrupt), (24 bytes).
    Removing stm32f10x_exti.o(i.EXTI_GetFlagStatus), (24 bytes).
    Removing stm32f10x_exti.o(i.EXTI_GetITStatus), (44 bytes).
    Removing stm32f10x_exti.o(i.EXTI_Init), (164 bytes).
    Removing stm32f10x_exti.o(i.EXTI_StructInit), (16 bytes).
    Removing stm32f10x_fsmc.o(i.FSMC_ClearFlag), (64 bytes).
    Removing stm32f10x_fsmc.o(i.FSMC_ClearITPendingBit), (72 bytes).
    Removing stm32f10x_fsmc.o(i.FSMC_GetECC), (28 bytes).
    Removing stm32f10x_fsmc.o(i.FSMC_GetFlagStatus), (56 bytes).
    Removing stm32f10x_fsmc.o(i.FSMC_GetITStatus), (68 bytes).
    Removing stm32f10x_fsmc.o(i.FSMC_ITConfig), (128 bytes).
    Removing stm32f10x_fsmc.o(i.FSMC_NANDCmd), (92 bytes).
    Removing stm32f10x_fsmc.o(i.FSMC_NANDDeInit), (68 bytes).
    Removing stm32f10x_fsmc.o(i.FSMC_NANDECCCmd), (92 bytes).
    Removing stm32f10x_fsmc.o(i.FSMC_NANDInit), (136 bytes).
    Removing stm32f10x_fsmc.o(i.FSMC_NANDStructInit), (54 bytes).
    Removing stm32f10x_fsmc.o(i.FSMC_NORSRAMCmd), (52 bytes).
    Removing stm32f10x_fsmc.o(i.FSMC_NORSRAMDeInit), (56 bytes).
    Removing stm32f10x_fsmc.o(i.FSMC_NORSRAMInit), (224 bytes).
    Removing stm32f10x_fsmc.o(i.FSMC_NORSRAMStructInit), (114 bytes).
    Removing stm32f10x_fsmc.o(i.FSMC_PCCARDCmd), (48 bytes).
    Removing stm32f10x_fsmc.o(i.FSMC_PCCARDDeInit), (40 bytes).
    Removing stm32f10x_fsmc.o(i.FSMC_PCCARDInit), (132 bytes).
    Removing stm32f10x_fsmc.o(i.FSMC_PCCARDStructInit), (60 bytes).
    Removing stm32f10x_i2c.o(i.I2C_ARPCmd), (24 bytes).
    Removing stm32f10x_i2c.o(i.I2C_AcknowledgeConfig), (24 bytes).
    Removing stm32f10x_i2c.o(i.I2C_CalculatePEC), (24 bytes).
    Removing stm32f10x_i2c.o(i.I2C_CheckEvent), (42 bytes).
    Removing stm32f10x_i2c.o(i.I2C_ClearFlag), (12 bytes).
    Removing stm32f10x_i2c.o(i.I2C_ClearITPendingBit), (12 bytes).
    Removing stm32f10x_i2c.o(i.I2C_Cmd), (24 bytes).
    Removing stm32f10x_i2c.o(i.I2C_DMACmd), (24 bytes).
    Removing stm32f10x_i2c.o(i.I2C_DMALastTransferCmd), (24 bytes).
    Removing stm32f10x_i2c.o(i.I2C_DeInit), (56 bytes).
    Removing stm32f10x_i2c.o(i.I2C_DualAddressCmd), (24 bytes).
    Removing stm32f10x_i2c.o(i.I2C_FastModeDutyCycleConfig), (28 bytes).
    Removing stm32f10x_i2c.o(i.I2C_GeneralCallCmd), (24 bytes).
    Removing stm32f10x_i2c.o(i.I2C_GenerateSTART), (24 bytes).
    Removing stm32f10x_i2c.o(i.I2C_GenerateSTOP), (24 bytes).
    Removing stm32f10x_i2c.o(i.I2C_GetFlagStatus), (42 bytes).
    Removing stm32f10x_i2c.o(i.I2C_GetITStatus), (38 bytes).
    Removing stm32f10x_i2c.o(i.I2C_GetLastEvent), (26 bytes).
    Removing stm32f10x_i2c.o(i.I2C_GetPEC), (8 bytes).
    Removing stm32f10x_i2c.o(i.I2C_ITConfig), (24 bytes).
    Removing stm32f10x_i2c.o(i.I2C_Init), (244 bytes).
    Removing stm32f10x_i2c.o(i.I2C_OwnAddress2Config), (20 bytes).
    Removing stm32f10x_i2c.o(i.I2C_PECPositionConfig), (28 bytes).
    Removing stm32f10x_i2c.o(i.I2C_ReadRegister), (14 bytes).
    Removing stm32f10x_i2c.o(i.I2C_ReceiveData), (8 bytes).
    Removing stm32f10x_i2c.o(i.I2C_SMBusAlertConfig), (28 bytes).
    Removing stm32f10x_i2c.o(i.I2C_Send7bitAddress), (18 bytes).
    Removing stm32f10x_i2c.o(i.I2C_SendData), (4 bytes).
    Removing stm32f10x_i2c.o(i.I2C_SoftwareResetCmd), (22 bytes).
    Removing stm32f10x_i2c.o(i.I2C_StretchClockCmd), (24 bytes).
    Removing stm32f10x_i2c.o(i.I2C_StructInit), (30 bytes).
    Removing stm32f10x_i2c.o(i.I2C_TransmitPEC), (24 bytes).
    Removing stm32f10x_iwdg.o(i.IWDG_Enable), (16 bytes).
    Removing stm32f10x_iwdg.o(i.IWDG_GetFlagStatus), (24 bytes).
    Removing stm32f10x_iwdg.o(i.IWDG_ReloadCounter), (16 bytes).
    Removing stm32f10x_iwdg.o(i.IWDG_SetPrescaler), (12 bytes).
    Removing stm32f10x_iwdg.o(i.IWDG_SetReload), (12 bytes).
    Removing stm32f10x_iwdg.o(i.IWDG_WriteAccessCmd), (12 bytes).
    Removing stm32f10x_pwr.o(i.PWR_BackupAccessCmd), (12 bytes).
    Removing stm32f10x_pwr.o(i.PWR_ClearFlag), (20 bytes).
    Removing stm32f10x_pwr.o(i.PWR_DeInit), (22 bytes).
    Removing stm32f10x_pwr.o(i.PWR_EnterSTANDBYMode), (56 bytes).
    Removing stm32f10x_pwr.o(i.PWR_EnterSTOPMode), (68 bytes).
    Removing stm32f10x_pwr.o(i.PWR_GetFlagStatus), (24 bytes).
    Removing stm32f10x_pwr.o(i.PWR_PVDCmd), (12 bytes).
    Removing stm32f10x_pwr.o(i.PWR_PVDLevelConfig), (20 bytes).
    Removing stm32f10x_pwr.o(i.PWR_WakeUpPinCmd), (12 bytes).
    Removing stm32f10x_rtc.o(i.RTC_ClearFlag), (28 bytes).
    Removing stm32f10x_rtc.o(i.RTC_ClearITPendingBit), (28 bytes).
    Removing stm32f10x_rtc.o(i.RTC_EnterConfigMode), (24 bytes).
    Removing stm32f10x_rtc.o(i.RTC_ExitConfigMode), (28 bytes).
    Removing stm32f10x_rtc.o(i.RTC_GetCounter), (28 bytes).
    Removing stm32f10x_rtc.o(i.RTC_GetDivider), (28 bytes).
    Removing stm32f10x_rtc.o(i.RTC_GetFlagStatus), (24 bytes).
    Removing stm32f10x_rtc.o(i.RTC_GetITStatus), (40 bytes).
    Removing stm32f10x_rtc.o(i.RTC_ITConfig), (44 bytes).
    Removing stm32f10x_rtc.o(i.RTC_SetAlarm), (36 bytes).
    Removing stm32f10x_rtc.o(i.RTC_SetCounter), (36 bytes).
    Removing stm32f10x_rtc.o(i.RTC_SetPrescaler), (36 bytes).
    Removing stm32f10x_rtc.o(i.RTC_WaitForLastTask), (20 bytes).
    Removing stm32f10x_rtc.o(i.RTC_WaitForSynchro), (40 bytes).
    Removing stm32f10x_sdio.o(i.SDIO_CEATAITCmd), (16 bytes).
    Removing stm32f10x_sdio.o(i.SDIO_ClearFlag), (12 bytes).
    Removing stm32f10x_sdio.o(i.SDIO_ClearITPendingBit), (12 bytes).
    Removing stm32f10x_sdio.o(i.SDIO_ClockCmd), (12 bytes).
    Removing stm32f10x_sdio.o(i.SDIO_CmdStructInit), (14 bytes).
    Removing stm32f10x_sdio.o(i.SDIO_CommandCompletionCmd), (12 bytes).
    Removing stm32f10x_sdio.o(i.SDIO_DMACmd), (12 bytes).
    Removing stm32f10x_sdio.o(i.SDIO_DataConfig), (48 bytes).
    Removing stm32f10x_sdio.o(i.SDIO_DataStructInit), (20 bytes).
    Removing stm32f10x_sdio.o(i.SDIO_DeInit), (36 bytes).
    Removing stm32f10x_sdio.o(i.SDIO_GetCommandResponse), (12 bytes).
    Removing stm32f10x_sdio.o(i.SDIO_GetDataCounter), (12 bytes).
    Removing stm32f10x_sdio.o(i.SDIO_GetFIFOCount), (12 bytes).
    Removing stm32f10x_sdio.o(i.SDIO_GetFlagStatus), (24 bytes).
    Removing stm32f10x_sdio.o(i.SDIO_GetITStatus), (24 bytes).
    Removing stm32f10x_sdio.o(i.SDIO_GetPowerState), (16 bytes).
    Removing stm32f10x_sdio.o(i.SDIO_GetResponse), (16 bytes).
    Removing stm32f10x_sdio.o(i.SDIO_ITConfig), (32 bytes).
    Removing stm32f10x_sdio.o(i.SDIO_Init), (48 bytes).
    Removing stm32f10x_sdio.o(i.SDIO_ReadData), (12 bytes).
    Removing stm32f10x_sdio.o(i.SDIO_SendCEATACmd), (12 bytes).
    Removing stm32f10x_sdio.o(i.SDIO_SendCommand), (44 bytes).
    Removing stm32f10x_sdio.o(i.SDIO_SendSDIOSuspendCmd), (12 bytes).
    Removing stm32f10x_sdio.o(i.SDIO_SetPowerState), (28 bytes).
    Removing stm32f10x_sdio.o(i.SDIO_SetSDIOOperation), (12 bytes).
    Removing stm32f10x_sdio.o(i.SDIO_SetSDIOReadWaitMode), (12 bytes).
    Removing stm32f10x_sdio.o(i.SDIO_StartSDIOReadWait), (12 bytes).
    Removing stm32f10x_sdio.o(i.SDIO_StopSDIOReadWait), (12 bytes).
    Removing stm32f10x_sdio.o(i.SDIO_StructInit), (16 bytes).
    Removing stm32f10x_sdio.o(i.SDIO_WriteData), (12 bytes).
    Removing stm32f10x_spi.o(i.I2S_Cmd), (24 bytes).
    Removing stm32f10x_spi.o(i.I2S_Init), (308 bytes).
    Removing stm32f10x_spi.o(i.I2S_StructInit), (20 bytes).
    Removing stm32f10x_spi.o(i.SPI_BiDirectionalLineConfig), (28 bytes).
    Removing stm32f10x_spi.o(i.SPI_CalculateCRC), (24 bytes).
    Removing stm32f10x_spi.o(i.SPI_Cmd), (24 bytes).
    Removing stm32f10x_spi.o(i.SPI_DataSizeConfig), (18 bytes).
    Removing stm32f10x_spi.o(i.SPI_GetCRC), (16 bytes).
    Removing stm32f10x_spi.o(i.SPI_GetCRCPolynomial), (6 bytes).
    Removing stm32f10x_spi.o(i.SPI_I2S_ClearFlag), (6 bytes).
    Removing stm32f10x_spi.o(i.SPI_I2S_ClearITPendingBit), (20 bytes).
    Removing stm32f10x_spi.o(i.SPI_I2S_DMACmd), (24 bytes).
    Removing stm32f10x_spi.o(i.SPI_I2S_DeInit), (88 bytes).
    Removing stm32f10x_spi.o(i.SPI_I2S_GetFlagStatus), (18 bytes).
    Removing stm32f10x_spi.o(i.SPI_I2S_GetITStatus), (52 bytes).
    Removing stm32f10x_spi.o(i.SPI_I2S_ITConfig), (36 bytes).
    Removing stm32f10x_spi.o(i.SPI_I2S_ReceiveData), (6 bytes).
    Removing stm32f10x_spi.o(i.SPI_I2S_SendData), (4 bytes).
    Removing stm32f10x_spi.o(i.SPI_Init), (60 bytes).
    Removing stm32f10x_spi.o(i.SPI_NSSInternalSoftwareConfig), (30 bytes).
    Removing stm32f10x_spi.o(i.SPI_SSOutputCmd), (24 bytes).
    Removing stm32f10x_spi.o(i.SPI_StructInit), (24 bytes).
    Removing stm32f10x_spi.o(i.SPI_TransmitCRC), (10 bytes).
    Removing stm32f10x_tim.o(i.TI1_Config), (124 bytes).
    Removing stm32f10x_tim.o(i.TI2_Config), (136 bytes).
    Removing stm32f10x_tim.o(i.TI3_Config), (132 bytes).
    Removing stm32f10x_tim.o(i.TI4_Config), (136 bytes).
    Removing stm32f10x_tim.o(i.TIM_ARRPreloadConfig), (24 bytes).
    Removing stm32f10x_tim.o(i.TIM_BDTRConfig), (32 bytes).
    Removing stm32f10x_tim.o(i.TIM_BDTRStructInit), (18 bytes).
    Removing stm32f10x_tim.o(i.TIM_CCPreloadControl), (24 bytes).
    Removing stm32f10x_tim.o(i.TIM_CCxCmd), (34 bytes).
    Removing stm32f10x_tim.o(i.TIM_CCxNCmd), (34 bytes).
    Removing stm32f10x_tim.o(i.TIM_ClearFlag), (6 bytes).
    Removing stm32f10x_tim.o(i.TIM_ClearITPendingBit), (6 bytes).
    Removing stm32f10x_tim.o(i.TIM_ClearOC1Ref), (16 bytes).
    Removing stm32f10x_tim.o(i.TIM_ClearOC2Ref), (18 bytes).
    Removing stm32f10x_tim.o(i.TIM_ClearOC3Ref), (16 bytes).
    Removing stm32f10x_tim.o(i.TIM_ClearOC4Ref), (18 bytes).
    Removing stm32f10x_tim.o(i.TIM_Cmd), (24 bytes).
    Removing stm32f10x_tim.o(i.TIM_CounterModeConfig), (16 bytes).
    Removing stm32f10x_tim.o(i.TIM_CtrlPWMOutputs), (30 bytes).
    Removing stm32f10x_tim.o(i.TIM_DMACmd), (24 bytes).
    Removing stm32f10x_tim.o(i.TIM_DMAConfig), (10 bytes).
    Removing stm32f10x_tim.o(i.TIM_DeInit), (488 bytes).
    Removing stm32f10x_tim.o(i.TIM_ETRClockMode1Config), (54 bytes).
    Removing stm32f10x_tim.o(i.TIM_ETRClockMode2Config), (32 bytes).
    Removing stm32f10x_tim.o(i.TIM_ETRConfig), (22 bytes).
    Removing stm32f10x_tim.o(i.TIM_EncoderInterfaceConfig), (56 bytes).
    Removing stm32f10x_tim.o(i.TIM_ForcedOC1Config), (16 bytes).
    Removing stm32f10x_tim.o(i.TIM_ForcedOC2Config), (20 bytes).
    Removing stm32f10x_tim.o(i.TIM_ForcedOC3Config), (16 bytes).
    Removing stm32f10x_tim.o(i.TIM_ForcedOC4Config), (20 bytes).
    Removing stm32f10x_tim.o(i.TIM_GenerateEvent), (4 bytes).
    Removing stm32f10x_tim.o(i.TIM_GetCapture1), (6 bytes).
    Removing stm32f10x_tim.o(i.TIM_GetCapture2), (6 bytes).
    Removing stm32f10x_tim.o(i.TIM_GetCapture3), (6 bytes).
    Removing stm32f10x_tim.o(i.TIM_GetCapture4), (8 bytes).
    Removing stm32f10x_tim.o(i.TIM_GetCounter), (6 bytes).
    Removing stm32f10x_tim.o(i.TIM_GetFlagStatus), (18 bytes).
    Removing stm32f10x_tim.o(i.TIM_GetITStatus), (34 bytes).
    Removing stm32f10x_tim.o(i.TIM_GetPrescaler), (6 bytes).
    Removing stm32f10x_tim.o(i.TIM_ICInit), (172 bytes).
    Removing stm32f10x_tim.o(i.TIM_ICStructInit), (18 bytes).
    Removing stm32f10x_tim.o(i.TIM_ITConfig), (24 bytes).
    Removing stm32f10x_tim.o(i.TIM_ITRxExternalClockConfig), (24 bytes).
    Removing stm32f10x_tim.o(i.TIM_InternalClockConfig), (12 bytes).
    Removing stm32f10x_tim.o(i.TIM_OC1FastConfig), (16 bytes).
    Removing stm32f10x_tim.o(i.TIM_OC1Init), (152 bytes).
    Removing stm32f10x_tim.o(i.TIM_OC1NPolarityConfig), (16 bytes).
    Removing stm32f10x_tim.o(i.TIM_OC1PolarityConfig), (16 bytes).
    Removing stm32f10x_tim.o(i.TIM_OC1PreloadConfig), (16 bytes).
    Removing stm32f10x_tim.o(i.TIM_OC2FastConfig), (20 bytes).
    Removing stm32f10x_tim.o(i.TIM_OC2Init), (156 bytes).
    Removing stm32f10x_tim.o(i.TIM_OC2NPolarityConfig), (20 bytes).
    Removing stm32f10x_tim.o(i.TIM_OC2PolarityConfig), (20 bytes).
    Removing stm32f10x_tim.o(i.TIM_OC2PreloadConfig), (20 bytes).
    Removing stm32f10x_tim.o(i.TIM_OC3FastConfig), (16 bytes).
    Removing stm32f10x_tim.o(i.TIM_OC3Init), (152 bytes).
    Removing stm32f10x_tim.o(i.TIM_OC3NPolarityConfig), (20 bytes).
    Removing stm32f10x_tim.o(i.TIM_OC3PolarityConfig), (20 bytes).
    Removing stm32f10x_tim.o(i.TIM_OC3PreloadConfig), (16 bytes).
    Removing stm32f10x_tim.o(i.TIM_OC4FastConfig), (20 bytes).
    Removing stm32f10x_tim.o(i.TIM_OC4Init), (116 bytes).
    Removing stm32f10x_tim.o(i.TIM_OC4PolarityConfig), (20 bytes).
    Removing stm32f10x_tim.o(i.TIM_OC4PreloadConfig), (20 bytes).
    Removing stm32f10x_tim.o(i.TIM_OCStructInit), (20 bytes).
    Removing stm32f10x_tim.o(i.TIM_PWMIConfig), (124 bytes).
    Removing stm32f10x_tim.o(i.TIM_PrescalerConfig), (6 bytes).
    Removing stm32f10x_tim.o(i.TIM_SelectCCDMA), (24 bytes).
    Removing stm32f10x_tim.o(i.TIM_SelectCOM), (24 bytes).
    Removing stm32f10x_tim.o(i.TIM_SelectHallSensor), (24 bytes).
    Removing stm32f10x_tim.o(i.TIM_SelectInputTrigger), (16 bytes).
    Removing stm32f10x_tim.o(i.TIM_SelectMasterSlaveMode), (18 bytes).
    Removing stm32f10x_tim.o(i.TIM_SelectOCxM), (82 bytes).
    Removing stm32f10x_tim.o(i.TIM_SelectOnePulseMode), (18 bytes).
    Removing stm32f10x_tim.o(i.TIM_SelectOutputTrigger), (18 bytes).
    Removing stm32f10x_tim.o(i.TIM_SelectSlaveMode), (18 bytes).
    Removing stm32f10x_tim.o(i.TIM_SetAutoreload), (4 bytes).
    Removing stm32f10x_tim.o(i.TIM_SetClockDivision), (18 bytes).
    Removing stm32f10x_tim.o(i.TIM_SetCompare1), (4 bytes).
    Removing stm32f10x_tim.o(i.TIM_SetCompare2), (4 bytes).
    Removing stm32f10x_tim.o(i.TIM_SetCompare3), (4 bytes).
    Removing stm32f10x_tim.o(i.TIM_SetCompare4), (6 bytes).
    Removing stm32f10x_tim.o(i.TIM_SetCounter), (4 bytes).
    Removing stm32f10x_tim.o(i.TIM_SetIC1Prescaler), (18 bytes).
    Removing stm32f10x_tim.o(i.TIM_SetIC2Prescaler), (22 bytes).
    Removing stm32f10x_tim.o(i.TIM_SetIC3Prescaler), (18 bytes).
    Removing stm32f10x_tim.o(i.TIM_SetIC4Prescaler), (22 bytes).
    Removing stm32f10x_tim.o(i.TIM_TIxExternalClockConfig), (62 bytes).
    Removing stm32f10x_tim.o(i.TIM_TimeBaseInit), (164 bytes).
    Removing stm32f10x_tim.o(i.TIM_TimeBaseStructInit), (18 bytes).
    Removing stm32f10x_tim.o(i.TIM_UpdateDisableConfig), (24 bytes).
    Removing stm32f10x_tim.o(i.TIM_UpdateRequestConfig), (24 bytes).
    Removing stm32f10x_usart.o(i.USART_ClearFlag), (18 bytes).
    Removing stm32f10x_usart.o(i.USART_ClearITPendingBit), (30 bytes).
    Removing stm32f10x_usart.o(i.USART_ClockInit), (32 bytes).
    Removing stm32f10x_usart.o(i.USART_ClockStructInit), (12 bytes).
    Removing stm32f10x_usart.o(i.USART_Cmd), (24 bytes).
    Removing stm32f10x_usart.o(i.USART_DMACmd), (24 bytes).
    Removing stm32f10x_usart.o(i.USART_DeInit), (156 bytes).
    Removing stm32f10x_usart.o(i.USART_GetFlagStatus), (26 bytes).
    Removing stm32f10x_usart.o(i.USART_GetITStatus), (84 bytes).
    Removing stm32f10x_usart.o(i.USART_HalfDuplexCmd), (24 bytes).
    Removing stm32f10x_usart.o(i.USART_ITConfig), (72 bytes).
    Removing stm32f10x_usart.o(i.USART_Init), (216 bytes).
    Removing stm32f10x_usart.o(i.USART_IrDACmd), (24 bytes).
    Removing stm32f10x_usart.o(i.USART_IrDAConfig), (18 bytes).
    Removing stm32f10x_usart.o(i.USART_LINBreakDetectLengthConfig), (18 bytes).
    Removing stm32f10x_usart.o(i.USART_LINCmd), (24 bytes).
    Removing stm32f10x_usart.o(i.USART_OneBitMethodCmd), (24 bytes).
    Removing stm32f10x_usart.o(i.USART_OverSampling8Cmd), (22 bytes).
    Removing stm32f10x_usart.o(i.USART_ReceiveData), (10 bytes).
    Removing stm32f10x_usart.o(i.USART_ReceiverWakeUpCmd), (24 bytes).
    Removing stm32f10x_usart.o(i.USART_SendBreak), (10 bytes).
    Removing stm32f10x_usart.o(i.USART_SendData), (8 bytes).
    Removing stm32f10x_usart.o(i.USART_SetAddress), (18 bytes).
    Removing stm32f10x_usart.o(i.USART_SetGuardTime), (16 bytes).
    Removing stm32f10x_usart.o(i.USART_SetPrescaler), (16 bytes).
    Removing stm32f10x_usart.o(i.USART_SmartCardCmd), (24 bytes).
    Removing stm32f10x_usart.o(i.USART_SmartCardNACKCmd), (24 bytes).
    Removing stm32f10x_usart.o(i.USART_StructInit), (24 bytes).
    Removing stm32f10x_usart.o(i.USART_WakeUpConfig), (18 bytes).
    Removing stm32f10x_wwdg.o(i.WWDG_ClearFlag), (12 bytes).
    Removing stm32f10x_wwdg.o(i.WWDG_DeInit), (22 bytes).
    Removing stm32f10x_wwdg.o(i.WWDG_Enable), (16 bytes).
    Removing stm32f10x_wwdg.o(i.WWDG_EnableIT), (12 bytes).
    Removing stm32f10x_wwdg.o(i.WWDG_GetFlagStatus), (12 bytes).
    Removing stm32f10x_wwdg.o(i.WWDG_SetCounter), (16 bytes).
    Removing stm32f10x_wwdg.o(i.WWDG_SetPrescaler), (28 bytes).
    Removing stm32f10x_wwdg.o(i.WWDG_SetWindowValue), (32 bytes).
    Removing core_cm3.o(.emb_text), (32 bytes).
    Removing system_stm32f10x.o(i.SystemCoreClockUpdate), (256 bytes).
    Removing system_stm32f10x.o(.data), (20 bytes).
    Removing startup_stm32f10x_cl.o(HEAP), (512 bytes).

486 unused section(s) (total 20224 bytes) removed from the image.

==============================================================================

Image Symbol Table

    Local Symbols

    Symbol Name                              Value     Ov Type        Size  Object(Section)

    ../../microlib/init/entry.s              0x00000000   Number         0  entry.o ABSOLUTE
    ../../microlib/init/entry.s              0x00000000   Number         0  entry7.o ABSOLUTE
    ../../microlib/init/entry.s              0x00000000   Number         0  entry5.o ABSOLUTE
    ../../microlib/init/entry.s              0x00000000   Number         0  entry2.o ABSOLUTE
    ..\Libraries\CMSIS\CM3\CoreSupport\core_cm3.c 0x00000000   Number         0  core_cm3.o ABSOLUTE
    ..\Libraries\CMSIS\CM3\DeviceSupport\ST\STM32F10x\startup\arm\startup_stm32f10x_cl.s 0x00000000   Number         0  startup_stm32f10x_cl.o ABSOLUTE
    ..\Libraries\STM32F10x_StdPeriph_Driver\src\misc.c 0x00000000   Number         0  misc.o ABSOLUTE
    ..\Libraries\STM32F10x_StdPeriph_Driver\src\stm32f10x_adc.c 0x00000000   Number         0  stm32f10x_adc.o ABSOLUTE
    ..\Libraries\STM32F10x_StdPeriph_Driver\src\stm32f10x_bkp.c 0x00000000   Number         0  stm32f10x_bkp.o ABSOLUTE
    ..\Libraries\STM32F10x_StdPeriph_Driver\src\stm32f10x_can.c 0x00000000   Number         0  stm32f10x_can.o ABSOLUTE
    ..\Libraries\STM32F10x_StdPeriph_Driver\src\stm32f10x_cec.c 0x00000000   Number         0  stm32f10x_cec.o ABSOLUTE
    ..\Libraries\STM32F10x_StdPeriph_Driver\src\stm32f10x_crc.c 0x00000000   Number         0  stm32f10x_crc.o ABSOLUTE
    ..\Libraries\STM32F10x_StdPeriph_Driver\src\stm32f10x_dac.c 0x00000000   Number         0  stm32f10x_dac.o ABSOLUTE
    ..\Libraries\STM32F10x_StdPeriph_Driver\src\stm32f10x_dbgmcu.c 0x00000000   Number         0  stm32f10x_dbgmcu.o ABSOLUTE
    ..\Libraries\STM32F10x_StdPeriph_Driver\src\stm32f10x_dma.c 0x00000000   Number         0  stm32f10x_dma.o ABSOLUTE
    ..\Libraries\STM32F10x_StdPeriph_Driver\src\stm32f10x_exti.c 0x00000000   Number         0  stm32f10x_exti.o ABSOLUTE
    ..\Libraries\STM32F10x_StdPeriph_Driver\src\stm32f10x_flash.c 0x00000000   Number         0  stm32f10x_flash.o ABSOLUTE
    ..\Libraries\STM32F10x_StdPeriph_Driver\src\stm32f10x_fsmc.c 0x00000000   Number         0  stm32f10x_fsmc.o ABSOLUTE
    ..\Libraries\STM32F10x_StdPeriph_Driver\src\stm32f10x_gpio.c 0x00000000   Number         0  stm32f10x_gpio.o ABSOLUTE
    ..\Libraries\STM32F10x_StdPeriph_Driver\src\stm32f10x_i2c.c 0x00000000   Number         0  stm32f10x_i2c.o ABSOLUTE
    ..\Libraries\STM32F10x_StdPeriph_Driver\src\stm32f10x_iwdg.c 0x00000000   Number         0  stm32f10x_iwdg.o ABSOLUTE
    ..\Libraries\STM32F10x_StdPeriph_Driver\src\stm32f10x_pwr.c 0x00000000   Number         0  stm32f10x_pwr.o ABSOLUTE
    ..\Libraries\STM32F10x_StdPeriph_Driver\src\stm32f10x_rcc.c 0x00000000   Number         0  stm32f10x_rcc.o ABSOLUTE
    ..\Libraries\STM32F10x_StdPeriph_Driver\src\stm32f10x_rtc.c 0x00000000   Number         0  stm32f10x_rtc.o ABSOLUTE
    ..\Libraries\STM32F10x_StdPeriph_Driver\src\stm32f10x_sdio.c 0x00000000   Number         0  stm32f10x_sdio.o ABSOLUTE
    ..\Libraries\STM32F10x_StdPeriph_Driver\src\stm32f10x_spi.c 0x00000000   Number         0  stm32f10x_spi.o ABSOLUTE
    ..\Libraries\STM32F10x_StdPeriph_Driver\src\stm32f10x_tim.c 0x00000000   Number         0  stm32f10x_tim.o ABSOLUTE
    ..\Libraries\STM32F10x_StdPeriph_Driver\src\stm32f10x_usart.c 0x00000000   Number         0  stm32f10x_usart.o ABSOLUTE
    ..\Libraries\STM32F10x_StdPeriph_Driver\src\stm32f10x_wwdg.c 0x00000000   Number         0  stm32f10x_wwdg.o ABSOLUTE
    ..\Libraries\STM32_USB_HOST_Driver\src\usb_core.c 0x00000000   Number         0  usb_core.o ABSOLUTE
    ..\Libraries\STM32_USB_HOST_Driver\src\usb_hcd.c 0x00000000   Number         0  usb_hcd.o ABSOLUTE
    ..\Libraries\STM32_USB_HOST_Driver\src\usb_hcd_int.c 0x00000000   Number         0  usb_hcd_int.o ABSOLUTE
    ..\Libraries\STM32_USB_HOST_Library\Class\HID\src\usbh_hid_core.c 0x00000000   Number         0  usbh_hid_core.o ABSOLUTE
    ..\Libraries\STM32_USB_HOST_Library\Class\HID\src\usbh_hid_keybd.c 0x00000000   Number         0  usbh_hid_keybd.o ABSOLUTE
    ..\Libraries\STM32_USB_HOST_Library\Class\HID\src\usbh_hid_mouse.c 0x00000000   Number         0  usbh_hid_mouse.o ABSOLUTE
    ..\Libraries\STM32_USB_HOST_Library\Core\src\usbh_core.c 0x00000000   Number         0  usbh_core.o ABSOLUTE
    ..\Libraries\STM32_USB_HOST_Library\Core\src\usbh_hcs.c 0x00000000   Number         0  usbh_hcs.o ABSOLUTE
    ..\Libraries\STM32_USB_HOST_Library\Core\src\usbh_ioreq.c 0x00000000   Number         0  usbh_ioreq.o ABSOLUTE
    ..\Libraries\STM32_USB_HOST_Library\Core\src\usbh_stdreq.c 0x00000000   Number         0  usbh_stdreq.o ABSOLUTE
    ..\USER\HID_KBrd_Mouse\usb_bsp.c         0x00000000   Number         0  usb_bsp.o ABSOLUTE
    ..\USER\HID_KBrd_Mouse\usbh_usr.c        0x00000000   Number         0  usbh_usr.o ABSOLUTE
    ..\USER\LED.C                            0x00000000   Number         0  led.o ABSOLUTE
    ..\USER\main.c                           0x00000000   Number         0  main.o ABSOLUTE
    ..\USER\stm32f10x_it.c                   0x00000000   Number         0  stm32f10x_it.o ABSOLUTE
    ..\USER\system_stm32f10x.c               0x00000000   Number         0  system_stm32f10x.o ABSOLUTE
    ..\\Libraries\\CMSIS\\CM3\\CoreSupport\\core_cm3.c 0x00000000   Number         0  core_cm3.o ABSOLUTE
    dc.s                                     0x00000000   Number         0  dc.o ABSOLUTE
    handlers.s                               0x00000000   Number         0  handlers.o ABSOLUTE
    init.s                                   0x00000000   Number         0  init.o ABSOLUTE
    RESET                                    0x08000000   Section      336  startup_stm32f10x_cl.o(RESET)
    .ARM.Collect$$$$00000000                 0x08000150   Section        0  entry.o(.ARM.Collect$$$$00000000)
    .ARM.Collect$$$$00000001                 0x08000150   Section        4  entry2.o(.ARM.Collect$$$$00000001)
    .ARM.Collect$$$$00000004                 0x08000154   Section        4  entry5.o(.ARM.Collect$$$$00000004)
    .ARM.Collect$$$$00000007                 0x08000158   Section        8  entry7.o(.ARM.Collect$$$$00000007)
    .ARM.Collect$$$$00002712                 0x08000160   Section        4  entry2.o(.ARM.Collect$$$$00002712)
    __lit__00000000                          0x08000160   Data           4  entry2.o(.ARM.Collect$$$$00002712)
    .text                                    0x08000164   Section       36  startup_stm32f10x_cl.o(.text)
    .text                                    0x08000188   Section       36  init.o(.text)
    i.BusFault_Handler                       0x080001ac   Section        4  stm32f10x_it.o(i.BusFault_Handler)
    i.DebugMon_Handler                       0x080001b0   Section        2  stm32f10x_it.o(i.DebugMon_Handler)
    i.GPIO_Init                              0x080001b2   Section      268  stm32f10x_gpio.o(i.GPIO_Init)
    i.GPIO_ResetBits                         0x080002be   Section        4  stm32f10x_gpio.o(i.GPIO_ResetBits)
    i.GPIO_SetBits                           0x080002c2   Section        4  stm32f10x_gpio.o(i.GPIO_SetBits)
    i.HCD_GetCurrentFrame                    0x080002c6   Section       10  usb_hcd.o(i.HCD_GetCurrentFrame)
    i.HCD_GetCurrentSpeed                    0x080002d0   Section       18  usb_hcd.o(i.HCD_GetCurrentSpeed)
    i.HCD_GetURB_State                       0x080002e2   Section        8  usb_hcd.o(i.HCD_GetURB_State)
    i.HCD_Init                               0x080002ea   Section       58  usb_hcd.o(i.HCD_Init)
    i.HCD_IsDeviceConnected                  0x08000324   Section        8  usb_hcd.o(i.HCD_IsDeviceConnected)
    i.HCD_ResetPort                          0x0800032c   Section       14  usb_hcd.o(i.HCD_ResetPort)
    i.HCD_SubmitRequest                      0x0800033a   Section       32  usb_hcd.o(i.HCD_SubmitRequest)
    i.HC_GetFreeChannel                      0x0800035c   Section       44  usbh_hcs.o(i.HC_GetFreeChannel)
    HC_GetFreeChannel                        0x0800035d   Thumb Code    38  usbh_hcs.o(i.HC_GetFreeChannel)
    i.HID_MOUSE_ButtonPressed                0x08000388   Section       56  usbh_usr.o(i.HID_MOUSE_ButtonPressed)
    i.HID_MOUSE_ButtonReleased               0x080003c0   Section       56  usbh_usr.o(i.HID_MOUSE_ButtonReleased)
    i.HID_MOUSE_UpdatePosition               0x080003f8   Section       56  usbh_usr.o(i.HID_MOUSE_UpdatePosition)
    i.HardFault_Handler                      0x08000430   Section        4  stm32f10x_it.o(i.HardFault_Handler)
    i.KEYBRD_Decode                          0x08000434   Section      348  usbh_hid_keybd.o(i.KEYBRD_Decode)
    KEYBRD_Decode                            0x08000435   Thumb Code   334  usbh_hid_keybd.o(i.KEYBRD_Decode)
    i.KEYBRD_Init                            0x08000590   Section        8  usbh_hid_keybd.o(i.KEYBRD_Init)
    KEYBRD_Init                              0x08000591   Thumb Code     8  usbh_hid_keybd.o(i.KEYBRD_Init)
    i.LED_Configuration                      0x08000598   Section       44  led.o(i.LED_Configuration)
    i.MOUSE_Decode                           0x080005c4   Section       32  usbh_hid_mouse.o(i.MOUSE_Decode)
    MOUSE_Decode                             0x080005c5   Thumb Code    26  usbh_hid_mouse.o(i.MOUSE_Decode)
    i.MOUSE_Init                             0x080005e4   Section        8  usbh_hid_mouse.o(i.MOUSE_Init)
    MOUSE_Init                               0x080005e5   Thumb Code     8  usbh_hid_mouse.o(i.MOUSE_Init)
    i.MemManage_Handler                      0x080005ec   Section        4  stm32f10x_it.o(i.MemManage_Handler)
    i.NMI_Handler                            0x080005f0   Section        2  stm32f10x_it.o(i.NMI_Handler)
    i.NVIC_Init                              0x080005f4   Section      116  misc.o(i.NVIC_Init)
    i.NVIC_PriorityGroupConfig               0x08000668   Section       20  misc.o(i.NVIC_PriorityGroupConfig)
    i.OTG_FS_IRQHandler                      0x0800067c   Section       16  stm32f10x_it.o(i.OTG_FS_IRQHandler)
    i.RCC_AHBPeriphClockCmd                  0x0800068c   Section       32  stm32f10x_rcc.o(i.RCC_AHBPeriphClockCmd)
    i.RCC_APB2PeriphClockCmd                 0x080006ac   Section       32  stm32f10x_rcc.o(i.RCC_APB2PeriphClockCmd)
    i.RCC_OTGFSCLKConfig                     0x080006cc   Section       12  stm32f10x_rcc.o(i.RCC_OTGFSCLKConfig)
    i.SVC_Handler                            0x080006d8   Section        2  stm32f10x_it.o(i.SVC_Handler)
    i.SetSysClock                            0x080006da   Section        8  system_stm32f10x.o(i.SetSysClock)
    SetSysClock                              0x080006db   Thumb Code     8  system_stm32f10x.o(i.SetSysClock)
    i.SetSysClockTo72                        0x080006e4   Section      256  system_stm32f10x.o(i.SetSysClockTo72)
    SetSysClockTo72                          0x080006e5   Thumb Code   240  system_stm32f10x.o(i.SetSysClockTo72)
    i.SystemInit                             0x080007e4   Section      108  system_stm32f10x.o(i.SystemInit)
    i.USBH_Alloc_Channel                     0x08000850   Section       40  usbh_hcs.o(i.USBH_Alloc_Channel)
    i.USBH_ClrFeature                        0x08000878   Section       84  usbh_stdreq.o(i.USBH_ClrFeature)
    i.USBH_Connect                           0x080008cc   Section       24  usbh_core.o(i.USBH_Connect)
    i.USBH_CtlReceiveData                    0x080008e4   Section       70  usbh_ioreq.o(i.USBH_CtlReceiveData)
    i.USBH_CtlReq                            0x0800092c   Section      136  usbh_ioreq.o(i.USBH_CtlReq)
    i.USBH_CtlSendData                       0x080009b4   Section      144  usbh_ioreq.o(i.USBH_CtlSendData)
    i.USBH_CtlSendSetup                      0x08000a44   Section       78  usbh_ioreq.o(i.USBH_CtlSendSetup)
    i.USBH_DeInit                            0x08000a94   Section       48  usbh_core.o(i.USBH_DeInit)
    USBH_DeInit                              0x08000a95   Thumb Code    38  usbh_core.o(i.USBH_DeInit)
    i.USBH_Disconnect                        0x08000ac4   Section       24  usbh_core.o(i.USBH_Disconnect)
    i.USBH_ErrorHandle                       0x08000adc   Section       52  usbh_core.o(i.USBH_ErrorHandle)
    i.USBH_Free_Channel                      0x08000b10   Section       32  usbh_hcs.o(i.USBH_Free_Channel)
    i.USBH_GetDescriptor                     0x08000b30   Section       84  usbh_stdreq.o(i.USBH_GetDescriptor)
    i.USBH_Get_CfgDesc                       0x08000b84   Section       68  usbh_stdreq.o(i.USBH_Get_CfgDesc)
    i.USBH_Get_DevDesc                       0x08000bc8   Section       48  usbh_stdreq.o(i.USBH_Get_DevDesc)
    i.USBH_Get_HID_ReportDescriptor          0x08000bf8   Section       32  usbh_hid_core.o(i.USBH_Get_HID_ReportDescriptor)
    USBH_Get_HID_ReportDescriptor            0x08000bf9   Thumb Code    28  usbh_hid_core.o(i.USBH_Get_HID_ReportDescriptor)
    i.USBH_Get_StringDesc                    0x08000c18   Section       56  usbh_stdreq.o(i.USBH_Get_StringDesc)
    i.USBH_HID_ClassRequest                  0x08000c50   Section      128  usbh_hid_core.o(i.USBH_HID_ClassRequest)
    USBH_HID_ClassRequest                    0x08000c51   Thumb Code   118  usbh_hid_core.o(i.USBH_HID_ClassRequest)
    i.USBH_HID_Handle                        0x08000cd0   Section      220  usbh_hid_core.o(i.USBH_HID_Handle)
    USBH_HID_Handle                          0x08000cd1   Thumb Code   210  usbh_hid_core.o(i.USBH_HID_Handle)
    i.USBH_HID_InterfaceDeInit               0x08000dac   Section       92  usbh_hid_core.o(i.USBH_HID_InterfaceDeInit)
    USBH_HID_InterfaceDeInit                 0x08000dad   Thumb Code    78  usbh_hid_core.o(i.USBH_HID_InterfaceDeInit)
    i.USBH_HID_InterfaceInit                 0x08000e08   Section      308  usbh_hid_core.o(i.USBH_HID_InterfaceInit)
    USBH_HID_InterfaceInit                   0x08000e09   Thumb Code   284  usbh_hid_core.o(i.USBH_HID_InterfaceInit)
    i.USBH_HandleControl                     0x08000f3c   Section      560  usbh_core.o(i.USBH_HandleControl)
    USBH_HandleControl                       0x08000f3d   Thumb Code   546  usbh_core.o(i.USBH_HandleControl)
    i.USBH_HandleEnum                        0x0800116c   Section      548  usbh_core.o(i.USBH_HandleEnum)
    USBH_HandleEnum                          0x0800116d   Thumb Code   532  usbh_core.o(i.USBH_HandleEnum)
    i.USBH_Init                              0x08001390   Section      104  usbh_core.o(i.USBH_Init)
    i.USBH_InterruptReceiveData              0x080013f8   Section      120  usbh_ioreq.o(i.USBH_InterruptReceiveData)
    i.USBH_Modify_Channel                    0x08001470   Section      100  usbh_hcs.o(i.USBH_Modify_Channel)
    i.USBH_OTG_ISR_Handler                   0x080014d4   Section      158  usb_hcd_int.o(i.USBH_OTG_ISR_Handler)
    i.USBH_Open_Channel                      0x08001574   Section      140  usbh_hcs.o(i.USBH_Open_Channel)
    i.USBH_ParseCfgDesc                      0x08001600   Section      158  usbh_stdreq.o(i.USBH_ParseCfgDesc)
    USBH_ParseCfgDesc                        0x08001601   Thumb Code   158  usbh_stdreq.o(i.USBH_ParseCfgDesc)
    i.USBH_ParseClassDesc                    0x080016a0   Section       32  usbh_hid_core.o(i.USBH_ParseClassDesc)
    i.USBH_ParseDevDesc                      0x080016c0   Section       88  usbh_stdreq.o(i.USBH_ParseDevDesc)
    USBH_ParseDevDesc                        0x080016c1   Thumb Code    88  usbh_stdreq.o(i.USBH_ParseDevDesc)
    i.USBH_ParseEPDesc                       0x08001718   Section       32  usbh_stdreq.o(i.USBH_ParseEPDesc)
    USBH_ParseEPDesc                         0x08001719   Thumb Code    32  usbh_stdreq.o(i.USBH_ParseEPDesc)
    i.USBH_ParseHIDDesc                      0x08001738   Section       52  usbh_hid_core.o(i.USBH_ParseHIDDesc)
    i.USBH_ParseInterfaceDesc                0x0800176c   Section       38  usbh_stdreq.o(i.USBH_ParseInterfaceDesc)
    USBH_ParseInterfaceDesc                  0x0800176d   Thumb Code    38  usbh_stdreq.o(i.USBH_ParseInterfaceDesc)
    i.USBH_ParseStringDesc                   0x08001792   Section       52  usbh_stdreq.o(i.USBH_ParseStringDesc)
    USBH_ParseStringDesc                     0x08001793   Thumb Code    52  usbh_stdreq.o(i.USBH_ParseStringDesc)
    i.USBH_Process                           0x080017c8   Section      452  usbh_core.o(i.USBH_Process)
    i.USBH_SetAddress                        0x0800198c   Section       44  usbh_stdreq.o(i.USBH_SetAddress)
    i.USBH_SetCfg                            0x080019b8   Section       44  usbh_stdreq.o(i.USBH_SetCfg)
    i.USBH_Set_Idle                          0x080019e4   Section       48  usbh_hid_core.o(i.USBH_Set_Idle)
    USBH_Set_Idle                            0x080019e5   Thumb Code    42  usbh_hid_core.o(i.USBH_Set_Idle)
    i.USBH_Set_Protocol                      0x08001a14   Section       56  usbh_hid_core.o(i.USBH_Set_Protocol)
    USBH_Set_Protocol                        0x08001a15   Thumb Code    50  usbh_hid_core.o(i.USBH_Set_Protocol)
    i.USBH_SubmitSetupRequest                0x08001a4c   Section       36  usbh_ioreq.o(i.USBH_SubmitSetupRequest)
    USBH_SubmitSetupRequest                  0x08001a4d   Thumb Code    32  usbh_ioreq.o(i.USBH_SubmitSetupRequest)
    i.USBH_USR_Configuration_DescAvailable   0x08001a70   Section        2  usbh_usr.o(i.USBH_USR_Configuration_DescAvailable)
    i.USBH_USR_DeInit                        0x08001a72   Section        2  usbh_usr.o(i.USBH_USR_DeInit)
    i.USBH_USR_DeviceAddressAssigned         0x08001a74   Section        2  usbh_usr.o(i.USBH_USR_DeviceAddressAssigned)
    i.USBH_USR_DeviceAttached                0x08001a76   Section        2  usbh_usr.o(i.USBH_USR_DeviceAttached)
    i.USBH_USR_DeviceDisconnected            0x08001a78   Section        2  usbh_usr.o(i.USBH_USR_DeviceDisconnected)
    i.USBH_USR_DeviceNotSupported            0x08001a7a   Section        2  usbh_usr.o(i.USBH_USR_DeviceNotSupported)
    i.USBH_USR_DeviceSpeedDetected           0x08001a7c   Section        2  usbh_usr.o(i.USBH_USR_DeviceSpeedDetected)
    i.USBH_USR_Device_DescAvailable          0x08001a7e   Section        2  usbh_usr.o(i.USBH_USR_Device_DescAvailable)
    i.USBH_USR_EnumerationDone               0x08001a80   Section        2  usbh_usr.o(i.USBH_USR_EnumerationDone)
    i.USBH_USR_Init                          0x08001a82   Section        2  usbh_usr.o(i.USBH_USR_Init)
    i.USBH_USR_Manufacturer_String           0x08001a84   Section        2  usbh_usr.o(i.USBH_USR_Manufacturer_String)
    i.USBH_USR_OverCurrentDetected           0x08001a86   Section        2  usbh_usr.o(i.USBH_USR_OverCurrentDetected)
    i.USBH_USR_Product_String                0x08001a88   Section        2  usbh_usr.o(i.USBH_USR_Product_String)
    i.USBH_USR_ResetDevice                   0x08001a8a   Section        2  usbh_usr.o(i.USBH_USR_ResetDevice)
    i.USBH_USR_SerialNum_String              0x08001a8c   Section        2  usbh_usr.o(i.USBH_USR_SerialNum_String)
    i.USBH_USR_UnrecoveredError              0x08001a8e   Section        2  usbh_usr.o(i.USBH_USR_UnrecoveredError)
    i.USBH_USR_UserInput                     0x08001a90   Section        4  usbh_usr.o(i.USBH_USR_UserInput)
    i.USB_OTG_BSP_ConfigVBUS                 0x08001a94   Section       52  usb_bsp.o(i.USB_OTG_BSP_ConfigVBUS)
    i.USB_OTG_BSP_DriveVBUS                  0x08001ac8   Section       32  usb_bsp.o(i.USB_OTG_BSP_DriveVBUS)
    i.USB_OTG_BSP_EnableInterrupt            0x08001ae8   Section       38  usb_bsp.o(i.USB_OTG_BSP_EnableInterrupt)
    i.USB_OTG_BSP_Init                       0x08001b0e   Section       26  usb_bsp.o(i.USB_OTG_BSP_Init)
    i.USB_OTG_BSP_TimeInit                   0x08001b28   Section        2  usb_bsp.o(i.USB_OTG_BSP_TimeInit)
    i.USB_OTG_BSP_mDelay                     0x08001b2a   Section       18  usb_bsp.o(i.USB_OTG_BSP_mDelay)
    i.USB_OTG_BSP_uDelay                     0x08001b3c   Section       30  usb_bsp.o(i.USB_OTG_BSP_uDelay)
    i.USB_OTG_CoreInit                       0x08001b5c   Section      224  usb_core.o(i.USB_OTG_CoreInit)
    i.USB_OTG_CoreInitHost                   0x08001c3c   Section      372  usb_core.o(i.USB_OTG_CoreInitHost)
    i.USB_OTG_CoreReset                      0x08001db0   Section      112  usb_core.o(i.USB_OTG_CoreReset)
    USB_OTG_CoreReset                        0x08001db1   Thumb Code   106  usb_core.o(i.USB_OTG_CoreReset)
    i.USB_OTG_DisableGlobalInt               0x08001e20   Section       34  usb_core.o(i.USB_OTG_DisableGlobalInt)
    i.USB_OTG_DriveVbus                      0x08001e42   Section       88  usb_core.o(i.USB_OTG_DriveVbus)
    i.USB_OTG_EnableCommonInt                0x08001e9a   Section       48  usb_core.o(i.USB_OTG_EnableCommonInt)
    USB_OTG_EnableCommonInt                  0x08001e9b   Thumb Code    48  usb_core.o(i.USB_OTG_EnableCommonInt)
    i.USB_OTG_EnableGlobalInt                0x08001eca   Section       34  usb_core.o(i.USB_OTG_EnableGlobalInt)
    i.USB_OTG_EnableHostInt                  0x08001eec   Section      106  usb_core.o(i.USB_OTG_EnableHostInt)
    i.USB_OTG_FlushRxFifo                    0x08001f58   Section       76  usb_core.o(i.USB_OTG_FlushRxFifo)
    i.USB_OTG_FlushTxFifo                    0x08001fa4   Section       84  usb_core.o(i.USB_OTG_FlushTxFifo)
    i.USB_OTG_HC_Halt                        0x08001ff8   Section      126  usb_core.o(i.USB_OTG_HC_Halt)
    i.USB_OTG_HC_Init                        0x08002076   Section      514  usb_core.o(i.USB_OTG_HC_Init)
    i.USB_OTG_HC_StartXfer                   0x08002278   Section      520  usb_core.o(i.USB_OTG_HC_StartXfer)
    i.USB_OTG_InitFSLSPClkSel                0x08002480   Section       24  usb_core.o(i.USB_OTG_InitFSLSPClkSel)
    i.USB_OTG_IsEvenFrame                    0x08002498   Section       16  usb_core.o(i.USB_OTG_IsEvenFrame)
    i.USB_OTG_ReadCoreItr                    0x080024a8   Section       16  usb_core.o(i.USB_OTG_ReadCoreItr)
    i.USB_OTG_ReadHPRT0                      0x080024b8   Section       46  usb_core.o(i.USB_OTG_ReadHPRT0)
    i.USB_OTG_ReadHostAllChannels_intr       0x080024e6   Section        8  usb_core.o(i.USB_OTG_ReadHostAllChannels_intr)
    i.USB_OTG_ReadPacket                     0x080024ee   Section       38  usb_core.o(i.USB_OTG_ReadPacket)
    i.USB_OTG_ResetPort                      0x08002514   Section       60  usb_core.o(i.USB_OTG_ResetPort)
    i.USB_OTG_SetHostMode                    0x08002550   Section       48  usb_core.o(i.USB_OTG_SetHostMode)
    i.USB_OTG_StopHostMode                   0x08002580   Section       66  usb_core.o(i.USB_OTG_StopHostMode)
    i.USB_OTG_USBH_handle_Disconnect_ISR     0x080025c4   Section       60  usb_hcd_int.o(i.USB_OTG_USBH_handle_Disconnect_ISR)
    USB_OTG_USBH_handle_Disconnect_ISR       0x080025c5   Thumb Code    50  usb_hcd_int.o(i.USB_OTG_USBH_handle_Disconnect_ISR)
    i.USB_OTG_USBH_handle_IncompletePeriodicXfer_ISR 0x08002600   Section       66  usb_hcd_int.o(i.USB_OTG_USBH_handle_IncompletePeriodicXfer_ISR)
    USB_OTG_USBH_handle_IncompletePeriodicXfer_ISR 0x08002601   Thumb Code    66  usb_hcd_int.o(i.USB_OTG_USBH_handle_IncompletePeriodicXfer_ISR)
    i.USB_OTG_USBH_handle_hc_ISR             0x08002642   Section       86  usb_hcd_int.o(i.USB_OTG_USBH_handle_hc_ISR)
    USB_OTG_USBH_handle_hc_ISR               0x08002643   Thumb Code    86  usb_hcd_int.o(i.USB_OTG_USBH_handle_hc_ISR)
    i.USB_OTG_USBH_handle_hc_n_In_ISR        0x08002698   Section      914  usb_hcd_int.o(i.USB_OTG_USBH_handle_hc_n_In_ISR)
    USB_OTG_USBH_handle_hc_n_In_ISR          0x08002699   Thumb Code   914  usb_hcd_int.o(i.USB_OTG_USBH_handle_hc_n_In_ISR)
    i.USB_OTG_USBH_handle_hc_n_Out_ISR       0x08002a2a   Section      572  usb_hcd_int.o(i.USB_OTG_USBH_handle_hc_n_Out_ISR)
    USB_OTG_USBH_handle_hc_n_Out_ISR         0x08002a2b   Thumb Code   572  usb_hcd_int.o(i.USB_OTG_USBH_handle_hc_n_Out_ISR)
    i.USB_OTG_USBH_handle_nptxfempty_ISR     0x08002c66   Section      296  usb_hcd_int.o(i.USB_OTG_USBH_handle_nptxfempty_ISR)
    USB_OTG_USBH_handle_nptxfempty_ISR       0x08002c67   Thumb Code   296  usb_hcd_int.o(i.USB_OTG_USBH_handle_nptxfempty_ISR)
    i.USB_OTG_USBH_handle_port_ISR           0x08002d90   Section      272  usb_hcd_int.o(i.USB_OTG_USBH_handle_port_ISR)
    USB_OTG_USBH_handle_port_ISR             0x08002d91   Thumb Code   262  usb_hcd_int.o(i.USB_OTG_USBH_handle_port_ISR)
    i.USB_OTG_USBH_handle_ptxfempty_ISR      0x08002ea0   Section      298  usb_hcd_int.o(i.USB_OTG_USBH_handle_ptxfempty_ISR)
    USB_OTG_USBH_handle_ptxfempty_ISR        0x08002ea1   Thumb Code   298  usb_hcd_int.o(i.USB_OTG_USBH_handle_ptxfempty_ISR)
    i.USB_OTG_USBH_handle_rx_qlvl_ISR        0x08002fca   Section      388  usb_hcd_int.o(i.USB_OTG_USBH_handle_rx_qlvl_ISR)
    USB_OTG_USBH_handle_rx_qlvl_ISR          0x08002fcb   Thumb Code   388  usb_hcd_int.o(i.USB_OTG_USBH_handle_rx_qlvl_ISR)
    i.USB_OTG_USBH_handle_sof_ISR            0x0800314e   Section       28  usb_hcd_int.o(i.USB_OTG_USBH_handle_sof_ISR)
    USB_OTG_USBH_handle_sof_ISR              0x0800314f   Thumb Code    28  usb_hcd_int.o(i.USB_OTG_USBH_handle_sof_ISR)
    i.USB_OTG_WritePacket                    0x0800316a   Section       56  usb_core.o(i.USB_OTG_WritePacket)
    i.USR_KEYBRD_Init                        0x080031a2   Section        2  usbh_usr.o(i.USR_KEYBRD_Init)
    i.USR_KEYBRD_ProcessData                 0x080031a4   Section        2  usbh_usr.o(i.USR_KEYBRD_ProcessData)
    i.USR_MOUSE_Init                         0x080031a8   Section       20  usbh_usr.o(i.USR_MOUSE_Init)
    i.USR_MOUSE_ProcessData                  0x080031bc   Section       96  usbh_usr.o(i.USR_MOUSE_ProcessData)
    i.UsageFault_Handler                     0x0800321c   Section        4  stm32f10x_it.o(i.UsageFault_Handler)
    i.__scatterload_copy                     0x08003220   Section       14  handlers.o(i.__scatterload_copy)
    i.__scatterload_null                     0x0800322e   Section        2  handlers.o(i.__scatterload_null)
    i.__scatterload_zeroinit                 0x08003230   Section       14  handlers.o(i.__scatterload_zeroinit)
    i.main                                   0x08003240   Section       72  main.o(i.main)
    .constdata                               0x08003288   Section      492  usbh_hid_keybd.o(.constdata)
    HID_KEYBRD_Codes                         0x08003288   Data         232  usbh_hid_keybd.o(.constdata)
    HID_KEYBRD_Key                           0x08003370   Data         130  usbh_hid_keybd.o(.constdata)
    HID_KEYBRD_ShiftKey                      0x080033f2   Data         130  usbh_hid_keybd.o(.constdata)
    .data                                    0x20000000   Section       71  usbh_usr.o(.data)
    b_state                                  0x20000044   Data           3  usbh_usr.o(.data)
    .data                                    0x20000048   Section       28  usbh_hid_core.o(.data)
    .data                                    0x20000064   Section       31  usbh_hid_keybd.o(.data)
    shift                                    0x2000006c   Data           1  usbh_hid_keybd.o(.data)
    keys                                     0x2000006d   Data           6  usbh_hid_keybd.o(.data)
    keys_new                                 0x20000073   Data           6  usbh_hid_keybd.o(.data)
    keys_last                                0x20000079   Data           6  usbh_hid_keybd.o(.data)
    key_newest                               0x2000007f   Data           1  usbh_hid_keybd.o(.data)
    nbr_keys                                 0x20000080   Data           1  usbh_hid_keybd.o(.data)
    nbr_keys_new                             0x20000081   Data           1  usbh_hid_keybd.o(.data)
    nbr_keys_last                            0x20000082   Data           1  usbh_hid_keybd.o(.data)
    .data                                    0x20000084   Section       12  usbh_hid_mouse.o(.data)
    .data                                    0x20000090   Section       14  usbh_core.o(.data)
    timeout                                  0x2000009c   Data           2  usbh_core.o(.data)
    .data                                    0x2000009e   Section        8  usbh_stdreq.o(.data)
    .bss                                     0x200000a8   Section      166  usbh_hid_core.o(.bss)
    .bss                                     0x20000150   Section      746  usbh_core.o(.bss)
    .bss                                     0x2000043a   Section       16  usbh_hcs.o(.bss)
    .bss                                     0x2000044a   Section      255  usbh_stdreq.o(.bss)
    STACK                                    0x20000550   Section     1024  startup_stm32f10x_cl.o(STACK)

    Global Symbols

    Symbol Name                              Value     Ov Type        Size  Object(Section)

    BuildAttributes$$THM_ISAv4$P$D$K$B$S$PE$A:L22UL41UL21$X:L11$S22US41US21$IEEE1$IW$USESV6$~STKCKD$USESV7$~SHL$OSPACE$EBA8$MICROLIB$REQ8$PRES8$EABIv2 0x00000000   Number         0  anon$$obj.o ABSOLUTE
    __ARM_use_no_argv                        0x00000000   Number         0  main.o ABSOLUTE
    __decompress                              - Undefined Weak Reference
    __Vectors_Size                           0x00000150   Number         0  startup_stm32f10x_cl.o ABSOLUTE
    __Vectors                                0x08000000   Data           4  startup_stm32f10x_cl.o(RESET)
    __Vectors_End                            0x08000150   Data           0  startup_stm32f10x_cl.o(RESET)
    __main                                   0x08000151   Thumb Code     0  entry.o(.ARM.Collect$$$$00000000)
    _main_stk                                0x08000151   Thumb Code     0  entry2.o(.ARM.Collect$$$$00000001)
    _main_scatterload                        0x08000155   Thumb Code     0  entry5.o(.ARM.Collect$$$$00000004)
    __main_after_scatterload                 0x08000159   Thumb Code     0  entry5.o(.ARM.Collect$$$$00000004)
    _main_init                               0x08000159   Thumb Code     0  entry7.o(.ARM.Collect$$$$00000007)
    Reset_Handler                            0x08000165   Thumb Code     8  startup_stm32f10x_cl.o(.text)
    PendSV_Handler                           0x0800017b   Thumb Code     2  startup_stm32f10x_cl.o(.text)
    SysTick_Handler                          0x0800017d   Thumb Code     2  startup_stm32f10x_cl.o(.text)
    ADC1_2_IRQHandler                        0x0800017f   Thumb Code     0  startup_stm32f10x_cl.o(.text)
    CAN1_RX0_IRQHandler                      0x0800017f   Thumb Code     0  startup_stm32f10x_cl.o(.text)
    CAN1_RX1_IRQHandler                      0x0800017f   Thumb Code     0  startup_stm32f10x_cl.o(.text)
    CAN1_SCE_IRQHandler                      0x0800017f   Thumb Code     0  startup_stm32f10x_cl.o(.text)
    CAN1_TX_IRQHandler                       0x0800017f   Thumb Code     0  startup_stm32f10x_cl.o(.text)
    CAN2_RX0_IRQHandler                      0x0800017f   Thumb Code     0  startup_stm32f10x_cl.o(.text)
    CAN2_RX1_IRQHandler                      0x0800017f   Thumb Code     0  startup_stm32f10x_cl.o(.text)
    CAN2_SCE_IRQHandler                      0x0800017f   Thumb Code     0  startup_stm32f10x_cl.o(.text)
    CAN2_TX_IRQHandler                       0x0800017f   Thumb Code     0  startup_stm32f10x_cl.o(.text)
    DMA1_Channel1_IRQHandler                 0x0800017f   Thumb Code     0  startup_stm32f10x_cl.o(.text)
    DMA1_Channel2_IRQHandler                 0x0800017f   Thumb Code     0  startup_stm32f10x_cl.o(.text)
    DMA1_Channel3_IRQHandler                 0x0800017f   Thumb Code     0  startup_stm32f10x_cl.o(.text)
    DMA1_Channel4_IRQHandler                 0x0800017f   Thumb Code     0  startup_stm32f10x_cl.o(.text)
    DMA1_Channel5_IRQHandler                 0x0800017f   Thumb Code     0  startup_stm32f10x_cl.o(.text)
    DMA1_Channel6_IRQHandler                 0x0800017f   Thumb Code     0  startup_stm32f10x_cl.o(.text)
    DMA1_Channel7_IRQHandler                 0x0800017f   Thumb Code     0  startup_stm32f10x_cl.o(.text)
    DMA2_Channel1_IRQHandler                 0x0800017f   Thumb Code     0  startup_stm32f10x_cl.o(.text)
    DMA2_Channel2_IRQHandler                 0x0800017f   Thumb Code     0  startup_stm32f10x_cl.o(.text)
    DMA2_Channel3_IRQHandler                 0x0800017f   Thumb Code     0  startup_stm32f10x_cl.o(.text)
    DMA2_Channel4_IRQHandler                 0x0800017f   Thumb Code     0  startup_stm32f10x_cl.o(.text)
    DMA2_Channel5_IRQHandler                 0x0800017f   Thumb Code     0  startup_stm32f10x_cl.o(.text)
    ETH_IRQHandler                           0x0800017f   Thumb Code     0  startup_stm32f10x_cl.o(.text)
    ETH_WKUP_IRQHandler                      0x0800017f   Thumb Code     0  startup_stm32f10x_cl.o(.text)
    EXTI0_IRQHandler                         0x0800017f   Thumb Code     0  startup_stm32f10x_cl.o(.text)
    EXTI15_10_IRQHandler                     0x0800017f   Thumb Code     0  startup_stm32f10x_cl.o(.text)
    EXTI1_IRQHandler                         0x0800017f   Thumb Code     0  startup_stm32f10x_cl.o(.text)
    EXTI2_IRQHandler                         0x0800017f   Thumb Code     0  startup_stm32f10x_cl.o(.text)
    EXTI3_IRQHandler                         0x0800017f   Thumb Code     0  startup_stm32f10x_cl.o(.text)
    EXTI4_IRQHandler                         0x0800017f   Thumb Code     0  startup_stm32f10x_cl.o(.text)
    EXTI9_5_IRQHandler                       0x0800017f   Thumb Code     0  startup_stm32f10x_cl.o(.text)
    FLASH_IRQHandler                         0x0800017f   Thumb Code     0  startup_stm32f10x_cl.o(.text)
    I2C1_ER_IRQHandler                       0x0800017f   Thumb Code     0  startup_stm32f10x_cl.o(.text)
    I2C1_EV_IRQHandler                       0x0800017f   Thumb Code     0  startup_stm32f10x_cl.o(.text)
    I2C2_ER_IRQHandler                       0x0800017f   Thumb Code     0  startup_stm32f10x_cl.o(.text)
    I2C2_EV_IRQHandler                       0x0800017f   Thumb Code     0  startup_stm32f10x_cl.o(.text)
    OTG_FS_WKUP_IRQHandler                   0x0800017f   Thumb Code     0  startup_stm32f10x_cl.o(.text)
    PVD_IRQHandler                           0x0800017f   Thumb Code     0  startup_stm32f10x_cl.o(.text)
    RCC_IRQHandler                           0x0800017f   Thumb Code     0  startup_stm32f10x_cl.o(.text)
    RTCAlarm_IRQHandler                      0x0800017f   Thumb Code     0  startup_stm32f10x_cl.o(.text)
    RTC_IRQHandler                           0x0800017f   Thumb Code     0  startup_stm32f10x_cl.o(.text)
    SPI1_IRQHandler                          0x0800017f   Thumb Code     0  startup_stm32f10x_cl.o(.text)
    SPI2_IRQHandler                          0x0800017f   Thumb Code     0  startup_stm32f10x_cl.o(.text)
    SPI3_IRQHandler                          0x0800017f   Thumb Code     0  startup_stm32f10x_cl.o(.text)
    TAMPER_IRQHandler                        0x0800017f   Thumb Code     0  startup_stm32f10x_cl.o(.text)
    TIM1_BRK_IRQHandler                      0x0800017f   Thumb Code     0  startup_stm32f10x_cl.o(.text)
    TIM1_CC_IRQHandler                       0x0800017f   Thumb Code     0  startup_stm32f10x_cl.o(.text)
    TIM1_TRG_COM_IRQHandler                  0x0800017f   Thumb Code     0  startup_stm32f10x_cl.o(.text)
    TIM1_UP_IRQHandler                       0x0800017f   Thumb Code     0  startup_stm32f10x_cl.o(.text)
    TIM2_IRQHandler                          0x0800017f   Thumb Code     0  startup_stm32f10x_cl.o(.text)
    TIM3_IRQHandler                          0x0800017f   Thumb Code     0  startup_stm32f10x_cl.o(.text)
    TIM4_IRQHandler                          0x0800017f   Thumb Code     0  startup_stm32f10x_cl.o(.text)
    TIM5_IRQHandler                          0x0800017f   Thumb Code     0  startup_stm32f10x_cl.o(.text)
    TIM6_IRQHandler                          0x0800017f   Thumb Code     0  startup_stm32f10x_cl.o(.text)
    TIM7_IRQHandler                          0x0800017f   Thumb Code     0  startup_stm32f10x_cl.o(.text)
    UART4_IRQHandler                         0x0800017f   Thumb Code     0  startup_stm32f10x_cl.o(.text)
    UART5_IRQHandler                         0x0800017f   Thumb Code     0  startup_stm32f10x_cl.o(.text)
    USART1_IRQHandler                        0x0800017f   Thumb Code     0  startup_stm32f10x_cl.o(.text)
    USART2_IRQHandler                        0x0800017f   Thumb Code     0  startup_stm32f10x_cl.o(.text)
    USART3_IRQHandler                        0x0800017f   Thumb Code     0  startup_stm32f10x_cl.o(.text)
    WWDG_IRQHandler                          0x0800017f   Thumb Code     0  startup_stm32f10x_cl.o(.text)
    __scatterload                            0x08000189   Thumb Code    28  init.o(.text)
    __scatterload_rt2                        0x08000189   Thumb Code     0  init.o(.text)
    BusFault_Handler                         0x080001ad   Thumb Code     4  stm32f10x_it.o(i.BusFault_Handler)
    DebugMon_Handler                         0x080001b1   Thumb Code     2  stm32f10x_it.o(i.DebugMon_Handler)
    GPIO_Init                                0x080001b3   Thumb Code   268  stm32f10x_gpio.o(i.GPIO_Init)
    GPIO_ResetBits                           0x080002bf   Thumb Code     4  stm32f10x_gpio.o(i.GPIO_ResetBits)
    GPIO_SetBits                             0x080002c3   Thumb Code     4  stm32f10x_gpio.o(i.GPIO_SetBits)
    HCD_GetCurrentFrame                      0x080002c7   Thumb Code    10  usb_hcd.o(i.HCD_GetCurrentFrame)
    HCD_GetCurrentSpeed                      0x080002d1   Thumb Code    18  usb_hcd.o(i.HCD_GetCurrentSpeed)
    HCD_GetURB_State                         0x080002e3   Thumb Code     8  usb_hcd.o(i.HCD_GetURB_State)
    HCD_Init                                 0x080002eb   Thumb Code    58  usb_hcd.o(i.HCD_Init)
    HCD_IsDeviceConnected                    0x08000325   Thumb Code     8  usb_hcd.o(i.HCD_IsDeviceConnected)
    HCD_ResetPort                            0x0800032d   Thumb Code    14  usb_hcd.o(i.HCD_ResetPort)
    HCD_SubmitRequest                        0x0800033b   Thumb Code    32  usb_hcd.o(i.HCD_SubmitRequest)
    HID_MOUSE_ButtonPressed                  0x08000389   Thumb Code    50  usbh_usr.o(i.HID_MOUSE_ButtonPressed)
    HID_MOUSE_ButtonReleased                 0x080003c1   Thumb Code    50  usbh_usr.o(i.HID_MOUSE_ButtonReleased)
    HID_MOUSE_UpdatePosition                 0x080003f9   Thumb Code    50  usbh_usr.o(i.HID_MOUSE_UpdatePosition)
    HardFault_Handler                        0x08000431   Thumb Code     4  stm32f10x_it.o(i.HardFault_Handler)
    LED_Configuration                        0x08000599   Thumb Code    38  led.o(i.LED_Configuration)
    MemManage_Handler                        0x080005ed   Thumb Code     4  stm32f10x_it.o(i.MemManage_Handler)
    NMI_Handler                              0x080005f1   Thumb Code     2  stm32f10x_it.o(i.NMI_Handler)
    NVIC_Init                                0x080005f5   Thumb Code   102  misc.o(i.NVIC_Init)
    NVIC_PriorityGroupConfig                 0x08000669   Thumb Code    10  misc.o(i.NVIC_PriorityGroupConfig)
    OTG_FS_IRQHandler                        0x0800067d   Thumb Code    10  stm32f10x_it.o(i.OTG_FS_IRQHandler)
    RCC_AHBPeriphClockCmd                    0x0800068d   Thumb Code    26  stm32f10x_rcc.o(i.RCC_AHBPeriphClockCmd)
    RCC_APB2PeriphClockCmd                   0x080006ad   Thumb Code    26  stm32f10x_rcc.o(i.RCC_APB2PeriphClockCmd)
    RCC_OTGFSCLKConfig                       0x080006cd   Thumb Code     6  stm32f10x_rcc.o(i.RCC_OTGFSCLKConfig)
    SVC_Handler                              0x080006d9   Thumb Code     2  stm32f10x_it.o(i.SVC_Handler)
    SystemInit                               0x080007e5   Thumb Code    92  system_stm32f10x.o(i.SystemInit)
    USBH_Alloc_Channel                       0x08000851   Thumb Code    36  usbh_hcs.o(i.USBH_Alloc_Channel)
    USBH_ClrFeature                          0x08000879   Thumb Code    78  usbh_stdreq.o(i.USBH_ClrFeature)
    USBH_Connect                             0x080008cd   Thumb Code    18  usbh_core.o(i.USBH_Connect)
    USBH_CtlReceiveData                      0x080008e5   Thumb Code    70  usbh_ioreq.o(i.USBH_CtlReceiveData)
    USBH_CtlReq                              0x0800092d   Thumb Code   130  usbh_ioreq.o(i.USBH_CtlReq)
    USBH_CtlSendData                         0x080009b5   Thumb Code   144  usbh_ioreq.o(i.USBH_CtlSendData)
    USBH_CtlSendSetup                        0x08000a45   Thumb Code    78  usbh_ioreq.o(i.USBH_CtlSendSetup)
    USBH_Disconnect                          0x08000ac5   Thumb Code    18  usbh_core.o(i.USBH_Disconnect)
    USBH_ErrorHandle                         0x08000add   Thumb Code    46  usbh_core.o(i.USBH_ErrorHandle)
    USBH_Free_Channel                        0x08000b11   Thumb Code    26  usbh_hcs.o(i.USBH_Free_Channel)
    USBH_GetDescriptor                       0x08000b31   Thumb Code    78  usbh_stdreq.o(i.USBH_GetDescriptor)
    USBH_Get_CfgDesc                         0x08000b85   Thumb Code    62  usbh_stdreq.o(i.USBH_Get_CfgDesc)
    USBH_Get_DevDesc                         0x08000bc9   Thumb Code    42  usbh_stdreq.o(i.USBH_Get_DevDesc)
    USBH_Get_StringDesc                      0x08000c19   Thumb Code    50  usbh_stdreq.o(i.USBH_Get_StringDesc)
    USBH_Init                                0x08001391   Thumb Code    92  usbh_core.o(i.USBH_Init)
    USBH_InterruptReceiveData                0x080013f9   Thumb Code   120  usbh_ioreq.o(i.USBH_InterruptReceiveData)
    USBH_Modify_Channel                      0x08001471   Thumb Code   100  usbh_hcs.o(i.USBH_Modify_Channel)
    USBH_OTG_ISR_Handler                     0x080014d5   Thumb Code   158  usb_hcd_int.o(i.USBH_OTG_ISR_Handler)
    USBH_Open_Channel                        0x08001575   Thumb Code   136  usbh_hcs.o(i.USBH_Open_Channel)
    USBH_ParseClassDesc                      0x080016a1   Thumb Code    28  usbh_hid_core.o(i.USBH_ParseClassDesc)
    USBH_ParseHIDDesc                        0x08001739   Thumb Code    48  usbh_hid_core.o(i.USBH_ParseHIDDesc)
    USBH_Process                             0x080017c9   Thumb Code   440  usbh_core.o(i.USBH_Process)
    USBH_SetAddress                          0x0800198d   Thumb Code    38  usbh_stdreq.o(i.USBH_SetAddress)
    USBH_SetCfg                              0x080019b9   Thumb Code    38  usbh_stdreq.o(i.USBH_SetCfg)
    USBH_USR_Configuration_DescAvailable     0x08001a71   Thumb Code     2  usbh_usr.o(i.USBH_USR_Configuration_DescAvailable)
    USBH_USR_DeInit                          0x08001a73   Thumb Code     2  usbh_usr.o(i.USBH_USR_DeInit)
    USBH_USR_DeviceAddressAssigned           0x08001a75   Thumb Code     2  usbh_usr.o(i.USBH_USR_DeviceAddressAssigned)
    USBH_USR_DeviceAttached                  0x08001a77   Thumb Code     2  usbh_usr.o(i.USBH_USR_DeviceAttached)
    USBH_USR_DeviceDisconnected              0x08001a79   Thumb Code     2  usbh_usr.o(i.USBH_USR_DeviceDisconnected)
    USBH_USR_DeviceNotSupported              0x08001a7b   Thumb Code     2  usbh_usr.o(i.USBH_USR_DeviceNotSupported)
    USBH_USR_DeviceSpeedDetected             0x08001a7d   Thumb Code     2  usbh_usr.o(i.USBH_USR_DeviceSpeedDetected)
    USBH_USR_Device_DescAvailable            0x08001a7f   Thumb Code     2  usbh_usr.o(i.USBH_USR_Device_DescAvailable)
    USBH_USR_EnumerationDone                 0x08001a81   Thumb Code     2  usbh_usr.o(i.USBH_USR_EnumerationDone)
    USBH_USR_Init                            0x08001a83   Thumb Code     2  usbh_usr.o(i.USBH_USR_Init)
    USBH_USR_Manufacturer_String             0x08001a85   Thumb Code     2  usbh_usr.o(i.USBH_USR_Manufacturer_String)
    USBH_USR_OverCurrentDetected             0x08001a87   Thumb Code     2  usbh_usr.o(i.USBH_USR_OverCurrentDetected)
    USBH_USR_Product_String                  0x08001a89   Thumb Code     2  usbh_usr.o(i.USBH_USR_Product_String)
    USBH_USR_ResetDevice                     0x08001a8b   Thumb Code     2  usbh_usr.o(i.USBH_USR_ResetDevice)
    USBH_USR_SerialNum_String                0x08001a8d   Thumb Code     2  usbh_usr.o(i.USBH_USR_SerialNum_String)
    USBH_USR_UnrecoveredError                0x08001a8f   Thumb Code     2  usbh_usr.o(i.USBH_USR_UnrecoveredError)
    USBH_USR_UserInput                       0x08001a91   Thumb Code     4  usbh_usr.o(i.USBH_USR_UserInput)
    USB_OTG_BSP_ConfigVBUS                   0x08001a95   Thumb Code    46  usb_bsp.o(i.USB_OTG_BSP_ConfigVBUS)
    USB_OTG_BSP_DriveVBUS                    0x08001ac9   Thumb Code    26  usb_bsp.o(i.USB_OTG_BSP_DriveVBUS)
    USB_OTG_BSP_EnableInterrupt              0x08001ae9   Thumb Code    38  usb_bsp.o(i.USB_OTG_BSP_EnableInterrupt)
    USB_OTG_BSP_Init                         0x08001b0f   Thumb Code    26  usb_bsp.o(i.USB_OTG_BSP_Init)
    USB_OTG_BSP_TimeInit                     0x08001b29   Thumb Code     2  usb_bsp.o(i.USB_OTG_BSP_TimeInit)
    USB_OTG_BSP_mDelay                       0x08001b2b   Thumb Code    18  usb_bsp.o(i.USB_OTG_BSP_mDelay)
    USB_OTG_BSP_uDelay                       0x08001b3d   Thumb Code    30  usb_bsp.o(i.USB_OTG_BSP_uDelay)
    USB_OTG_CoreInit                         0x08001b5d   Thumb Code   206  usb_core.o(i.USB_OTG_CoreInit)
    USB_OTG_CoreInitHost                     0x08001c3d   Thumb Code   372  usb_core.o(i.USB_OTG_CoreInitHost)
    USB_OTG_DisableGlobalInt                 0x08001e21   Thumb Code    34  usb_core.o(i.USB_OTG_DisableGlobalInt)
    USB_OTG_DriveVbus                        0x08001e43   Thumb Code    88  usb_core.o(i.USB_OTG_DriveVbus)
    USB_OTG_EnableGlobalInt                  0x08001ecb   Thumb Code    34  usb_core.o(i.USB_OTG_EnableGlobalInt)
    USB_OTG_EnableHostInt                    0x08001eed   Thumb Code   106  usb_core.o(i.USB_OTG_EnableHostInt)
    USB_OTG_FlushRxFifo                      0x08001f59   Thumb Code    70  usb_core.o(i.USB_OTG_FlushRxFifo)
    USB_OTG_FlushTxFifo                      0x08001fa5   Thumb Code    80  usb_core.o(i.USB_OTG_FlushTxFifo)
    USB_OTG_HC_Halt                          0x08001ff9   Thumb Code   126  usb_core.o(i.USB_OTG_HC_Halt)
    USB_OTG_HC_Init                          0x08002077   Thumb Code   514  usb_core.o(i.USB_OTG_HC_Init)
    USB_OTG_HC_StartXfer                     0x08002279   Thumb Code   520  usb_core.o(i.USB_OTG_HC_StartXfer)
    USB_OTG_InitFSLSPClkSel                  0x08002481   Thumb Code    24  usb_core.o(i.USB_OTG_InitFSLSPClkSel)
    USB_OTG_IsEvenFrame                      0x08002499   Thumb Code    16  usb_core.o(i.USB_OTG_IsEvenFrame)
    USB_OTG_ReadCoreItr                      0x080024a9   Thumb Code    16  usb_core.o(i.USB_OTG_ReadCoreItr)
    USB_OTG_ReadHPRT0                        0x080024b9   Thumb Code    46  usb_core.o(i.USB_OTG_ReadHPRT0)
    USB_OTG_ReadHostAllChannels_intr         0x080024e7   Thumb Code     8  usb_core.o(i.USB_OTG_ReadHostAllChannels_intr)
    USB_OTG_ReadPacket                       0x080024ef   Thumb Code    38  usb_core.o(i.USB_OTG_ReadPacket)
    USB_OTG_ResetPort                        0x08002515   Thumb Code    60  usb_core.o(i.USB_OTG_ResetPort)
    USB_OTG_SetHostMode                      0x08002551   Thumb Code    48  usb_core.o(i.USB_OTG_SetHostMode)
    USB_OTG_StopHostMode                     0x08002581   Thumb Code    66  usb_core.o(i.USB_OTG_StopHostMode)
    USB_OTG_WritePacket                      0x0800316b   Thumb Code    56  usb_core.o(i.USB_OTG_WritePacket)
    USR_KEYBRD_Init                          0x080031a3   Thumb Code     2  usbh_usr.o(i.USR_KEYBRD_Init)
    USR_KEYBRD_ProcessData                   0x080031a5   Thumb Code     2  usbh_usr.o(i.USR_KEYBRD_ProcessData)
    USR_MOUSE_Init                           0x080031a9   Thumb Code    12  usbh_usr.o(i.USR_MOUSE_Init)
    USR_MOUSE_ProcessData                    0x080031bd   Thumb Code    90  usbh_usr.o(i.USR_MOUSE_ProcessData)
    UsageFault_Handler                       0x0800321d   Thumb Code     4  stm32f10x_it.o(i.UsageFault_Handler)
    __scatterload_copy                       0x08003221   Thumb Code    14  handlers.o(i.__scatterload_copy)
    __scatterload_null                       0x0800322f   Thumb Code     2  handlers.o(i.__scatterload_null)
    __scatterload_zeroinit                   0x08003231   Thumb Code    14  handlers.o(i.__scatterload_zeroinit)
    main                                     0x08003241   Thumb Code    56  main.o(i.main)
    Region$$Table$$Base                      0x08003474   Number         0  anon$$obj.o(Region$$Table)
    Region$$Table$$Limit                     0x08003494   Number         0  anon$$obj.o(Region$$Table)
    x_loc                                    0x20000000   Data           2  usbh_usr.o(.data)
    y_loc                                    0x20000002   Data           2  usbh_usr.o(.data)
    USR_Callbacks                            0x20000004   Data          64  usbh_usr.o(.data)
    flag                                     0x20000048   Data           1  usbh_hid_core.o(.data)
    HID_cb                                   0x2000004c   Data          16  usbh_hid_core.o(.data)
    HID_Setup                                0x2000005c   Data           8  usbh_hid_core.o(.data)
    HID_KEYBRD_cb                            0x20000064   Data           8  usbh_hid_keybd.o(.data)
    HID_MOUSE_cb                             0x20000084   Data           8  usbh_hid_mouse.o(.data)
    HID_MOUSE_Data                           0x2000008c   Data           4  usbh_hid_mouse.o(.data)
    USBH_DeviceConnStatus_cb                 0x20000090   Data          12  usbh_core.o(.data)
    setup                                    0x2000009e   Data           8  usbh_stdreq.o(.data)
    HID_Machine                              0x200000a8   Data          84  usbh_hid_core.o(.bss)
    HID_Report                               0x200000fc   Data          72  usbh_hid_core.o(.bss)
    HID_Desc                                 0x20000144   Data          10  usbh_hid_core.o(.bss)
    USB_OTG_FS_dev                           0x20000150   Data         640  usbh_core.o(.bss)
    USBH_Machine                             0x200003d0   Data          40  usbh_core.o(.bss)
    USBH_Device                              0x200003f8   Data          66  usbh_core.o(.bss)
    USBH_Channels                            0x2000043a   Data          16  usbh_hcs.o(.bss)
    Rx_Buffer                                0x2000044a   Data         255  usbh_stdreq.o(.bss)
    __initial_sp                             0x20000950   Data           0  startup_stm32f10x_cl.o(STACK)



==============================================================================

Memory Map of the image

  Image Entry point : 0x08000151

  Load Region LR_IROM1 (Base: 0x08000000, Size: 0x0000353c, Max: 0x00040000, ABSOLUTE)

    Execution Region ER_IROM1 (Base: 0x08000000, Size: 0x00003494, Max: 0x00040000, ABSOLUTE)

    Base Addr    Size         Type   Attr      Idx    E Section Name        Object

    0x08000000   0x00000150   Data   RO         4153    RESET               startup_stm32f10x_cl.o
    0x08000150   0x00000000   Code   RO         4158  * .ARM.Collect$$$$00000000  entry.o(mc_w.l)
    0x08000150   0x00000004   Code   RO         4161    .ARM.Collect$$$$00000001  entry2.o(mc_w.l)
    0x08000154   0x00000004   Code   RO         4164    .ARM.Collect$$$$00000004  entry5.o(mc_w.l)
    0x08000158   0x00000008   Code   RO         4165    .ARM.Collect$$$$00000007  entry7.o(mc_w.l)
    0x08000160   0x00000004   Code   RO         4162    .ARM.Collect$$$$00002712  entry2.o(mc_w.l)
    0x08000164   0x00000024   Code   RO         4154    .text               startup_stm32f10x_cl.o
    0x08000188   0x00000024   Code   RO         4166    .text               init.o(mc_w.l)
    0x080001ac   0x00000004   Code   RO          353    i.BusFault_Handler  stm32f10x_it.o
    0x080001b0   0x00000002   Code   RO          354    i.DebugMon_Handler  stm32f10x_it.o
    0x080001b2   0x0000010c   Code   RO         1295    i.GPIO_Init         stm32f10x_gpio.o
    0x080002be   0x00000004   Code   RO         1302    i.GPIO_ResetBits    stm32f10x_gpio.o
    0x080002c2   0x00000004   Code   RO         1303    i.GPIO_SetBits      stm32f10x_gpio.o
    0x080002c6   0x0000000a   Code   RO          948    i.HCD_GetCurrentFrame  usb_hcd.o
    0x080002d0   0x00000012   Code   RO          949    i.HCD_GetCurrentSpeed  usb_hcd.o
    0x080002e2   0x00000008   Code   RO          951    i.HCD_GetURB_State  usb_hcd.o
    0x080002ea   0x0000003a   Code   RO          954    i.HCD_Init          usb_hcd.o
    0x08000324   0x00000008   Code   RO          955    i.HCD_IsDeviceConnected  usb_hcd.o
    0x0800032c   0x0000000e   Code   RO          956    i.HCD_ResetPort     usb_hcd.o
    0x0800033a   0x00000020   Code   RO          957    i.HCD_SubmitRequest  usb_hcd.o
    0x0800035a   0x00000002   PAD
    0x0800035c   0x0000002c   Code   RO          617    i.HC_GetFreeChannel  usbh_hcs.o
    0x08000388   0x00000038   Code   RO          191    i.HID_MOUSE_ButtonPressed  usbh_usr.o
    0x080003c0   0x00000038   Code   RO          192    i.HID_MOUSE_ButtonReleased  usbh_usr.o
    0x080003f8   0x00000038   Code   RO          193    i.HID_MOUSE_UpdatePosition  usbh_usr.o
    0x08000430   0x00000004   Code   RO          355    i.HardFault_Handler  stm32f10x_it.o
    0x08000434   0x0000015c   Code   RO          510    i.KEYBRD_Decode     usbh_hid_keybd.o
    0x08000590   0x00000008   Code   RO          511    i.KEYBRD_Init       usbh_hid_keybd.o
    0x08000598   0x0000002c   Code   RO          408    i.LED_Configuration  led.o
    0x080005c4   0x00000020   Code   RO          533    i.MOUSE_Decode      usbh_hid_mouse.o
    0x080005e4   0x00000008   Code   RO          534    i.MOUSE_Init        usbh_hid_mouse.o
    0x080005ec   0x00000004   Code   RO          356    i.MemManage_Handler  stm32f10x_it.o
    0x080005f0   0x00000002   Code   RO          357    i.NMI_Handler       stm32f10x_it.o
    0x080005f2   0x00000002   PAD
    0x080005f4   0x00000074   Code   RO         1076    i.NVIC_Init         misc.o
    0x08000668   0x00000014   Code   RO         1077    i.NVIC_PriorityGroupConfig  misc.o
    0x0800067c   0x00000010   Code   RO          358    i.OTG_FS_IRQHandler  stm32f10x_it.o
    0x0800068c   0x00000020   Code   RO         1404    i.RCC_AHBPeriphClockCmd  stm32f10x_rcc.o
    0x080006ac   0x00000020   Code   RO         1408    i.RCC_APB2PeriphClockCmd  stm32f10x_rcc.o
    0x080006cc   0x0000000c   Code   RO         1429    i.RCC_OTGFSCLKConfig  stm32f10x_rcc.o
    0x080006d8   0x00000002   Code   RO          359    i.SVC_Handler       stm32f10x_it.o
    0x080006da   0x00000008   Code   RO         4117    i.SetSysClock       system_stm32f10x.o
    0x080006e2   0x00000002   PAD
    0x080006e4   0x00000100   Code   RO         4118    i.SetSysClockTo72   system_stm32f10x.o
    0x080007e4   0x0000006c   Code   RO         4120    i.SystemInit        system_stm32f10x.o
    0x08000850   0x00000028   Code   RO          618    i.USBH_Alloc_Channel  usbh_hcs.o
    0x08000878   0x00000054   Code   RO          714    i.USBH_ClrFeature   usbh_stdreq.o
    0x080008cc   0x00000018   Code   RO          555    i.USBH_Connect      usbh_core.o
    0x080008e4   0x00000046   Code   RO          657    i.USBH_CtlReceiveData  usbh_ioreq.o
    0x0800092a   0x00000002   PAD
    0x0800092c   0x00000088   Code   RO          658    i.USBH_CtlReq       usbh_ioreq.o
    0x080009b4   0x00000090   Code   RO          659    i.USBH_CtlSendData  usbh_ioreq.o
    0x08000a44   0x0000004e   Code   RO          660    i.USBH_CtlSendSetup  usbh_ioreq.o
    0x08000a92   0x00000002   PAD
    0x08000a94   0x00000030   Code   RO          556    i.USBH_DeInit       usbh_core.o
    0x08000ac4   0x00000018   Code   RO          557    i.USBH_Disconnect   usbh_core.o
    0x08000adc   0x00000034   Code   RO          558    i.USBH_ErrorHandle  usbh_core.o
    0x08000b10   0x00000020   Code   RO          619    i.USBH_Free_Channel  usbh_hcs.o
    0x08000b30   0x00000054   Code   RO          715    i.USBH_GetDescriptor  usbh_stdreq.o
    0x08000b84   0x00000044   Code   RO          716    i.USBH_Get_CfgDesc  usbh_stdreq.o
    0x08000bc8   0x00000030   Code   RO          717    i.USBH_Get_DevDesc  usbh_stdreq.o
    0x08000bf8   0x00000020   Code   RO          436    i.USBH_Get_HID_ReportDescriptor  usbh_hid_core.o
    0x08000c18   0x00000038   Code   RO          718    i.USBH_Get_StringDesc  usbh_stdreq.o
    0x08000c50   0x00000080   Code   RO          437    i.USBH_HID_ClassRequest  usbh_hid_core.o
    0x08000cd0   0x000000dc   Code   RO          438    i.USBH_HID_Handle   usbh_hid_core.o
    0x08000dac   0x0000005c   Code   RO          439    i.USBH_HID_InterfaceDeInit  usbh_hid_core.o
    0x08000e08   0x00000134   Code   RO          440    i.USBH_HID_InterfaceInit  usbh_hid_core.o
    0x08000f3c   0x00000230   Code   RO          559    i.USBH_HandleControl  usbh_core.o
    0x0800116c   0x00000224   Code   RO          560    i.USBH_HandleEnum   usbh_core.o
    0x08001390   0x00000068   Code   RO          561    i.USBH_Init         usbh_core.o
    0x080013f8   0x00000078   Code   RO          661    i.USBH_InterruptReceiveData  usbh_ioreq.o
    0x08001470   0x00000064   Code   RO          620    i.USBH_Modify_Channel  usbh_hcs.o
    0x080014d4   0x0000009e   Code   RO         1014    i.USBH_OTG_ISR_Handler  usb_hcd_int.o
    0x08001572   0x00000002   PAD
    0x08001574   0x0000008c   Code   RO          621    i.USBH_Open_Channel  usbh_hcs.o
    0x08001600   0x0000009e   Code   RO          719    i.USBH_ParseCfgDesc  usbh_stdreq.o
    0x0800169e   0x00000002   PAD
    0x080016a0   0x00000020   Code   RO          441    i.USBH_ParseClassDesc  usbh_hid_core.o
    0x080016c0   0x00000058   Code   RO          720    i.USBH_ParseDevDesc  usbh_stdreq.o
    0x08001718   0x00000020   Code   RO          721    i.USBH_ParseEPDesc  usbh_stdreq.o
    0x08001738   0x00000034   Code   RO          442    i.USBH_ParseHIDDesc  usbh_hid_core.o
    0x0800176c   0x00000026   Code   RO          722    i.USBH_ParseInterfaceDesc  usbh_stdreq.o
    0x08001792   0x00000034   Code   RO          723    i.USBH_ParseStringDesc  usbh_stdreq.o
    0x080017c6   0x00000002   PAD
    0x080017c8   0x000001c4   Code   RO          562    i.USBH_Process      usbh_core.o
    0x0800198c   0x0000002c   Code   RO          724    i.USBH_SetAddress   usbh_stdreq.o
    0x080019b8   0x0000002c   Code   RO          725    i.USBH_SetCfg       usbh_stdreq.o
    0x080019e4   0x00000030   Code   RO          443    i.USBH_Set_Idle     usbh_hid_core.o
    0x08001a14   0x00000038   Code   RO          444    i.USBH_Set_Protocol  usbh_hid_core.o
    0x08001a4c   0x00000024   Code   RO          663    i.USBH_SubmitSetupRequest  usbh_ioreq.o
    0x08001a70   0x00000002   Code   RO          194    i.USBH_USR_Configuration_DescAvailable  usbh_usr.o
    0x08001a72   0x00000002   Code   RO          195    i.USBH_USR_DeInit   usbh_usr.o
    0x08001a74   0x00000002   Code   RO          196    i.USBH_USR_DeviceAddressAssigned  usbh_usr.o
    0x08001a76   0x00000002   Code   RO          197    i.USBH_USR_DeviceAttached  usbh_usr.o
    0x08001a78   0x00000002   Code   RO          198    i.USBH_USR_DeviceDisconnected  usbh_usr.o
    0x08001a7a   0x00000002   Code   RO          199    i.USBH_USR_DeviceNotSupported  usbh_usr.o
    0x08001a7c   0x00000002   Code   RO          200    i.USBH_USR_DeviceSpeedDetected  usbh_usr.o
    0x08001a7e   0x00000002   Code   RO          201    i.USBH_USR_Device_DescAvailable  usbh_usr.o
    0x08001a80   0x00000002   Code   RO          203    i.USBH_USR_EnumerationDone  usbh_usr.o
    0x08001a82   0x00000002   Code   RO          204    i.USBH_USR_Init     usbh_usr.o
    0x08001a84   0x00000002   Code   RO          205    i.USBH_USR_Manufacturer_String  usbh_usr.o
    0x08001a86   0x00000002   Code   RO          206    i.USBH_USR_OverCurrentDetected  usbh_usr.o
    0x08001a88   0x00000002   Code   RO          207    i.USBH_USR_Product_String  usbh_usr.o
    0x08001a8a   0x00000002   Code   RO          208    i.USBH_USR_ResetDevice  usbh_usr.o
    0x08001a8c   0x00000002   Code   RO          209    i.USBH_USR_SerialNum_String  usbh_usr.o
    0x08001a8e   0x00000002   Code   RO          210    i.USBH_USR_UnrecoveredError  usbh_usr.o
    0x08001a90   0x00000004   Code   RO          211    i.USBH_USR_UserInput  usbh_usr.o
    0x08001a94   0x00000034   Code   RO          138    i.USB_OTG_BSP_ConfigVBUS  usb_bsp.o
    0x08001ac8   0x00000020   Code   RO          139    i.USB_OTG_BSP_DriveVBUS  usb_bsp.o
    0x08001ae8   0x00000026   Code   RO          140    i.USB_OTG_BSP_EnableInterrupt  usb_bsp.o
    0x08001b0e   0x0000001a   Code   RO          141    i.USB_OTG_BSP_Init  usb_bsp.o
    0x08001b28   0x00000002   Code   RO          142    i.USB_OTG_BSP_TimeInit  usb_bsp.o
    0x08001b2a   0x00000012   Code   RO          143    i.USB_OTG_BSP_mDelay  usb_bsp.o
    0x08001b3c   0x0000001e   Code   RO          144    i.USB_OTG_BSP_uDelay  usb_bsp.o
    0x08001b5a   0x00000002   PAD
    0x08001b5c   0x000000e0   Code   RO          794    i.USB_OTG_CoreInit  usb_core.o
    0x08001c3c   0x00000174   Code   RO          795    i.USB_OTG_CoreInitHost  usb_core.o
    0x08001db0   0x00000070   Code   RO          796    i.USB_OTG_CoreReset  usb_core.o
    0x08001e20   0x00000022   Code   RO          797    i.USB_OTG_DisableGlobalInt  usb_core.o
    0x08001e42   0x00000058   Code   RO          798    i.USB_OTG_DriveVbus  usb_core.o
    0x08001e9a   0x00000030   Code   RO          799    i.USB_OTG_EnableCommonInt  usb_core.o
    0x08001eca   0x00000022   Code   RO          800    i.USB_OTG_EnableGlobalInt  usb_core.o
    0x08001eec   0x0000006a   Code   RO          801    i.USB_OTG_EnableHostInt  usb_core.o
    0x08001f56   0x00000002   PAD
    0x08001f58   0x0000004c   Code   RO          802    i.USB_OTG_FlushRxFifo  usb_core.o
    0x08001fa4   0x00000054   Code   RO          803    i.USB_OTG_FlushTxFifo  usb_core.o
    0x08001ff8   0x0000007e   Code   RO          804    i.USB_OTG_HC_Halt   usb_core.o
    0x08002076   0x00000202   Code   RO          805    i.USB_OTG_HC_Init   usb_core.o
    0x08002278   0x00000208   Code   RO          806    i.USB_OTG_HC_StartXfer  usb_core.o
    0x08002480   0x00000018   Code   RO          807    i.USB_OTG_InitFSLSPClkSel  usb_core.o
    0x08002498   0x00000010   Code   RO          808    i.USB_OTG_IsEvenFrame  usb_core.o
    0x080024a8   0x00000010   Code   RO          809    i.USB_OTG_ReadCoreItr  usb_core.o
    0x080024b8   0x0000002e   Code   RO          810    i.USB_OTG_ReadHPRT0  usb_core.o
    0x080024e6   0x00000008   Code   RO          811    i.USB_OTG_ReadHostAllChannels_intr  usb_core.o
    0x080024ee   0x00000026   Code   RO          813    i.USB_OTG_ReadPacket  usb_core.o
    0x08002514   0x0000003c   Code   RO          814    i.USB_OTG_ResetPort  usb_core.o
    0x08002550   0x00000030   Code   RO          816    i.USB_OTG_SetHostMode  usb_core.o
    0x08002580   0x00000042   Code   RO          817    i.USB_OTG_StopHostMode  usb_core.o
    0x080025c2   0x00000002   PAD
    0x080025c4   0x0000003c   Code   RO         1015    i.USB_OTG_USBH_handle_Disconnect_ISR  usb_hcd_int.o
    0x08002600   0x00000042   Code   RO         1016    i.USB_OTG_USBH_handle_IncompletePeriodicXfer_ISR  usb_hcd_int.o
    0x08002642   0x00000056   Code   RO         1017    i.USB_OTG_USBH_handle_hc_ISR  usb_hcd_int.o
    0x08002698   0x00000392   Code   RO         1018    i.USB_OTG_USBH_handle_hc_n_In_ISR  usb_hcd_int.o
    0x08002a2a   0x0000023c   Code   RO         1019    i.USB_OTG_USBH_handle_hc_n_Out_ISR  usb_hcd_int.o
    0x08002c66   0x00000128   Code   RO         1020    i.USB_OTG_USBH_handle_nptxfempty_ISR  usb_hcd_int.o
    0x08002d8e   0x00000002   PAD
    0x08002d90   0x00000110   Code   RO         1021    i.USB_OTG_USBH_handle_port_ISR  usb_hcd_int.o
    0x08002ea0   0x0000012a   Code   RO         1022    i.USB_OTG_USBH_handle_ptxfempty_ISR  usb_hcd_int.o
    0x08002fca   0x00000184   Code   RO         1023    i.USB_OTG_USBH_handle_rx_qlvl_ISR  usb_hcd_int.o
    0x0800314e   0x0000001c   Code   RO         1024    i.USB_OTG_USBH_handle_sof_ISR  usb_hcd_int.o
    0x0800316a   0x00000038   Code   RO          818    i.USB_OTG_WritePacket  usb_core.o
    0x080031a2   0x00000002   Code   RO          212    i.USR_KEYBRD_Init   usbh_usr.o
    0x080031a4   0x00000002   Code   RO          213    i.USR_KEYBRD_ProcessData  usbh_usr.o
    0x080031a6   0x00000002   PAD
    0x080031a8   0x00000014   Code   RO          214    i.USR_MOUSE_Init    usbh_usr.o
    0x080031bc   0x00000060   Code   RO          215    i.USR_MOUSE_ProcessData  usbh_usr.o
    0x0800321c   0x00000004   Code   RO          360    i.UsageFault_Handler  stm32f10x_it.o
    0x08003220   0x0000000e   Code   RO         4170    i.__scatterload_copy  handlers.o(mc_w.l)
    0x0800322e   0x00000002   Code   RO         4171    i.__scatterload_null  handlers.o(mc_w.l)
    0x08003230   0x0000000e   Code   RO         4172    i.__scatterload_zeroinit  handlers.o(mc_w.l)
    0x0800323e   0x00000002   PAD
    0x08003240   0x00000048   Code   RO            1    i.main              main.o
    0x08003288   0x000001ec   Data   RO          512    .constdata          usbh_hid_keybd.o
    0x08003474   0x00000020   Data   RO         4168    Region$$Table       anon$$obj.o


    Execution Region RW_IRAM1 (Base: 0x20000000, Size: 0x00000950, Max: 0x00010000, ABSOLUTE)

    Base Addr    Size         Type   Attr      Idx    E Section Name        Object

    0x20000000   0x00000047   Data   RW          216    .data               usbh_usr.o
    0x20000047   0x00000001   PAD
    0x20000048   0x0000001c   Data   RW          447    .data               usbh_hid_core.o
    0x20000064   0x0000001f   Data   RW          513    .data               usbh_hid_keybd.o
    0x20000083   0x00000001   PAD
    0x20000084   0x0000000c   Data   RW          535    .data               usbh_hid_mouse.o
    0x20000090   0x0000000e   Data   RW          564    .data               usbh_core.o
    0x2000009e   0x00000008   Data   RW          727    .data               usbh_stdreq.o
    0x200000a6   0x00000002   PAD
    0x200000a8   0x000000a6   Zero   RW          446    .bss                usbh_hid_core.o
    0x2000014e   0x00000002   PAD
    0x20000150   0x000002ea   Zero   RW          563    .bss                usbh_core.o
    0x2000043a   0x00000010   Zero   RW          622    .bss                usbh_hcs.o
    0x2000044a   0x000000ff   Zero   RW          726    .bss                usbh_stdreq.o
    0x20000549   0x00000007   PAD
    0x20000550   0x00000400   Zero   RW         4151    STACK               startup_stm32f10x_cl.o


==============================================================================

Image component sizes


      Code (inc. data)   RO Data    RW Data    ZI Data      Debug   Object Name

         0          0          0          0          0         20   core_cm3.o
        44          6          0          0          0        464   led.o
        72         16          0          0          0     253601   main.o
       136         24          0          0          0       1619   misc.o
        36          8        336          0       1024        588   startup_stm32f10x_cl.o
       276          0          0          0          0       3120   stm32f10x_gpio.o
        38          6          0          0          0       3311   stm32f10x_it.o
        76         18          0          0          0       1726   stm32f10x_rcc.o
       372         32          0          0          0       1869   system_stm32f10x.o
       198         12          0          0          0       3907   usb_bsp.o
      2716         34          0          0          0      16187   usb_core.o
       148          0          0          0          0       4394   usb_hcd.o
      3138         20          0          0          0       9731   usb_hcd_int.o
      1812        118          0         14        746       9666   usbh_core.o
       356         20          0          0         16       4179   usbh_hcs.o
       968         82          0         28        166       8662   usbh_hid_core.o
       356         14        492         31          0       2368   usbh_hid_keybd.o
        40          6          0         12          0       2202   usbh_hid_mouse.o
       584         10          0          0          0       4907   usbh_ioreq.o
       796         42          0          8        255       9337   usbh_stdreq.o
       324         32          0         71          0      12494   usbh_usr.o

    ----------------------------------------------------------------------
     12512        500        860        168       2216     354352   Object Totals
         0          0         32          0          0          0   (incl. Generated)
        26          0          0          4          9          0   (incl. Padding)

    ----------------------------------------------------------------------

      Code (inc. data)   RO Data    RW Data    ZI Data      Debug   Library Member Name

         0          0          0          0          0          0   entry.o
         8          4          0          0          0          0   entry2.o
         4          0          0          0          0          0   entry5.o
         8          4          0          0          0          0   entry7.o
        30          0          0          0          0          0   handlers.o
        36          8          0          0          0         68   init.o

    ----------------------------------------------------------------------
        88         16          0          0          0         68   Library Totals
         2          0          0          0          0          0   (incl. Padding)

    ----------------------------------------------------------------------

      Code (inc. data)   RO Data    RW Data    ZI Data      Debug   Library Name

        86         16          0          0          0         68   mc_w.l

    ----------------------------------------------------------------------
        88         16          0          0          0         68   Library Totals

    ----------------------------------------------------------------------

==============================================================================


      Code (inc. data)   RO Data    RW Data    ZI Data      Debug   

     12600        516        860        168       2216     347820   Grand Totals
     12600        516        860        168       2216     347820   ELF Image Totals
     12600        516        860        168          0          0   ROM Totals

==============================================================================

    Total RO  Size (Code + RO Data)                13460 (  13.14kB)
    Total RW  Size (RW Data + ZI Data)              2384 (   2.33kB)
    Total ROM Size (Code + RO Data + RW Data)      13628 (  13.31kB)

==============================================================================

